Component: ARM Compiler 5.06 update 1 (build 61) Tool: armlink [4d35a8]

==============================================================================

Section Cross References

    startup_stm32f10x_md.o(RESET) refers to startup_stm32f10x_md.o(STACK) for __initial_sp
    startup_stm32f10x_md.o(RESET) refers to startup_stm32f10x_md.o(.text) for Reset_Handler
    startup_stm32f10x_md.o(RESET) refers to stm32f10x_it.o(i.NMI_Handler) for NMI_Handler
    startup_stm32f10x_md.o(RESET) refers to stm32f10x_it.o(i.HardFault_Handler) for HardFault_Handler
    startup_stm32f10x_md.o(RESET) refers to stm32f10x_it.o(i.MemManage_Handler) for MemManage_Handler
    startup_stm32f10x_md.o(RESET) refers to stm32f10x_it.o(i.BusFault_Handler) for BusFault_Handler
    startup_stm32f10x_md.o(RESET) refers to stm32f10x_it.o(i.UsageFault_Handler) for UsageFault_Handler
    startup_stm32f10x_md.o(RESET) refers to stm32f10x_it.o(i.SVC_Handler) for SVC_Handler
    startup_stm32f10x_md.o(RESET) refers to stm32f10x_it.o(i.DebugMon_Handler) for DebugMon_Handler
    startup_stm32f10x_md.o(RESET) refers to stm32f10x_it.o(i.PendSV_Handler) for PendSV_Handler
    startup_stm32f10x_md.o(RESET) refers to stm32f10x_it.o(i.SysTick_Handler) for SysTick_Handler
    startup_stm32f10x_md.o(RESET) refers to bsp_tim.o(i.TIM2_IRQHandler) for TIM2_IRQHandler
    startup_stm32f10x_md.o(RESET) refers to serial.o(i.USART1_IRQHandler) for USART1_IRQHandler
    startup_stm32f10x_md.o(.text) refers to system_stm32f10x.o(i.SystemInit) for SystemInit
    startup_stm32f10x_md.o(.text) refers to entry.o(.ARM.Collect$$$$00000000) for __main
    system_stm32f10x.o(i.SetSysClock) refers to system_stm32f10x.o(i.SetSysClockTo72) for SetSysClockTo72
    system_stm32f10x.o(i.SystemCoreClockUpdate) refers to system_stm32f10x.o(.data) for SystemCoreClock
    system_stm32f10x.o(i.SystemInit) refers to system_stm32f10x.o(i.SetSysClock) for SetSysClock
    stm32f10x_adc.o(i.ADC_DeInit) refers to stm32f10x_rcc.o(i.RCC_APB2PeriphResetCmd) for RCC_APB2PeriphResetCmd
    stm32f10x_bkp.o(i.BKP_DeInit) refers to stm32f10x_rcc.o(i.RCC_BackupResetCmd) for RCC_BackupResetCmd
    stm32f10x_can.o(i.CAN_DeInit) refers to stm32f10x_rcc.o(i.RCC_APB1PeriphResetCmd) for RCC_APB1PeriphResetCmd
    stm32f10x_can.o(i.CAN_GetITStatus) refers to stm32f10x_can.o(i.CheckITStatus) for CheckITStatus
    stm32f10x_cec.o(i.CEC_DeInit) refers to stm32f10x_rcc.o(i.RCC_APB1PeriphResetCmd) for RCC_APB1PeriphResetCmd
    stm32f10x_dac.o(i.DAC_DeInit) refers to stm32f10x_rcc.o(i.RCC_APB1PeriphResetCmd) for RCC_APB1PeriphResetCmd
    stm32f10x_flash.o(i.FLASH_EnableWriteProtection) refers to stm32f10x_flash.o(i.FLASH_WaitForLastOperation) for FLASH_WaitForLastOperation
    stm32f10x_flash.o(i.FLASH_EraseAllBank1Pages) refers to stm32f10x_flash.o(i.FLASH_WaitForLastBank1Operation) for FLASH_WaitForLastBank1Operation
    stm32f10x_flash.o(i.FLASH_EraseAllPages) refers to stm32f10x_flash.o(i.FLASH_WaitForLastOperation) for FLASH_WaitForLastOperation
    stm32f10x_flash.o(i.FLASH_EraseOptionBytes) refers to stm32f10x_flash.o(i.FLASH_GetReadOutProtectionStatus) for FLASH_GetReadOutProtectionStatus
    stm32f10x_flash.o(i.FLASH_EraseOptionBytes) refers to stm32f10x_flash.o(i.FLASH_WaitForLastOperation) for FLASH_WaitForLastOperation
    stm32f10x_flash.o(i.FLASH_ErasePage) refers to stm32f10x_flash.o(i.FLASH_WaitForLastOperation) for FLASH_WaitForLastOperation
    stm32f10x_flash.o(i.FLASH_ProgramHalfWord) refers to stm32f10x_flash.o(i.FLASH_WaitForLastOperation) for FLASH_WaitForLastOperation
    stm32f10x_flash.o(i.FLASH_ProgramOptionByteData) refers to stm32f10x_flash.o(i.FLASH_WaitForLastOperation) for FLASH_WaitForLastOperation
    stm32f10x_flash.o(i.FLASH_ProgramWord) refers to stm32f10x_flash.o(i.FLASH_WaitForLastOperation) for FLASH_WaitForLastOperation
    stm32f10x_flash.o(i.FLASH_ReadOutProtection) refers to stm32f10x_flash.o(i.FLASH_WaitForLastOperation) for FLASH_WaitForLastOperation
    stm32f10x_flash.o(i.FLASH_UserOptionByteConfig) refers to stm32f10x_flash.o(i.FLASH_WaitForLastOperation) for FLASH_WaitForLastOperation
    stm32f10x_flash.o(i.FLASH_WaitForLastBank1Operation) refers to stm32f10x_flash.o(i.FLASH_GetBank1Status) for FLASH_GetBank1Status
    stm32f10x_flash.o(i.FLASH_WaitForLastOperation) refers to stm32f10x_flash.o(i.FLASH_GetBank1Status) for FLASH_GetBank1Status
    stm32f10x_gpio.o(i.GPIO_AFIODeInit) refers to stm32f10x_rcc.o(i.RCC_APB2PeriphResetCmd) for RCC_APB2PeriphResetCmd
    stm32f10x_gpio.o(i.GPIO_DeInit) refers to stm32f10x_rcc.o(i.RCC_APB2PeriphResetCmd) for RCC_APB2PeriphResetCmd
    stm32f10x_i2c.o(i.I2C_DeInit) refers to stm32f10x_rcc.o(i.RCC_APB1PeriphResetCmd) for RCC_APB1PeriphResetCmd
    stm32f10x_i2c.o(i.I2C_Init) refers to stm32f10x_rcc.o(i.RCC_GetClocksFreq) for RCC_GetClocksFreq
    stm32f10x_pwr.o(i.PWR_DeInit) refers to stm32f10x_rcc.o(i.RCC_APB1PeriphResetCmd) for RCC_APB1PeriphResetCmd
[...]
    Removing stm32f10x_spi.o(i.SPI_Cmd), (24 bytes).
    Removing stm32f10x_spi.o(i.SPI_DataSizeConfig), (18 bytes).
    Removing stm32f10x_spi.o(i.SPI_GetCRC), (16 bytes).
    Removing stm32f10x_spi.o(i.SPI_GetCRCPolynomial), (6 bytes).
    Removing stm32f10x_spi.o(i.SPI_I2S_ClearFlag), (6 bytes).
    Removing stm32f10x_spi.o(i.SPI_I2S_ClearITPendingBit), (20 bytes).
    Removing stm32f10x_spi.o(i.SPI_I2S_DMACmd), (18 bytes).
    Removing stm32f10x_spi.o(i.SPI_I2S_DeInit), (88 bytes).
    Removing stm32f10x_spi.o(i.SPI_I2S_GetFlagStatus), (18 bytes).
    Removing stm32f10x_spi.o(i.SPI_I2S_GetITStatus), (52 bytes).
    Removing stm32f10x_spi.o(i.SPI_I2S_ITConfig), (32 bytes).
    Removing stm32f10x_spi.o(i.SPI_I2S_ReceiveData), (6 bytes).
    Removing stm32f10x_spi.o(i.SPI_I2S_SendData), (4 bytes).
    Removing stm32f10x_spi.o(i.SPI_Init), (60 bytes).
    Removing stm32f10x_spi.o(i.SPI_NSSInternalSoftwareConfig), (30 bytes).
    Removing stm32f10x_spi.o(i.SPI_SSOutputCmd), (24 bytes).
    Removing stm32f10x_spi.o(i.SPI_StructInit), (24 bytes).
    Removing stm32f10x_spi.o(i.SPI_TransmitCRC), (10 bytes).
    Removing stm32f10x_tim.o(i.TIM_BDTRConfig), (32 bytes).
    Removing stm32f10x_tim.o(i.TIM_BDTRStructInit), (18 bytes).
    Removing stm32f10x_tim.o(i.TIM_CCPreloadControl), (24 bytes).
    Removing stm32f10x_tim.o(i.TIM_CCxCmd), (30 bytes).
    Removing stm32f10x_tim.o(i.TIM_CCxNCmd), (30 bytes).
    Removing stm32f10x_tim.o(i.TIM_ClearOC1Ref), (18 bytes).
    Removing stm32f10x_tim.o(i.TIM_ClearOC2Ref), (24 bytes).
    Removing stm32f10x_tim.o(i.TIM_ClearOC3Ref), (18 bytes).
    Removing stm32f10x_tim.o(i.TIM_ClearOC4Ref), (24 bytes).
    Removing stm32f10x_tim.o(i.TIM_CounterModeConfig), (18 bytes).
    Removing stm32f10x_tim.o(i.TIM_DMACmd), (18 bytes).
    Removing stm32f10x_tim.o(i.TIM_DMAConfig), (10 bytes).
    Removing stm32f10x_tim.o(i.TIM_DeInit), (488 bytes).
    Removing stm32f10x_tim.o(i.TIM_ETRClockMode1Config), (54 bytes).
    Removing stm32f10x_tim.o(i.TIM_ETRClockMode2Config), (32 bytes).
    Removing stm32f10x_tim.o(i.TIM_ETRConfig), (28 bytes).
    Removing stm32f10x_tim.o(i.TIM_ForcedOC1Config), (18 bytes).
    Removing stm32f10x_tim.o(i.TIM_ForcedOC2Config), (26 bytes).
    Removing stm32f10x_tim.o(i.TIM_ForcedOC3Config), (18 bytes).
    Removing stm32f10x_tim.o(i.TIM_ForcedOC4Config), (26 bytes).
    Removing stm32f10x_tim.o(i.TIM_GenerateEvent), (4 bytes).
    Removing stm32f10x_tim.o(i.TIM_GetCapture1), (6 bytes).
    Removing stm32f10x_tim.o(i.TIM_GetCapture2), (6 bytes).
    Removing stm32f10x_tim.o(i.TIM_GetCapture3), (6 bytes).
    Removing stm32f10x_tim.o(i.TIM_GetCapture4), (8 bytes).
    Removing stm32f10x_tim.o(i.TIM_GetFlagStatus), (18 bytes).
    Removing stm32f10x_tim.o(i.TIM_GetPrescaler), (6 bytes).
    Removing stm32f10x_tim.o(i.TIM_ITRxExternalClockConfig), (24 bytes).
    Removing stm32f10x_tim.o(i.TIM_OC1FastConfig), (18 bytes).
    Removing stm32f10x_tim.o(i.TIM_OC1NPolarityConfig), (18 bytes).
    Removing stm32f10x_tim.o(i.TIM_OC1PolarityConfig), (18 bytes).
    Removing stm32f10x_tim.o(i.TIM_OC2FastConfig), (26 bytes).
    Removing stm32f10x_tim.o(i.TIM_OC2NPolarityConfig), (26 bytes).
    Removing stm32f10x_tim.o(i.TIM_OC2PolarityConfig), (26 bytes).
    Removing stm32f10x_tim.o(i.TIM_OC3FastConfig), (18 bytes).
    Removing stm32f10x_tim.o(i.TIM_OC3NPolarityConfig), (26 bytes).
    Removing stm32f10x_tim.o(i.TIM_OC3PolarityConfig), (26 bytes).
    Removing stm32f10x_tim.o(i.TIM_OC4FastConfig), (26 bytes).
    Removing stm32f10x_tim.o(i.TIM_OC4Init), (124 bytes).
    Removing stm32f10x_tim.o(i.TIM_OC4PolarityConfig), (26 bytes).
    Removing stm32f10x_tim.o(i.TIM_OC4PreloadConfig), (26 bytes).
    Removing stm32f10x_tim.o(i.TIM_OCStructInit), (20 bytes).
    Removing stm32f10x_tim.o(i.TIM_PWMIConfig), (124 bytes).
    Removing stm32f10x_tim.o(i.TIM_PrescalerConfig), (6 bytes).
    Removing stm32f10x_tim.o(i.TIM_SelectCCDMA), (24 bytes).
    Removing stm32f10x_tim.o(i.TIM_SelectCOM), (24 bytes).
    Removing stm32f10x_tim.o(i.TIM_SelectHallSensor), (24 bytes).
    Removing stm32f10x_tim.o(i.TIM_SelectInputTrigger), (18 bytes).
    Removing stm32f10x_tim.o(i.TIM_SelectMasterSlaveMode), (18 bytes).
    Removing stm32f10x_tim.o(i.TIM_SelectOCxM), (82 bytes).
    Removing stm32f10x_tim.o(i.TIM_SelectOnePulseMode), (18 bytes).
    Removing stm32f10x_tim.o(i.TIM_SelectOutputTrigger), (18 bytes).
    Removing stm32f10x_tim.o(i.TIM_SelectSlaveMode), (18 bytes).
    Removing stm32f10x_tim.o(i.TIM_SetAutoreload), (4 bytes).
    Removing stm32f10x_tim.o(i.TIM_SetClockDivision), (18 bytes).
    Removing stm32f10x_tim.o(i.TIM_SetCompare4), (6 bytes).
    Removing stm32f10x_tim.o(i.TIM_SetCounter), (4 bytes).
    Removing stm32f10x_tim.o(i.TIM_TIxExternalClockConfig), (62 bytes).
    Removing stm32f10x_tim.o(i.TIM_TimeBaseStructInit), (18 bytes).
    Removing stm32f10x_tim.o(i.TIM_UpdateDisableConfig), (24 bytes).
    Removing stm32f10x_tim.o(i.TIM_UpdateRequestConfig), (24 bytes).
    Removing stm32f10x_usart.o(i.USART_ClearFlag), (18 bytes).
    Removing stm32f10x_usart.o(i.USART_ClockInit), (34 bytes).
    Removing stm32f10x_usart.o(i.USART_ClockStructInit), (12 bytes).
    Removing stm32f10x_usart.o(i.USART_DMACmd), (18 bytes).
    Removing stm32f10x_usart.o(i.USART_DeInit), (156 bytes).
    Removing stm32f10x_usart.o(i.USART_HalfDuplexCmd), (24 bytes).
    Removing stm32f10x_usart.o(i.USART_IrDACmd), (24 bytes).
    Removing stm32f10x_usart.o(i.USART_IrDAConfig), (18 bytes).
    Removing stm32f10x_usart.o(i.USART_LINBreakDetectLengthConfig), (18 bytes).
    Removing stm32f10x_usart.o(i.USART_LINCmd), (24 bytes).
    Removing stm32f10x_usart.o(i.USART_OneBitMethodCmd), (24 bytes).
    Removing stm32f10x_usart.o(i.USART_OverSampling8Cmd), (22 bytes).
    Removing stm32f10x_usart.o(i.USART_ReceiverWakeUpCmd), (24 bytes).
    Removing stm32f10x_usart.o(i.USART_SendBreak), (10 bytes).
    Removing stm32f10x_usart.o(i.USART_SetAddress), (18 bytes).
    Removing stm32f10x_usart.o(i.USART_SetGuardTime), (16 bytes).
    Removing stm32f10x_usart.o(i.USART_SetPrescaler), (16 bytes).
    Removing stm32f10x_usart.o(i.USART_SmartCardCmd), (24 bytes).
    Removing stm32f10x_usart.o(i.USART_SmartCardNACKCmd), (24 bytes).
    Removing stm32f10x_usart.o(i.USART_StructInit), (24 bytes).
    Removing stm32f10x_usart.o(i.USART_WakeUpConfig), (18 bytes).
    Removing stm32f10x_wwdg.o(i.WWDG_ClearFlag), (12 bytes).
    Removing stm32f10x_wwdg.o(i.WWDG_DeInit), (22 bytes).
    Removing stm32f10x_wwdg.o(i.WWDG_Enable), (16 bytes).
    Removing stm32f10x_wwdg.o(i.WWDG_EnableIT), (12 bytes).
    Removing stm32f10x_wwdg.o(i.WWDG_GetFlagStatus), (12 bytes).
    Removing stm32f10x_wwdg.o(i.WWDG_SetCounter), (16 bytes).
    Removing stm32f10x_wwdg.o(i.WWDG_SetPrescaler), (24 bytes).
    Removing stm32f10x_wwdg.o(i.WWDG_SetWindowValue), (40 bytes).
    Removing delay.o(i.Delay_s), (24 bytes).
    Removing led.o(i.LED1_OFF), (16 bytes).
    Removing led.o(i.LED1_ON), (16 bytes).
    Removing led.o(i.LED1_Turn), (36 bytes).
    Removing led.o(i.LED2_OFF), (16 bytes).
    Removing led.o(i.LED2_ON), (16 bytes).
    Removing led.o(i.LED2_Turn), (36 bytes).
    Removing led.o(i.LED_Init), (52 bytes).
    Removing key.o(i.Key_GetNum), (92 bytes).
    Removing key.o(i.Key_Init), (44 bytes).
    Removing oled.o(i.OLED_Pow), (20 bytes).
    Removing oled.o(i.OLED_ShowBinNum), (62 bytes).
    Removing oled.o(i.OLED_ShowChar), (116 bytes).
    Removing oled.o(i.OLED_ShowHexNum), (84 bytes).
    Removing oled.o(i.OLED_ShowNum), (68 bytes).
    Removing oled.o(i.OLED_ShowSignedNum), (102 bytes).
    Removing oled.o(i.OLED_ShowString), (40 bytes).
    Removing oled.o(.constdata), (1520 bytes).
    Removing as5600.o(i.AS5600_ReadNowReg), (36 bytes).
    Removing as5600.o(i.AS5600_ReadReg), (62 bytes).
    Removing as5600.o(i.AS5600_WriteReg), (46 bytes).
    Removing as5600.o(i.GetVelocity), (204 bytes).
    Removing serial.o(i.Serial_GetRxData), (12 bytes).
    Removing serial.o(i.Serial_GetRxFlag), (28 bytes).
    Removing serial.o(i.Serial_Pow), (20 bytes).
    Removing serial.o(i.Serial_Printf), (36 bytes).
    Removing serial.o(i.Serial_SendArray), (26 bytes).
    Removing serial.o(i.Serial_SendNumber), (58 bytes).
    Removing serial.o(i.Serial_SendString), (26 bytes).
    Removing ffltui.o(.text), (10 bytes).

458 unused section(s) (total 19700 bytes) removed from the image.

==============================================================================

Image Symbol Table

    Local Symbols

    Symbol Name                              Value     Ov Type        Size  Object(Section)

    ../clib/microlib/division.c              0x00000000   Number         0  uidiv.o ABSOLUTE
    ../clib/microlib/division.c              0x00000000   Number         0  uldiv.o ABSOLUTE
    ../clib/microlib/errno.c                 0x00000000   Number         0  errno.o ABSOLUTE
    ../clib/microlib/init/entry.s            0x00000000   Number         0  entry8b.o ABSOLUTE
    ../clib/microlib/init/entry.s            0x00000000   Number         0  entry10a.o ABSOLUTE
    ../clib/microlib/init/entry.s            0x00000000   Number         0  entry9b.o ABSOLUTE
    ../clib/microlib/init/entry.s            0x00000000   Number         0  entry5.o ABSOLUTE
    ../clib/microlib/init/entry.s            0x00000000   Number         0  entry7a.o ABSOLUTE
    ../clib/microlib/init/entry.s            0x00000000   Number         0  entry11b.o ABSOLUTE
    ../clib/microlib/init/entry.s            0x00000000   Number         0  entry9a.o ABSOLUTE
    ../clib/microlib/init/entry.s            0x00000000   Number         0  entry11a.o ABSOLUTE
    ../clib/microlib/init/entry.s            0x00000000   Number         0  entry7b.o ABSOLUTE
    ../clib/microlib/init/entry.s            0x00000000   Number         0  entry10b.o ABSOLUTE
    ../clib/microlib/init/entry.s            0x00000000   Number         0  entry8a.o ABSOLUTE
    ../clib/microlib/init/entry.s            0x00000000   Number         0  entry2.o ABSOLUTE
    ../clib/microlib/init/entry.s            0x00000000   Number         0  entry.o ABSOLUTE
    ../clib/microlib/longlong.c              0x00000000   Number         0  llsshr.o ABSOLUTE
    ../clib/microlib/longlong.c              0x00000000   Number         0  llushr.o ABSOLUTE
    ../clib/microlib/longlong.c              0x00000000   Number         0  llshl.o ABSOLUTE
    ../clib/microlib/printf/printf.c         0x00000000   Number         0  printf7.o ABSOLUTE
    ../clib/microlib/printf/printf.c         0x00000000   Number         0  printf8.o ABSOLUTE
    ../clib/microlib/printf/printf.c         0x00000000   Number         0  printfa.o ABSOLUTE
    ../clib/microlib/printf/printf.c         0x00000000   Number         0  printf6.o ABSOLUTE
    ../clib/microlib/printf/printf.c         0x00000000   Number         0  printfb.o ABSOLUTE
    ../clib/microlib/printf/printf.c         0x00000000   Number         0  printf0.o ABSOLUTE
    ../clib/microlib/printf/printf.c         0x00000000   Number         0  printf1.o ABSOLUTE
    ../clib/microlib/printf/printf.c         0x00000000   Number         0  printf2.o ABSOLUTE
    ../clib/microlib/printf/printf.c         0x00000000   Number         0  printf3.o ABSOLUTE
    ../clib/microlib/printf/printf.c         0x00000000   Number         0  printf4.o ABSOLUTE
    ../clib/microlib/printf/printf.c         0x00000000   Number         0  printf5.o ABSOLUTE
    ../clib/microlib/printf/stubs.s          0x00000000   Number         0  stubs.o ABSOLUTE
    ../clib/microlib/stdio/streams.c         0x00000000   Number         0  stdout.o ABSOLUTE
    ../clib/microlib/stubs.s                 0x00000000   Number         0  iusefp.o ABSOLUTE
    ../fplib/microlib/d2f.c                  0x00000000   Number         0  d2f.o ABSOLUTE
    ../fplib/microlib/f2d.c                  0x00000000   Number         0  f2d.o ABSOLUTE
    ../fplib/microlib/fpadd.c                0x00000000   Number         0  fadd.o ABSOLUTE
    ../fplib/microlib/fpadd.c                0x00000000   Number         0  dadd.o ABSOLUTE
    ../fplib/microlib/fpdiv.c                0x00000000   Number         0  fdiv.o ABSOLUTE
    ../fplib/microlib/fpdiv.c                0x00000000   Number         0  ddiv.o ABSOLUTE
    ../fplib/microlib/fpepilogue.c           0x00000000   Number         0  fepilogue.o ABSOLUTE
    ../fplib/microlib/fpepilogue.c           0x00000000   Number         0  depilogue.o ABSOLUTE
    ../fplib/microlib/fpfix.c                0x00000000   Number         0  ffixui.o ABSOLUTE
    ../fplib/microlib/fpfix.c                0x00000000   Number         0  dfixul.o ABSOLUTE
    ../fplib/microlib/fpfix.c                0x00000000   Number         0  dfixi.o ABSOLUTE
    ../fplib/microlib/fpfix.c                0x00000000   Number         0  dfixui.o ABSOLUTE
    ../fplib/microlib/fpflt.c                0x00000000   Number         0  dflti.o ABSOLUTE
    ../fplib/microlib/fpflt.c                0x00000000   Number         0  fflti.o ABSOLUTE
    ../fplib/microlib/fpflt.c                0x00000000   Number         0  ffltui.o ABSOLUTE
    ../fplib/microlib/fpflt.c                0x00000000   Number         0  dfltui.o ABSOLUTE
    ../fplib/microlib/fpmul.c                0x00000000   Number         0  fmul.o ABSOLUTE
    ../fplib/microlib/fpmul.c                0x00000000   Number         0  dmul.o ABSOLUTE
    ../fplib/microlib/fprem.c                0x00000000   Number         0  drem.o ABSOLUTE
    ../fplib/microlib/fpscalb.c              0x00000000   Number         0  dscalb.o ABSOLUTE
    ../fplib/microlib/fpsqrt.c               0x00000000   Number         0  dsqrt.o ABSOLUTE
    ../mathlib/cos.c                         0x00000000   Number         0  cos_x.o ABSOLUTE
    ../mathlib/cos.c                         0x00000000   Number         0  cos.o ABSOLUTE
    ../mathlib/cos_i.c                       0x00000000   Number         0  cos_i.o ABSOLUTE
    ../mathlib/dunder.c                      0x00000000   Number         0  dunder.o ABSOLUTE
    ../mathlib/fmod.c                        0x00000000   Number         0  fmod_x.o ABSOLUTE
    ../mathlib/fmod.c                        0x00000000   Number         0  fmod.o ABSOLUTE
    ../mathlib/fpclassify.c                  0x00000000   Number         0  fpclassify.o ABSOLUTE
    ../mathlib/poly.c                        0x00000000   Number         0  poly.o ABSOLUTE
    ../mathlib/rred.c                        0x00000000   Number         0  rred.o ABSOLUTE
    ../mathlib/sin.c                         0x00000000   Number         0  sin_x.o ABSOLUTE
    ../mathlib/sin.c                         0x00000000   Number         0  sin.o ABSOLUTE
    ../mathlib/sin_i.c                       0x00000000   Number         0  sin_i_x.o ABSOLUTE
    ../mathlib/sin_i.c                       0x00000000   Number         0  sin_i.o ABSOLUTE
    ../mathlib/sqrt.c                        0x00000000   Number         0  sqrt_x.o ABSOLUTE
    ../mathlib/sqrt.c                        0x00000000   Number         0  sqrt.o ABSOLUTE
    Hardware\AS5600.c                        0x00000000   Number         0  as5600.o ABSOLUTE
    Hardware\Encoder.c                       0x00000000   Number         0  encoder.o ABSOLUTE
    Hardware\Key.c                           0x00000000   Number         0  key.o ABSOLUTE
    Hardware\LED.c                           0x00000000   Number         0  led.o ABSOLUTE
    Hardware\MyI2C.c                         0x00000000   Number         0  myi2c.o ABSOLUTE
    Hardware\OLED.c                          0x00000000   Number         0  oled.o ABSOLUTE
    Hardware\Serial.c                        0x00000000   Number         0  serial.o ABSOLUTE
    Hardware\bsp_foc.c                       0x00000000   Number         0  bsp_foc.o ABSOLUTE
    Hardware\bsp_pid.c                       0x00000000   Number         0  bsp_pid.o ABSOLUTE
    Hardware\bsp_tim.c                       0x00000000   Number         0  bsp_tim.o ABSOLUTE
    Library\misc.c                           0x00000000   Number         0  misc.o ABSOLUTE
    Library\stm32f10x_adc.c                  0x00000000   Number         0  stm32f10x_adc.o ABSOLUTE
    Library\stm32f10x_bkp.c                  0x00000000   Number         0  stm32f10x_bkp.o ABSOLUTE
    Library\stm32f10x_can.c                  0x00000000   Number         0  stm32f10x_can.o ABSOLUTE
    Library\stm32f10x_cec.c                  0x00000000   Number         0  stm32f10x_cec.o ABSOLUTE
    Library\stm32f10x_crc.c                  0x00000000   Number         0  stm32f10x_crc.o ABSOLUTE
    Library\stm32f10x_dac.c                  0x00000000   Number         0  stm32f10x_dac.o ABSOLUTE
    Library\stm32f10x_dbgmcu.c               0x00000000   Number         0  stm32f10x_dbgmcu.o ABSOLUTE
    Library\stm32f10x_dma.c                  0x00000000   Number         0  stm32f10x_dma.o ABSOLUTE
    Library\stm32f10x_exti.c                 0x00000000   Number         0  stm32f10x_exti.o ABSOLUTE
    Library\stm32f10x_flash.c                0x00000000   Number         0  stm32f10x_flash.o ABSOLUTE
    Library\stm32f10x_fsmc.c                 0x00000000   Number         0  stm32f10x_fsmc.o ABSOLUTE
    Library\stm32f10x_gpio.c                 0x00000000   Number         0  stm32f10x_gpio.o ABSOLUTE
    Library\stm32f10x_i2c.c                  0x00000000   Number         0  stm32f10x_i2c.o ABSOLUTE
    Library\stm32f10x_iwdg.c                 0x00000000   Number         0  stm32f10x_iwdg.o ABSOLUTE
    Library\stm32f10x_pwr.c                  0x00000000   Number         0  stm32f10x_pwr.o ABSOLUTE
    Library\stm32f10x_rcc.c                  0x00000000   Number         0  stm32f10x_rcc.o ABSOLUTE
    Library\stm32f10x_rtc.c                  0x00000000   Number         0  stm32f10x_rtc.o ABSOLUTE
    Library\stm32f10x_sdio.c                 0x00000000   Number         0  stm32f10x_sdio.o ABSOLUTE
    Library\stm32f10x_spi.c                  0x00000000   Number         0  stm32f10x_spi.o ABSOLUTE
    Library\stm32f10x_tim.c                  0x00000000   Number         0  stm32f10x_tim.o ABSOLUTE
    Library\stm32f10x_usart.c                0x00000000   Number         0  stm32f10x_usart.o ABSOLUTE
    Library\stm32f10x_wwdg.c                 0x00000000   Number         0  stm32f10x_wwdg.o ABSOLUTE
    Start\\core_cm3.c                        0x00000000   Number         0  core_cm3.o ABSOLUTE
    Start\core_cm3.c                         0x00000000   Number         0  core_cm3.o ABSOLUTE
    Start\startup_stm32f10x_md.s             0x00000000   Number         0  startup_stm32f10x_md.o ABSOLUTE
    Start\system_stm32f10x.c                 0x00000000   Number         0  system_stm32f10x.o ABSOLUTE
    System\Delay.c                           0x00000000   Number         0  delay.o ABSOLUTE
    User\main.c                              0x00000000   Number         0  main.o ABSOLUTE
    User\stm32f10x_it.c                      0x00000000   Number         0  stm32f10x_it.o ABSOLUTE
    cdcmple.s                                0x00000000   Number         0  cdcmple.o ABSOLUTE
    cdrcmple.s                               0x00000000   Number         0  cdrcmple.o ABSOLUTE
    cfcmple.s                                0x00000000   Number         0  cfcmple.o ABSOLUTE
    cfrcmple.s                               0x00000000   Number         0  cfrcmple.o ABSOLUTE
    dc.s                                     0x00000000   Number         0  dc.o ABSOLUTE
    handlers.s                               0x00000000   Number         0  handlers.o ABSOLUTE
    init.s                                   0x00000000   Number         0  init.o ABSOLUTE
    RESET                                    0x08000000   Section      236  startup_stm32f10x_md.o(RESET)
    .ARM.Collect$$$$00000000                 0x080000ec   Section        0  entry.o(.ARM.Collect$$$$00000000)
    .ARM.Collect$$$$00000001                 0x080000ec   Section        4  entry2.o(.ARM.Collect$$$$00000001)
    .ARM.Collect$$$$00000004                 0x080000f0   Section        4  entry5.o(.ARM.Collect$$$$00000004)
    .ARM.Collect$$$$00000008                 0x080000f4   Section        0  entry7b.o(.ARM.Collect$$$$00000008)
    .ARM.Collect$$$$0000000A                 0x080000f4   Section        0  entry8b.o(.ARM.Collect$$$$0000000A)
    .ARM.Collect$$$$0000000B                 0x080000f4   Section        8  entry9a.o(.ARM.Collect$$$$0000000B)
    .ARM.Collect$$$$0000000D                 0x080000fc   Section        0  entry10a.o(.ARM.Collect$$$$0000000D)
    .ARM.Collect$$$$0000000F                 0x080000fc   Section        0  entry11a.o(.ARM.Collect$$$$0000000F)
    .ARM.Collect$$$$00002712                 0x080000fc   Section        4  entry2.o(.ARM.Collect$$$$00002712)
    __lit__00000000                          0x080000fc   Data           4  entry2.o(.ARM.Collect$$$$00002712)
    .text                                    0x08000100   Section       36  startup_stm32f10x_md.o(.text)
    .text                                    0x08000124   Section        0  fadd.o(.text)
    .text                                    0x080001d4   Section        0  fmul.o(.text)
    .text                                    0x08000238   Section        0  fdiv.o(.text)
    .text                                    0x080002b4   Section        0  dadd.o(.text)
    .text                                    0x08000402   Section        0  dmul.o(.text)
    .text                                    0x080004e6   Section        0  ddiv.o(.text)
    .text                                    0x080005c4   Section        0  fflti.o(.text)
    .text                                    0x080005d6   Section        0  dfltui.o(.text)
    .text                                    0x080005f0   Section        0  ffixui.o(.text)
    .text                                    0x08000618   Section        0  dfixui.o(.text)
    .text                                    0x0800064a   Section        0  f2d.o(.text)
    .text                                    0x08000670   Section       48  cdcmple.o(.text)
    .text                                    0x080006a0   Section       48  cdrcmple.o(.text)
    .text                                    0x080006d0   Section        0  d2f.o(.text)
    .text                                    0x08000708   Section       20  cfcmple.o(.text)
    .text                                    0x0800071c   Section       20  cfrcmple.o(.text)
    .text                                    0x08000730   Section        0  uidiv.o(.text)
    .text                                    0x0800075c   Section        0  uldiv.o(.text)
    .text                                    0x080007be   Section        0  llshl.o(.text)
    .text                                    0x080007dc   Section        0  llushr.o(.text)
    .text                                    0x080007fc   Section        0  llsshr.o(.text)
    .text                                    0x08000820   Section        0  fepilogue.o(.text)
    .text                                    0x08000820   Section        0  iusefp.o(.text)
    .text                                    0x0800088e   Section        0  depilogue.o(.text)
    .text                                    0x08000948   Section        0  dsqrt.o(.text)
    .text                                    0x080009ea   Section        0  drem.o(.text)
    .text                                    0x08000a70   Section        0  dfixul.o(.text)
    .text                                    0x08000aa0   Section       36  init.o(.text)
    .text                                    0x08000ac4   Section        0  dscalb.o(.text)
    .text                                    0x08000af2   Section        0  dflti.o(.text)
    .text                                    0x08000b14   Section        0  dfixi.o(.text)
    i.AS5600_GetRawData                      0x08000b52   Section        0  as5600.o(i.AS5600_GetRawData)
    i.AS5600_Init                            0x08000bb2   Section        0  as5600.o(i.AS5600_Init)
    i.Angle_FOC                              0x08000bbc   Section        0  bsp_foc.o(i.Angle_FOC)
    i.BSP_Init                               0x08000c10   Section        0  main.o(i.BSP_Init)
    i.BSP_TIM                                0x08000c2c   Section        0  bsp_tim.o(i.BSP_TIM)
    i.BusFault_Handler                       0x08000ca6   Section        0  stm32f10x_it.o(i.BusFault_Handler)
    i.DebugMon_Handler                       0x08000caa   Section        0  stm32f10x_it.o(i.DebugMon_Handler)
    i.Delay_ms                               0x08000cac   Section        0  delay.o(i.Delay_ms)
    i.Delay_us                               0x08000cc4   Section        0  delay.o(i.Delay_us)
    i.Encoder_Get_counter                    0x08000cf4   Section        0  encoder.o(i.Encoder_Get_counter)
    i.Encoder_Init                           0x08000d04   Section        0  encoder.o(i.Encoder_Init)
    i.FOC_Angle_Continuous                   0x08000da4   Section        0  bsp_tim.o(i.FOC_Angle_Continuous)
    i.GPIO_Init                              0x08000e0c   Section        0  stm32f10x_gpio.o(i.GPIO_Init)
    i.GPIO_PinRemapConfig                    0x08000f24   Section        0  stm32f10x_gpio.o(i.GPIO_PinRemapConfig)
    i.GPIO_ReadInputDataBit                  0x08000fb4   Section        0  stm32f10x_gpio.o(i.GPIO_ReadInputDataBit)
    i.GPIO_SetBits                           0x08000fc6   Section        0  stm32f10x_gpio.o(i.GPIO_SetBits)
    i.GPIO_WriteBit                          0x08000fca   Section        0  stm32f10x_gpio.o(i.GPIO_WriteBit)
    i.GetAngle                               0x08000fd4   Section        0  as5600.o(i.GetAngle)
    i.GetAngle_NoTrack                       0x08001064   Section        0  as5600.o(i.GetAngle_NoTrack)
    i.HardFault_Handler                      0x08001088   Section        0  stm32f10x_it.o(i.HardFault_Handler)
    i.I2C_R_SDA                              0x0800108c   Section        0  myi2c.o(i.I2C_R_SDA)
    i.I2C_RecviveAck                         0x080010a4   Section        0  myi2c.o(i.I2C_RecviveAck)
    i.I2C_RecviveData                        0x080010c2   Section        0  myi2c.o(i.I2C_RecviveData)
    i.I2C_SendAck                            0x080010f6   Section        0  myi2c.o(i.I2C_SendAck)
    i.I2C_SendByte                           0x0800110e   Section        0  myi2c.o(i.I2C_SendByte)
    i.I2C_Start                              0x08001138   Section        0  myi2c.o(i.I2C_Start)
    i.I2C_Stop                               0x08001154   Section        0  myi2c.o(i.I2C_Stop)
    i.I2C_W_SCL                              0x0800116c   Section        0  myi2c.o(i.I2C_W_SCL)
    i.I2C_W_SDA                              0x08001184   Section        0  myi2c.o(i.I2C_W_SDA)
    i.LPE_VELOCITY                           0x0800119c   Section        0  bsp_tim.o(i.LPE_VELOCITY)
    i.MemManage_Handler                      0x080011fc   Section        0  stm32f10x_it.o(i.MemManage_Handler)
    i.MyI2C_Init                             0x08001200   Section        0  myi2c.o(i.MyI2C_Init)
    i.NMI_Handler                            0x08001238   Section        0  stm32f10x_it.o(i.NMI_Handler)
    i.NVIC_Init                              0x0800123c   Section        0  misc.o(i.NVIC_Init)
    i.NVIC_PriorityGroupConfig               0x080012ac   Section        0  misc.o(i.NVIC_PriorityGroupConfig)
    i.OLED_Clear                             0x080012c0   Section        0  oled.o(i.OLED_Clear)
    i.OLED_I2C_Init                          0x080012ec   Section        0  oled.o(i.OLED_I2C_Init)
    i.OLED_I2C_SendByte                      0x0800133c   Section        0  oled.o(i.OLED_I2C_SendByte)
    i.OLED_I2C_Start                         0x08001398   Section        0  oled.o(i.OLED_I2C_Start)
    i.OLED_I2C_Stop                          0x080013cc   Section        0  oled.o(i.OLED_I2C_Stop)
    i.OLED_Init                              0x080013f4   Section        0  oled.o(i.OLED_Init)
    i.OLED_SetCursor                         0x080014a2   Section        0  oled.o(i.OLED_SetCursor)
    i.OLED_WriteCommand                      0x080014c4   Section        0  oled.o(i.OLED_WriteCommand)
    i.OLED_WriteData                         0x080014e4   Section        0  oled.o(i.OLED_WriteData)
    i.PWM_Init                               0x08001504   Section        0  bsp_foc.o(i.PWM_Init)
    i.PendSV_Handler                         0x080015d4   Section        0  stm32f10x_it.o(i.PendSV_Handler)
    i.RCC_APB1PeriphClockCmd                 0x080015d8   Section        0  stm32f10x_rcc.o(i.RCC_APB1PeriphClockCmd)
    i.RCC_APB2PeriphClockCmd                 0x080015f8   Section        0  stm32f10x_rcc.o(i.RCC_APB2PeriphClockCmd)
    i.RCC_GetClocksFreq                      0x08001618   Section        0  stm32f10x_rcc.o(i.RCC_GetClocksFreq)
    i.SVC_Handler                            0x080016ec   Section        0  stm32f10x_it.o(i.SVC_Handler)
    i.Serial_Init                            0x080016f0   Section        0  serial.o(i.Serial_Init)
    i.Serial_SendByte                        0x080017b4   Section        0  serial.o(i.Serial_SendByte)
    i.SetSVPWM_FOC                           0x080017d4   Section        0  bsp_foc.o(i.SetSVPWM_FOC)
    i.SetSysClock                            0x08001cdc   Section        0  system_stm32f10x.o(i.SetSysClock)
    SetSysClock                              0x08001cdd   Thumb Code     8  system_stm32f10x.o(i.SetSysClock)
    i.SetSysClockTo72                        0x08001ce4   Section        0  system_stm32f10x.o(i.SetSysClockTo72)
    SetSysClockTo72                          0x08001ce5   Thumb Code   214  system_stm32f10x.o(i.SetSysClockTo72)
    i.Speed_PID                              0x08001dc4   Section        0  bsp_pid.o(i.Speed_PID)
    i.SysTick_Handler                        0x08001e6c   Section        0  stm32f10x_it.o(i.SysTick_Handler)
    i.SystemInit                             0x08001e70   Section        0  system_stm32f10x.o(i.SystemInit)
    i.TI1_Config                             0x08001ed0   Section        0  stm32f10x_tim.o(i.TI1_Config)
    TI1_Config                               0x08001ed1   Thumb Code   108  stm32f10x_tim.o(i.TI1_Config)
    i.TI2_Config                             0x08001f50   Section        0  stm32f10x_tim.o(i.TI2_Config)
    TI2_Config                               0x08001f51   Thumb Code   130  stm32f10x_tim.o(i.TI2_Config)
    i.TI3_Config                             0x08001fe8   Section        0  stm32f10x_tim.o(i.TI3_Config)
    TI3_Config                               0x08001fe9   Thumb Code   122  stm32f10x_tim.o(i.TI3_Config)
    i.TI4_Config                             0x08002078   Section        0  stm32f10x_tim.o(i.TI4_Config)
    TI4_Config                               0x08002079   Thumb Code   130  stm32f10x_tim.o(i.TI4_Config)
    i.TIM2_IRQHandler                        0x08002110   Section        0  bsp_tim.o(i.TIM2_IRQHandler)
    i.TIM_ARRPreloadConfig                   0x08002230   Section        0  stm32f10x_tim.o(i.TIM_ARRPreloadConfig)
    i.TIM_ClearFlag                          0x08002248   Section        0  stm32f10x_tim.o(i.TIM_ClearFlag)
    i.TIM_ClearITPendingBit                  0x0800224e   Section        0  stm32f10x_tim.o(i.TIM_ClearITPendingBit)
    i.TIM_Cmd                                0x08002254   Section        0  stm32f10x_tim.o(i.TIM_Cmd)
    i.TIM_CtrlPWMOutputs                     0x0800226c   Section        0  stm32f10x_tim.o(i.TIM_CtrlPWMOutputs)
    i.TIM_EncoderInterfaceConfig             0x0800228a   Section        0  stm32f10x_tim.o(i.TIM_EncoderInterfaceConfig)
    i.TIM_GetCounter                         0x080022cc   Section        0  stm32f10x_tim.o(i.TIM_GetCounter)
    i.TIM_GetITStatus                        0x080022d2   Section        0  stm32f10x_tim.o(i.TIM_GetITStatus)
    i.TIM_ICInit                             0x080022f4   Section        0  stm32f10x_tim.o(i.TIM_ICInit)
    i.TIM_ICStructInit                       0x080023a0   Section        0  stm32f10x_tim.o(i.TIM_ICStructInit)
    i.TIM_ITConfig                           0x080023b2   Section        0  stm32f10x_tim.o(i.TIM_ITConfig)
    i.TIM_InternalClockConfig                0x080023c4   Section        0  stm32f10x_tim.o(i.TIM_InternalClockConfig)
    i.TIM_OC1Init                            0x080023d0   Section        0  stm32f10x_tim.o(i.TIM_OC1Init)
    i.TIM_OC1PreloadConfig                   0x08002468   Section        0  stm32f10x_tim.o(i.TIM_OC1PreloadConfig)
    i.TIM_OC2Init                            0x0800247c   Section        0  stm32f10x_tim.o(i.TIM_OC2Init)
    i.TIM_OC2PreloadConfig                   0x08002520   Section        0  stm32f10x_tim.o(i.TIM_OC2PreloadConfig)
    i.TIM_OC3Init                            0x0800253c   Section        0  stm32f10x_tim.o(i.TIM_OC3Init)
    i.TIM_OC3PreloadConfig                   0x080025dc   Section        0  stm32f10x_tim.o(i.TIM_OC3PreloadConfig)
    i.TIM_SetCompare1                        0x080025ee   Section        0  stm32f10x_tim.o(i.TIM_SetCompare1)
    i.TIM_SetCompare2                        0x080025f2   Section        0  stm32f10x_tim.o(i.TIM_SetCompare2)
    i.TIM_SetCompare3                        0x080025f6   Section        0  stm32f10x_tim.o(i.TIM_SetCompare3)
    i.TIM_SetIC1Prescaler                    0x080025fa   Section        0  stm32f10x_tim.o(i.TIM_SetIC1Prescaler)
    i.TIM_SetIC2Prescaler                    0x0800260c   Section        0  stm32f10x_tim.o(i.TIM_SetIC2Prescaler)
    i.TIM_SetIC3Prescaler                    0x08002626   Section        0  stm32f10x_tim.o(i.TIM_SetIC3Prescaler)
    i.TIM_SetIC4Prescaler                    0x08002638   Section        0  stm32f10x_tim.o(i.TIM_SetIC4Prescaler)
    i.TIM_TimeBaseInit                       0x08002654   Section        0  stm32f10x_tim.o(i.TIM_TimeBaseInit)
    i.USART1_IRQHandler                      0x080026f8   Section        0  serial.o(i.USART1_IRQHandler)
    i.USART_ClearITPendingBit                0x08002730   Section        0  stm32f10x_usart.o(i.USART_ClearITPendingBit)
    i.USART_Cmd                              0x0800274e   Section        0  stm32f10x_usart.o(i.USART_Cmd)
    i.USART_GetFlagStatus                    0x08002766   Section        0  stm32f10x_usart.o(i.USART_GetFlagStatus)
    i.USART_GetITStatus                      0x08002780   Section        0  stm32f10x_usart.o(i.USART_GetITStatus)
    i.USART_ITConfig                         0x080027d4   Section        0  stm32f10x_usart.o(i.USART_ITConfig)
    i.USART_Init                             0x08002820   Section        0  stm32f10x_usart.o(i.USART_Init)
    i.USART_ReceiveData                      0x080028f8   Section        0  stm32f10x_usart.o(i.USART_ReceiveData)
    i.USART_SendData                         0x08002902   Section        0  stm32f10x_usart.o(i.USART_SendData)
    i.UsageFault_Handler                     0x0800290a   Section        0  stm32f10x_it.o(i.UsageFault_Handler)
    i.Zero_Get                               0x08002910   Section        0  main.o(i.Zero_Get)
    i.__0printf                              0x080029b4   Section        0  printfa.o(i.__0printf)
    i.__ARM_fpclassify                       0x080029d4   Section        0  fpclassify.o(i.__ARM_fpclassify)
    i.__ieee754_rem_pio2                     0x080029fc   Section        0  rred.o(i.__ieee754_rem_pio2)
    i.__kernel_cos                           0x08002d84   Section        0  cos_i.o(i.__kernel_cos)
    i.__kernel_poly                          0x08002e80   Section        0  poly.o(i.__kernel_poly)
    i.__kernel_sin                           0x08002f2c   Section        0  sin_i.o(i.__kernel_sin)
    i.__mathlib_dbl_infnan                   0x08003018   Section        0  dunder.o(i.__mathlib_dbl_infnan)
    i.__mathlib_dbl_invalid                  0x0800301e   Section        0  dunder.o(i.__mathlib_dbl_invalid)
    i.__mathlib_dbl_underflow                0x0800302c   Section        0  dunder.o(i.__mathlib_dbl_underflow)
    i.__scatterload_copy                     0x0800303c   Section       14  handlers.o(i.__scatterload_copy)
    i.__scatterload_null                     0x0800304a   Section        2  handlers.o(i.__scatterload_null)
    i.__scatterload_zeroinit                 0x0800304c   Section       14  handlers.o(i.__scatterload_zeroinit)
    i.__set_errno                            0x0800305c   Section        0  errno.o(i.__set_errno)
    i._fp_digits                             0x08003068   Section        0  printfa.o(i._fp_digits)
    _fp_digits                               0x08003069   Thumb Code   334  printfa.o(i._fp_digits)
    i._printf_core                           0x080031cc   Section        0  printfa.o(i._printf_core)
    _printf_core                             0x080031cd   Thumb Code  1744  printfa.o(i._printf_core)
    i._printf_post_padding                   0x080038a8   Section        0  printfa.o(i._printf_post_padding)
    _printf_post_padding                     0x080038a9   Thumb Code    36  printfa.o(i._printf_post_padding)
    i._printf_pre_padding                    0x080038cc   Section        0  printfa.o(i._printf_pre_padding)
    _printf_pre_padding                      0x080038cd   Thumb Code    46  printfa.o(i._printf_pre_padding)
    i.cos                                    0x080038fc   Section        0  cos.o(i.cos)
    i.fmod                                   0x08003998   Section        0  fmod.o(i.fmod)
    i.fputc                                  0x08003a2c   Section        0  serial.o(i.fputc)
    i.main                                   0x08003a3c   Section        0  main.o(i.main)
    i.setPhaseVoltage_FOC2                   0x08003ac4   Section        0  bsp_foc.o(i.setPhaseVoltage_FOC2)
    i.sin                                    0x08003ad8   Section        0  sin.o(i.sin)
    i.sqrt                                   0x08003b78   Section        0  sqrt.o(i.sqrt)
    .constdata                               0x08003bc8   Section       48  cos_i.o(.constdata)
    C                                        0x08003bc8   Data          48  cos_i.o(.constdata)
    .constdata                               0x08003bf8   Section      200  rred.o(.constdata)
    pio2s                                    0x08003bf8   Data          48  rred.o(.constdata)
    twooverpi                                0x08003c28   Data         152  rred.o(.constdata)
    .constdata                               0x08003cc0   Section       40  sin_i.o(.constdata)
    S                                        0x08003cc0   Data          40  sin_i.o(.constdata)
    .data                                    0x20000000   Section       20  stm32f10x_rcc.o(.data)
    APBAHBPrescTable                         0x20000000   Data          16  stm32f10x_rcc.o(.data)
    ADCPrescTable                            0x20000010   Data           4  stm32f10x_rcc.o(.data)
    .data                                    0x20000014   Section       24  as5600.o(.data)
    .data                                    0x2000002c   Section        2  serial.o(.data)
    .data                                    0x20000030   Section        4  bsp_pid.o(.data)
    .data                                    0x20000034   Section       24  bsp_tim.o(.data)
    Angle_pre                                0x20000034   Data           4  bsp_tim.o(.data)
    Speed_pre                                0x20000038   Data           4  bsp_tim.o(.data)
    angle_foc                                0x20000044   Data           4  bsp_tim.o(.data)
    angle_raw_last                           0x20000048   Data           4  bsp_tim.o(.data)
    .data                                    0x2000004c   Section       26  main.o(.data)
    .data                                    0x20000068   Section        4  stdout.o(.data)
    .data                                    0x2000006c   Section        4  errno.o(.data)
    _errno                                   0x2000006c   Data           4  errno.o(.data)
    STACK                                    0x20000070   Section     1024  startup_stm32f10x_md.o(STACK)

    Global Symbols

    Symbol Name                              Value     Ov Type        Size  Object(Section)

    BuildAttributes$$THM_ISAv4$P$D$K$B$S$PE$A:L22UL41UL21$X:L11$S22US41US21$IEEE1$IW$USESV6$~STKCKD$USESV7$~SHL$OTIME$ROPI$IEEEX$EBA8$MICROLIB$REQ8$PRES8$EABIv2 0x00000000   Number         0  anon$$obj.o ABSOLUTE
    __ARM_use_no_argv                        0x00000000   Number         0  main.o ABSOLUTE
    _printf_a                                0x00000000   Number         0  stubs.o ABSOLUTE
    _printf_c                                0x00000000   Number         0  stubs.o ABSOLUTE
    _printf_charcount                        0x00000000   Number         0  stubs.o ABSOLUTE
    _printf_d                                0x00000000   Number         0  stubs.o ABSOLUTE
    _printf_e                                0x00000000   Number         0  stubs.o ABSOLUTE
    _printf_f                                0x00000000   Number         0  stubs.o ABSOLUTE
    _printf_flags                            0x00000000   Number         0  stubs.o ABSOLUTE
    _printf_fp_dec                           0x00000000   Number         0  stubs.o ABSOLUTE
    _printf_fp_hex                           0x00000000   Number         0  stubs.o ABSOLUTE
    _printf_g                                0x00000000   Number         0  stubs.o ABSOLUTE
    _printf_i                                0x00000000   Number         0  stubs.o ABSOLUTE
    _printf_int_dec                          0x00000000   Number         0  stubs.o ABSOLUTE
    _printf_l                                0x00000000   Number         0  stubs.o ABSOLUTE
    _printf_lc                               0x00000000   Number         0  stubs.o ABSOLUTE
    _printf_ll                               0x00000000   Number         0  stubs.o ABSOLUTE
    _printf_lld                              0x00000000   Number         0  stubs.o ABSOLUTE
    _printf_lli                              0x00000000   Number         0  stubs.o ABSOLUTE
    _printf_llo                              0x00000000   Number         0  stubs.o ABSOLUTE
    _printf_llu                              0x00000000   Number         0  stubs.o ABSOLUTE
    _printf_llx                              0x00000000   Number         0  stubs.o ABSOLUTE
    _printf_longlong_dec                     0x00000000   Number         0  stubs.o ABSOLUTE
    _printf_longlong_hex                     0x00000000   Number         0  stubs.o ABSOLUTE
    _printf_longlong_oct                     0x00000000   Number         0  stubs.o ABSOLUTE
    _printf_ls                               0x00000000   Number         0  stubs.o ABSOLUTE
    _printf_mbtowc                           0x00000000   Number         0  stubs.o ABSOLUTE
    _printf_n                                0x00000000   Number         0  stubs.o ABSOLUTE
    _printf_o                                0x00000000   Number         0  stubs.o ABSOLUTE
    _printf_p                                0x00000000   Number         0  stubs.o ABSOLUTE
    _printf_percent                          0x00000000   Number         0  stubs.o ABSOLUTE
    _printf_pre_padding                      0x00000000   Number         0  stubs.o ABSOLUTE
    _printf_return_value                     0x00000000   Number         0  stubs.o ABSOLUTE
    _printf_s                                0x00000000   Number         0  stubs.o ABSOLUTE
    _printf_sizespec                         0x00000000   Number         0  stubs.o ABSOLUTE
    _printf_str                              0x00000000   Number         0  stubs.o ABSOLUTE
    _printf_truncate_signed                  0x00000000   Number         0  stubs.o ABSOLUTE
    _printf_truncate_unsigned                0x00000000   Number         0  stubs.o ABSOLUTE
    _printf_u                                0x00000000   Number         0  stubs.o ABSOLUTE
    _printf_wc                               0x00000000   Number         0  stubs.o ABSOLUTE
    _printf_wctomb                           0x00000000   Number         0  stubs.o ABSOLUTE
    _printf_widthprec                        0x00000000   Number         0  stubs.o ABSOLUTE
    _printf_x                                0x00000000   Number         0  stubs.o ABSOLUTE
    __cpp_initialize__aeabi_                  - Undefined Weak Reference
    __cxa_finalize                            - Undefined Weak Reference
    __decompress                              - Undefined Weak Reference
    _clock_init                               - Undefined Weak Reference
    _microlib_exit                            - Undefined Weak Reference
    __Vectors_Size                           0x000000ec   Number         0  startup_stm32f10x_md.o ABSOLUTE
    __Vectors                                0x08000000   Data           4  startup_stm32f10x_md.o(RESET)
    __Vectors_End                            0x080000ec   Data           0  startup_stm32f10x_md.o(RESET)
    __main                                   0x080000ed   Thumb Code     0  entry.o(.ARM.Collect$$$$00000000)
    _main_stk                                0x080000ed   Thumb Code     0  entry2.o(.ARM.Collect$$$$00000001)
    _main_scatterload                        0x080000f1   Thumb Code     0  entry5.o(.ARM.Collect$$$$00000004)
    __main_after_scatterload                 0x080000f5   Thumb Code     0  entry5.o(.ARM.Collect$$$$00000004)
    _main_clock                              0x080000f5   Thumb Code     0  entry7b.o(.ARM.Collect$$$$00000008)
    _main_cpp_init                           0x080000f5   Thumb Code     0  entry8b.o(.ARM.Collect$$$$0000000A)
    _main_init                               0x080000f5   Thumb Code     0  entry9a.o(.ARM.Collect$$$$0000000B)
    __rt_final_cpp                           0x080000fd   Thumb Code     0  entry10a.o(.ARM.Collect$$$$0000000D)
    __rt_final_exit                          0x080000fd   Thumb Code     0  entry11a.o(.ARM.Collect$$$$0000000F)
    Reset_Handler                            0x08000101   Thumb Code     8  startup_stm32f10x_md.o(.text)
    ADC1_2_IRQHandler                        0x0800011b   Thumb Code     0  startup_stm32f10x_md.o(.text)
    CAN1_RX1_IRQHandler                      0x0800011b   Thumb Code     0  startup_stm32f10x_md.o(.text)
    CAN1_SCE_IRQHandler                      0x0800011b   Thumb Code     0  startup_stm32f10x_md.o(.text)
    DMA1_Channel1_IRQHandler                 0x0800011b   Thumb Code     0  startup_stm32f10x_md.o(.text)
    DMA1_Channel2_IRQHandler                 0x0800011b   Thumb Code     0  startup_stm32f10x_md.o(.text)
    DMA1_Channel3_IRQHandler                 0x0800011b   Thumb Code     0  startup_stm32f10x_md.o(.text)
    DMA1_Channel4_IRQHandler                 0x0800011b   Thumb Code     0  startup_stm32f10x_md.o(.text)
    DMA1_Channel5_IRQHandler                 0x0800011b   Thumb Code     0  startup_stm32f10x_md.o(.text)
    DMA1_Channel6_IRQHandler                 0x0800011b   Thumb Code     0  startup_stm32f10x_md.o(.text)
    DMA1_Channel7_IRQHandler                 0x0800011b   Thumb Code     0  startup_stm32f10x_md.o(.text)
    EXTI0_IRQHandler                         0x0800011b   Thumb Code     0  startup_stm32f10x_md.o(.text)
    EXTI15_10_IRQHandler                     0x0800011b   Thumb Code     0  startup_stm32f10x_md.o(.text)
    EXTI1_IRQHandler                         0x0800011b   Thumb Code     0  startup_stm32f10x_md.o(.text)
    EXTI2_IRQHandler                         0x0800011b   Thumb Code     0  startup_stm32f10x_md.o(.text)
    EXTI3_IRQHandler                         0x0800011b   Thumb Code     0  startup_stm32f10x_md.o(.text)
    EXTI4_IRQHandler                         0x0800011b   Thumb Code     0  startup_stm32f10x_md.o(.text)
    EXTI9_5_IRQHandler                       0x0800011b   Thumb Code     0  startup_stm32f10x_md.o(.text)
    FLASH_IRQHandler                         0x0800011b   Thumb Code     0  startup_stm32f10x_md.o(.text)
    I2C1_ER_IRQHandler                       0x0800011b   Thumb Code     0  startup_stm32f10x_md.o(.text)
    I2C1_EV_IRQHandler                       0x0800011b   Thumb Code     0  startup_stm32f10x_md.o(.text)
    I2C2_ER_IRQHandler                       0x0800011b   Thumb Code     0  startup_stm32f10x_md.o(.text)
    I2C2_EV_IRQHandler                       0x0800011b   Thumb Code     0  startup_stm32f10x_md.o(.text)
    PVD_IRQHandler                           0x0800011b   Thumb Code     0  startup_stm32f10x_md.o(.text)
    RCC_IRQHandler                           0x0800011b   Thumb Code     0  startup_stm32f10x_md.o(.text)
    RTCAlarm_IRQHandler                      0x0800011b   Thumb Code     0  startup_stm32f10x_md.o(.text)
    RTC_IRQHandler                           0x0800011b   Thumb Code     0  startup_stm32f10x_md.o(.text)
    SPI1_IRQHandler                          0x0800011b   Thumb Code     0  startup_stm32f10x_md.o(.text)
    SPI2_IRQHandler                          0x0800011b   Thumb Code     0  startup_stm32f10x_md.o(.text)
    TAMPER_IRQHandler                        0x0800011b   Thumb Code     0  startup_stm32f10x_md.o(.text)
    TIM1_BRK_IRQHandler                      0x0800011b   Thumb Code     0  startup_stm32f10x_md.o(.text)
    TIM1_CC_IRQHandler                       0x0800011b   Thumb Code     0  startup_stm32f10x_md.o(.text)
    TIM1_TRG_COM_IRQHandler                  0x0800011b   Thumb Code     0  startup_stm32f10x_md.o(.text)
    TIM1_UP_IRQHandler                       0x0800011b   Thumb Code     0  startup_stm32f10x_md.o(.text)
    TIM3_IRQHandler                          0x0800011b   Thumb Code     0  startup_stm32f10x_md.o(.text)
    TIM4_IRQHandler                          0x0800011b   Thumb Code     0  startup_stm32f10x_md.o(.text)
    USART2_IRQHandler                        0x0800011b   Thumb Code     0  startup_stm32f10x_md.o(.text)
    USART3_IRQHandler                        0x0800011b   Thumb Code     0  startup_stm32f10x_md.o(.text)
    USBWakeUp_IRQHandler                     0x0800011b   Thumb Code     0  startup_stm32f10x_md.o(.text)
    USB_HP_CAN1_TX_IRQHandler                0x0800011b   Thumb Code     0  startup_stm32f10x_md.o(.text)
    USB_LP_CAN1_RX0_IRQHandler               0x0800011b   Thumb Code     0  startup_stm32f10x_md.o(.text)
    WWDG_IRQHandler                          0x0800011b   Thumb Code     0  startup_stm32f10x_md.o(.text)
    __aeabi_fadd                             0x08000125   Thumb Code   164  fadd.o(.text)
    __aeabi_fsub                             0x080001c9   Thumb Code     6  fadd.o(.text)
    __aeabi_frsub                            0x080001cf   Thumb Code     6  fadd.o(.text)
    __aeabi_fmul                             0x080001d5   Thumb Code   100  fmul.o(.text)
    __aeabi_fdiv                             0x08000239   Thumb Code   124  fdiv.o(.text)
    __aeabi_dadd                             0x080002b5   Thumb Code   322  dadd.o(.text)
    __aeabi_dsub                             0x080003f7   Thumb Code     6  dadd.o(.text)
    __aeabi_drsub                            0x080003fd   Thumb Code     6  dadd.o(.text)
    __aeabi_dmul                             0x08000403   Thumb Code   228  dmul.o(.text)
    __aeabi_ddiv                             0x080004e7   Thumb Code   222  ddiv.o(.text)
    __aeabi_i2f                              0x080005c5   Thumb Code    18  fflti.o(.text)
    __aeabi_ui2d                             0x080005d7   Thumb Code    26  dfltui.o(.text)
    __aeabi_f2uiz                            0x080005f1   Thumb Code    40  ffixui.o(.text)
    __aeabi_d2uiz                            0x08000619   Thumb Code    50  dfixui.o(.text)
    __aeabi_f2d                              0x0800064b   Thumb Code    38  f2d.o(.text)
    __aeabi_cdcmpeq                          0x08000671   Thumb Code     0  cdcmple.o(.text)
    __aeabi_cdcmple                          0x08000671   Thumb Code    48  cdcmple.o(.text)
    __aeabi_cdrcmple                         0x080006a1   Thumb Code    48  cdrcmple.o(.text)
    __aeabi_d2f                              0x080006d1   Thumb Code    56  d2f.o(.text)
    __aeabi_cfcmpeq                          0x08000709   Thumb Code     0  cfcmple.o(.text)
    __aeabi_cfcmple                          0x08000709   Thumb Code    20  cfcmple.o(.text)
    __aeabi_cfrcmple                         0x0800071d   Thumb Code    20  cfrcmple.o(.text)
    __aeabi_uidiv                            0x08000731   Thumb Code     0  uidiv.o(.text)
    __aeabi_uidivmod                         0x08000731   Thumb Code    44  uidiv.o(.text)
    __aeabi_uldivmod                         0x0800075d   Thumb Code    98  uldiv.o(.text)
    __aeabi_llsl                             0x080007bf   Thumb Code    30  llshl.o(.text)
    _ll_shift_l                              0x080007bf   Thumb Code     0  llshl.o(.text)
    __aeabi_llsr                             0x080007dd   Thumb Code    32  llushr.o(.text)
    _ll_ushift_r                             0x080007dd   Thumb Code     0  llushr.o(.text)
    __aeabi_lasr                             0x080007fd   Thumb Code    36  llsshr.o(.text)
    _ll_sshift_r                             0x080007fd   Thumb Code     0  llsshr.o(.text)
    __I$use$fp                               0x08000821   Thumb Code     0  iusefp.o(.text)
    _float_round                             0x08000821   Thumb Code    18  fepilogue.o(.text)
    _float_epilogue                          0x08000833   Thumb Code    92  fepilogue.o(.text)
    _double_round                            0x0800088f   Thumb Code    30  depilogue.o(.text)
    _double_epilogue                         0x080008ad   Thumb Code   156  depilogue.o(.text)
    _dsqrt                                   0x08000949   Thumb Code   162  dsqrt.o(.text)
    _drem                                    0x080009eb   Thumb Code   134  drem.o(.text)
    __aeabi_d2ulz                            0x08000a71   Thumb Code    48  dfixul.o(.text)
    __scatterload                            0x08000aa1   Thumb Code    28  init.o(.text)
    __scatterload_rt2                        0x08000aa1   Thumb Code     0  init.o(.text)
    __ARM_scalbn                             0x08000ac5   Thumb Code    46  dscalb.o(.text)
    scalbn                                   0x08000ac5   Thumb Code     0  dscalb.o(.text)
    __aeabi_i2d                              0x08000af3   Thumb Code    34  dflti.o(.text)
    __aeabi_d2iz                             0x08000b15   Thumb Code    62  dfixi.o(.text)
    AS5600_GetRawData                        0x08000b53   Thumb Code    96  as5600.o(i.AS5600_GetRawData)
    AS5600_Init                              0x08000bb3   Thumb Code     8  as5600.o(i.AS5600_Init)
    Angle_FOC                                0x08000bbd   Thumb Code    74  bsp_foc.o(i.Angle_FOC)
    BSP_Init                                 0x08000c11   Thumb Code    28  main.o(i.BSP_Init)
    BSP_TIM                                  0x08000c2d   Thumb Code   122  bsp_tim.o(i.BSP_TIM)
    BusFault_Handler                         0x08000ca7   Thumb Code     4  stm32f10x_it.o(i.BusFault_Handler)
    DebugMon_Handler                         0x08000cab   Thumb Code     2  stm32f10x_it.o(i.DebugMon_Handler)
    Delay_ms                                 0x08000cad   Thumb Code    24  delay.o(i.Delay_ms)
    Delay_us                                 0x08000cc5   Thumb Code    46  delay.o(i.Delay_us)
    Encoder_Get_counter                      0x08000cf5   Thumb Code    12  encoder.o(i.Encoder_Get_counter)
    Encoder_Init                             0x08000d05   Thumb Code   152  encoder.o(i.Encoder_Init)
    FOC_Angle_Continuous                     0x08000da5   Thumb Code    82  bsp_tim.o(i.FOC_Angle_Continuous)
    GPIO_Init                                0x08000e0d   Thumb Code   278  stm32f10x_gpio.o(i.GPIO_Init)
    GPIO_PinRemapConfig                      0x08000f25   Thumb Code   138  stm32f10x_gpio.o(i.GPIO_PinRemapConfig)
    GPIO_ReadInputDataBit                    0x08000fb5   Thumb Code    18  stm32f10x_gpio.o(i.GPIO_ReadInputDataBit)
    GPIO_SetBits                             0x08000fc7   Thumb Code     4  stm32f10x_gpio.o(i.GPIO_SetBits)
    GPIO_WriteBit                            0x08000fcb   Thumb Code    10  stm32f10x_gpio.o(i.GPIO_WriteBit)
    GetAngle                                 0x08000fd5   Thumb Code   128  as5600.o(i.GetAngle)
    GetAngle_NoTrack                         0x08001065   Thumb Code    32  as5600.o(i.GetAngle_NoTrack)
    HardFault_Handler                        0x08001089   Thumb Code     4  stm32f10x_it.o(i.HardFault_Handler)
    I2C_R_SDA                                0x0800108d   Thumb Code    18  myi2c.o(i.I2C_R_SDA)
    I2C_RecviveAck                           0x080010a5   Thumb Code    30  myi2c.o(i.I2C_RecviveAck)
    I2C_RecviveData                          0x080010c3   Thumb Code    52  myi2c.o(i.I2C_RecviveData)
    I2C_SendAck                              0x080010f7   Thumb Code    24  myi2c.o(i.I2C_SendAck)
    I2C_SendByte                             0x0800110f   Thumb Code    42  myi2c.o(i.I2C_SendByte)
    I2C_Start                                0x08001139   Thumb Code    28  myi2c.o(i.I2C_Start)
    I2C_Stop                                 0x08001155   Thumb Code    22  myi2c.o(i.I2C_Stop)
    I2C_W_SCL                                0x0800116d   Thumb Code    18  myi2c.o(i.I2C_W_SCL)
    I2C_W_SDA                                0x08001185   Thumb Code    18  myi2c.o(i.I2C_W_SDA)
    LPE_VELOCITY                             0x0800119d   Thumb Code    74  bsp_tim.o(i.LPE_VELOCITY)
    MemManage_Handler                        0x080011fd   Thumb Code     4  stm32f10x_it.o(i.MemManage_Handler)
    MyI2C_Init                               0x08001201   Thumb Code    50  myi2c.o(i.MyI2C_Init)
    NMI_Handler                              0x08001239   Thumb Code     2  stm32f10x_it.o(i.NMI_Handler)
    NVIC_Init                                0x0800123d   Thumb Code   100  misc.o(i.NVIC_Init)
    NVIC_PriorityGroupConfig                 0x080012ad   Thumb Code    10  misc.o(i.NVIC_PriorityGroupConfig)
    OLED_Clear                               0x080012c1   Thumb Code    42  oled.o(i.OLED_Clear)
    OLED_I2C_Init                            0x080012ed   Thumb Code    76  oled.o(i.OLED_I2C_Init)
    OLED_I2C_SendByte                        0x0800133d   Thumb Code    88  oled.o(i.OLED_I2C_SendByte)
    OLED_I2C_Start                           0x08001399   Thumb Code    48  oled.o(i.OLED_I2C_Start)
    OLED_I2C_Stop                            0x080013cd   Thumb Code    36  oled.o(i.OLED_I2C_Stop)
    OLED_Init                                0x080013f5   Thumb Code   174  oled.o(i.OLED_Init)
    OLED_SetCursor                           0x080014a3   Thumb Code    34  oled.o(i.OLED_SetCursor)
    OLED_WriteCommand                        0x080014c5   Thumb Code    32  oled.o(i.OLED_WriteCommand)
    OLED_WriteData                           0x080014e5   Thumb Code    32  oled.o(i.OLED_WriteData)
    PWM_Init                                 0x08001505   Thumb Code   198  bsp_foc.o(i.PWM_Init)
    PendSV_Handler                           0x080015d5   Thumb Code     2  stm32f10x_it.o(i.PendSV_Handler)
    RCC_APB1PeriphClockCmd                   0x080015d9   Thumb Code    26  stm32f10x_rcc.o(i.RCC_APB1PeriphClockCmd)
    RCC_APB2PeriphClockCmd                   0x080015f9   Thumb Code    26  stm32f10x_rcc.o(i.RCC_APB2PeriphClockCmd)
    RCC_GetClocksFreq                        0x08001619   Thumb Code   192  stm32f10x_rcc.o(i.RCC_GetClocksFreq)
    SVC_Handler                              0x080016ed   Thumb Code     2  stm32f10x_it.o(i.SVC_Handler)
    Serial_Init                              0x080016f1   Thumb Code   184  serial.o(i.Serial_Init)
    Serial_SendByte                          0x080017b5   Thumb Code    28  serial.o(i.Serial_SendByte)
    SetSVPWM_FOC                             0x080017d5   Thumb Code  1214  bsp_foc.o(i.SetSVPWM_FOC)
    Speed_PID                                0x08001dc5   Thumb Code   152  bsp_pid.o(i.Speed_PID)
    SysTick_Handler                          0x08001e6d   Thumb Code     2  stm32f10x_it.o(i.SysTick_Handler)
    SystemInit                               0x08001e71   Thumb Code    78  system_stm32f10x.o(i.SystemInit)
    TIM2_IRQHandler                          0x08002111   Thumb Code   238  bsp_tim.o(i.TIM2_IRQHandler)
    TIM_ARRPreloadConfig                     0x08002231   Thumb Code    24  stm32f10x_tim.o(i.TIM_ARRPreloadConfig)
    TIM_ClearFlag                            0x08002249   Thumb Code     6  stm32f10x_tim.o(i.TIM_ClearFlag)
    TIM_ClearITPendingBit                    0x0800224f   Thumb Code     6  stm32f10x_tim.o(i.TIM_ClearITPendingBit)
    TIM_Cmd                                  0x08002255   Thumb Code    24  stm32f10x_tim.o(i.TIM_Cmd)
    TIM_CtrlPWMOutputs                       0x0800226d   Thumb Code    30  stm32f10x_tim.o(i.TIM_CtrlPWMOutputs)
    TIM_EncoderInterfaceConfig               0x0800228b   Thumb Code    66  stm32f10x_tim.o(i.TIM_EncoderInterfaceConfig)
    TIM_GetCounter                           0x080022cd   Thumb Code     6  stm32f10x_tim.o(i.TIM_GetCounter)
    TIM_GetITStatus                          0x080022d3   Thumb Code    34  stm32f10x_tim.o(i.TIM_GetITStatus)
    TIM_ICInit                               0x080022f5   Thumb Code   150  stm32f10x_tim.o(i.TIM_ICInit)
    TIM_ICStructInit                         0x080023a1   Thumb Code    18  stm32f10x_tim.o(i.TIM_ICStructInit)
    TIM_ITConfig                             0x080023b3   Thumb Code    18  stm32f10x_tim.o(i.TIM_ITConfig)
    TIM_InternalClockConfig                  0x080023c5   Thumb Code    12  stm32f10x_tim.o(i.TIM_InternalClockConfig)
    TIM_OC1Init                              0x080023d1   Thumb Code   132  stm32f10x_tim.o(i.TIM_OC1Init)
    TIM_OC1PreloadConfig                     0x08002469   Thumb Code    18  stm32f10x_tim.o(i.TIM_OC1PreloadConfig)
    TIM_OC2Init                              0x0800247d   Thumb Code   154  stm32f10x_tim.o(i.TIM_OC2Init)
    TIM_OC2PreloadConfig                     0x08002521   Thumb Code    26  stm32f10x_tim.o(i.TIM_OC2PreloadConfig)
    TIM_OC3Init                              0x0800253d   Thumb Code   150  stm32f10x_tim.o(i.TIM_OC3Init)
    TIM_OC3PreloadConfig                     0x080025dd   Thumb Code    18  stm32f10x_tim.o(i.TIM_OC3PreloadConfig)
    TIM_SetCompare1                          0x080025ef   Thumb Code     4  stm32f10x_tim.o(i.TIM_SetCompare1)
    TIM_SetCompare2                          0x080025f3   Thumb Code     4  stm32f10x_tim.o(i.TIM_SetCompare2)
    TIM_SetCompare3                          0x080025f7   Thumb Code     4  stm32f10x_tim.o(i.TIM_SetCompare3)
    TIM_SetIC1Prescaler                      0x080025fb   Thumb Code    18  stm32f10x_tim.o(i.TIM_SetIC1Prescaler)
    TIM_SetIC2Prescaler                      0x0800260d   Thumb Code    26  stm32f10x_tim.o(i.TIM_SetIC2Prescaler)
    TIM_SetIC3Prescaler                      0x08002627   Thumb Code    18  stm32f10x_tim.o(i.TIM_SetIC3Prescaler)
    TIM_SetIC4Prescaler                      0x08002639   Thumb Code    26  stm32f10x_tim.o(i.TIM_SetIC4Prescaler)
    TIM_TimeBaseInit                         0x08002655   Thumb Code   122  stm32f10x_tim.o(i.TIM_TimeBaseInit)
    USART1_IRQHandler                        0x080026f9   Thumb Code    44  serial.o(i.USART1_IRQHandler)
    USART_ClearITPendingBit                  0x08002731   Thumb Code    30  stm32f10x_usart.o(i.USART_ClearITPendingBit)
    USART_Cmd                                0x0800274f   Thumb Code    24  stm32f10x_usart.o(i.USART_Cmd)
    USART_GetFlagStatus                      0x08002767   Thumb Code    26  stm32f10x_usart.o(i.USART_GetFlagStatus)
    USART_GetITStatus                        0x08002781   Thumb Code    84  stm32f10x_usart.o(i.USART_GetITStatus)
    USART_ITConfig                           0x080027d5   Thumb Code    74  stm32f10x_usart.o(i.USART_ITConfig)
    USART_Init                               0x08002821   Thumb Code   210  stm32f10x_usart.o(i.USART_Init)
    USART_ReceiveData                        0x080028f9   Thumb Code    10  stm32f10x_usart.o(i.USART_ReceiveData)
    USART_SendData                           0x08002903   Thumb Code     8  stm32f10x_usart.o(i.USART_SendData)
    UsageFault_Handler                       0x0800290b   Thumb Code     4  stm32f10x_it.o(i.UsageFault_Handler)
    Zero_Get                                 0x08002911   Thumb Code   144  main.o(i.Zero_Get)
    __0printf                                0x080029b5   Thumb Code    22  printfa.o(i.__0printf)
    __1printf                                0x080029b5   Thumb Code     0  printfa.o(i.__0printf)
    __2printf                                0x080029b5   Thumb Code     0  printfa.o(i.__0printf)
    __c89printf                              0x080029b5   Thumb Code     0  printfa.o(i.__0printf)
    printf                                   0x080029b5   Thumb Code     0  printfa.o(i.__0printf)
    __ARM_fpclassify                         0x080029d5   Thumb Code    40  fpclassify.o(i.__ARM_fpclassify)
    __ieee754_rem_pio2                       0x080029fd   Thumb Code   828  rred.o(i.__ieee754_rem_pio2)
    __kernel_cos                             0x08002d85   Thumb Code   230  cos_i.o(i.__kernel_cos)
    __kernel_poly                            0x08002e81   Thumb Code   170  poly.o(i.__kernel_poly)
    __kernel_sin                             0x08002f2d   Thumb Code   224  sin_i.o(i.__kernel_sin)
    __mathlib_dbl_infnan                     0x08003019   Thumb Code     6  dunder.o(i.__mathlib_dbl_infnan)
    __mathlib_dbl_invalid                    0x0800301f   Thumb Code    12  dunder.o(i.__mathlib_dbl_invalid)
    __mathlib_dbl_underflow                  0x0800302d   Thumb Code    10  dunder.o(i.__mathlib_dbl_underflow)
    __scatterload_copy                       0x0800303d   Thumb Code    14  handlers.o(i.__scatterload_copy)
    __scatterload_null                       0x0800304b   Thumb Code     2  handlers.o(i.__scatterload_null)
    __scatterload_zeroinit                   0x0800304d   Thumb Code    14  handlers.o(i.__scatterload_zeroinit)
    __set_errno                              0x0800305d   Thumb Code     6  errno.o(i.__set_errno)
    cos                                      0x080038fd   Thumb Code   148  cos.o(i.cos)
    fmod                                     0x08003999   Thumb Code   144  fmod.o(i.fmod)
    fputc                                    0x08003a2d   Thumb Code    16  serial.o(i.fputc)
    main                                     0x08003a3d   Thumb Code   104  main.o(i.main)
    setPhaseVoltage_FOC2                     0x08003ac5   Thumb Code    20  bsp_foc.o(i.setPhaseVoltage_FOC2)
    sin                                      0x08003ad9   Thumb Code   150  sin.o(i.sin)
    sqrt                                     0x08003b79   Thumb Code    76  sqrt.o(i.sqrt)
    Region$$Table$$Base                      0x08003ce8   Number         0  anon$$obj.o(Region$$Table)
    Region$$Table$$Limit                     0x08003d08   Number         0  anon$$obj.o(Region$$Table)
    Last_ts                                  0x20000014   Data           4  as5600.o(.data)
    last_angle                               0x20000018   Data           4  as5600.o(.data)
    full_rotations                           0x2000001c   Data           4  as5600.o(.data)
    Last_Angle                               0x20000020   Data           4  as5600.o(.data)
    Last_Vel_ts                              0x20000024   Data           4  as5600.o(.data)
    Vel_Last_Angle                           0x20000028   Data           4  as5600.o(.data)
    Serial_RxData                            0x2000002c   Data           1  serial.o(.data)
    Serial_RxFlag                            0x2000002d   Data           1  serial.o(.data)
    integral_vel_prev                        0x20000030   Data           4  bsp_pid.o(.data)
    Speed                                    0x2000003c   Data           4  bsp_tim.o(.data)
    Uq                                       0x20000040   Data           4  bsp_tim.o(.data)
    Zero_Angle                               0x2000004c   Data           4  main.o(.data)
    Speed_hope                               0x20000050   Data           4  main.o(.data)
    measure                                  0x20000054   Data           4  main.o(.data)
    Ta                                       0x20000058   Data           4  main.o(.data)
    Tb                                       0x2000005c   Data           4  main.o(.data)
    Tc                                       0x20000060   Data           4  main.o(.data)
    CNT                                      0x20000064   Data           2  main.o(.data)
    __stdout                                 0x20000068   Data           4  stdout.o(.data)
    __initial_sp                             0x20000470   Data           0  startup_stm32f10x_md.o(STACK)



==============================================================================

Memory Map of the image

  Image Entry point : 0x080000ed

  Load Region LR_IROM1 (Base: 0x08000000, Size: 0x00003d78, Max: 0x00010000, ABSOLUTE)

    Execution Region ER_IROM1 (Base: 0x08000000, Size: 0x00003d08, Max: 0x00010000, ABSOLUTE)

    Base Addr    Size         Type   Attr      Idx    E Section Name        Object

    0x08000000   0x000000ec   Data   RO            3    RESET               startup_stm32f10x_md.o
    0x080000ec   0x00000000   Code   RO         3868  * .ARM.Collect$$$$00000000  mc_w.l(entry.o)
    0x080000ec   0x00000004   Code   RO         4194    .ARM.Collect$$$$00000001  mc_w.l(entry2.o)
    0x080000f0   0x00000004   Code   RO         4197    .ARM.Collect$$$$00000004  mc_w.l(entry5.o)
    0x080000f4   0x00000000   Code   RO         4199    .ARM.Collect$$$$00000008  mc_w.l(entry7b.o)
    0x080000f4   0x00000000   Code   RO         4201    .ARM.Collect$$$$0000000A  mc_w.l(entry8b.o)
    0x080000f4   0x00000008   Code   RO         4202    .ARM.Collect$$$$0000000B  mc_w.l(entry9a.o)
    0x080000fc   0x00000000   Code   RO         4204    .ARM.Collect$$$$0000000D  mc_w.l(entry10a.o)
    0x080000fc   0x00000000   Code   RO         4206    .ARM.Collect$$$$0000000F  mc_w.l(entry11a.o)
    0x080000fc   0x00000004   Code   RO         4195    .ARM.Collect$$$$00002712  mc_w.l(entry2.o)
    0x08000100   0x00000024   Code   RO            4    .text               startup_stm32f10x_md.o
    0x08000124   0x000000b0   Code   RO         4132    .text               mf_w.l(fadd.o)
    0x080001d4   0x00000064   Code   RO         4134    .text               mf_w.l(fmul.o)
    0x08000238   0x0000007c   Code   RO         4136    .text               mf_w.l(fdiv.o)
    0x080002b4   0x0000014e   Code   RO         4138    .text               mf_w.l(dadd.o)
    0x08000402   0x000000e4   Code   RO         4140    .text               mf_w.l(dmul.o)
    0x080004e6   0x000000de   Code   RO         4142    .text               mf_w.l(ddiv.o)
    0x080005c4   0x00000012   Code   RO         4144    .text               mf_w.l(fflti.o)
    0x080005d6   0x0000001a   Code   RO         4148    .text               mf_w.l(dfltui.o)
    0x080005f0   0x00000028   Code   RO         4150    .text               mf_w.l(ffixui.o)
    0x08000618   0x00000032   Code   RO         4152    .text               mf_w.l(dfixui.o)
    0x0800064a   0x00000026   Code   RO         4154    .text               mf_w.l(f2d.o)
    0x08000670   0x00000030   Code   RO         4156    .text               mf_w.l(cdcmple.o)
    0x080006a0   0x00000030   Code   RO         4158    .text               mf_w.l(cdrcmple.o)
    0x080006d0   0x00000038   Code   RO         4160    .text               mf_w.l(d2f.o)
    0x08000708   0x00000014   Code   RO         4162    .text               mf_w.l(cfcmple.o)
    0x0800071c   0x00000014   Code   RO         4164    .text               mf_w.l(cfrcmple.o)
    0x08000730   0x0000002c   Code   RO         4209    .text               mc_w.l(uidiv.o)
    0x0800075c   0x00000062   Code   RO         4211    .text               mc_w.l(uldiv.o)
    0x080007be   0x0000001e   Code   RO         4213    .text               mc_w.l(llshl.o)
    0x080007dc   0x00000020   Code   RO         4215    .text               mc_w.l(llushr.o)
    0x080007fc   0x00000024   Code   RO         4217    .text               mc_w.l(llsshr.o)
    0x08000820   0x00000000   Code   RO         4226    .text               mc_w.l(iusefp.o)
    0x08000820   0x0000006e   Code   RO         4227    .text               mf_w.l(fepilogue.o)
    0x0800088e   0x000000ba   Code   RO         4229    .text               mf_w.l(depilogue.o)
    0x08000948   0x000000a2   Code   RO         4231    .text               mf_w.l(dsqrt.o)
    0x080009ea   0x00000086   Code   RO         4233    .text               mf_w.l(drem.o)
    0x08000a70   0x00000030   Code   RO         4235    .text               mf_w.l(dfixul.o)
    0x08000aa0   0x00000024   Code   RO         4241    .text               mc_w.l(init.o)
    0x08000ac4   0x0000002e   Code   RO         4243    .text               mf_w.l(dscalb.o)
    0x08000af2   0x00000022   Code   RO         4245    .text               mf_w.l(dflti.o)
    0x08000b14   0x0000003e   Code   RO         4247    .text               mf_w.l(dfixi.o)
    0x08000b52   0x00000060   Code   RO         3432    i.AS5600_GetRawData  as5600.o
    0x08000bb2   0x00000008   Code   RO         3433    i.AS5600_Init       as5600.o
    0x08000bba   0x00000002   PAD
    0x08000bbc   0x00000054   Code   RO         3397    i.Angle_FOC         bsp_foc.o
    0x08000c10   0x0000001c   Code   RO         3723    i.BSP_Init          main.o
    0x08000c2c   0x0000007a   Code   RO         3662    i.BSP_TIM           bsp_tim.o
    0x08000ca6   0x00000004   Code   RO         3773    i.BusFault_Handler  stm32f10x_it.o
    0x08000caa   0x00000002   Code   RO         3774    i.DebugMon_Handler  stm32f10x_it.o
    0x08000cac   0x00000018   Code   RO         3196    i.Delay_ms          delay.o
    0x08000cc4   0x0000002e   Code   RO         3198    i.Delay_us          delay.o
    0x08000cf2   0x00000002   PAD
    0x08000cf4   0x00000010   Code   RO         3705    i.Encoder_Get_counter  encoder.o
    0x08000d04   0x000000a0   Code   RO         3706    i.Encoder_Init      encoder.o
    0x08000da4   0x00000068   Code   RO         3663    i.FOC_Angle_Continuous  bsp_tim.o
    0x08000e0c   0x00000116   Code   RO         1347    i.GPIO_Init         stm32f10x_gpio.o
    0x08000f22   0x00000002   PAD
    0x08000f24   0x00000090   Code   RO         1349    i.GPIO_PinRemapConfig  stm32f10x_gpio.o
    0x08000fb4   0x00000012   Code   RO         1351    i.GPIO_ReadInputDataBit  stm32f10x_gpio.o
    0x08000fc6   0x00000004   Code   RO         1355    i.GPIO_SetBits      stm32f10x_gpio.o
    0x08000fca   0x0000000a   Code   RO         1358    i.GPIO_WriteBit     stm32f10x_gpio.o
    0x08000fd4   0x00000090   Code   RO         3437    i.GetAngle          as5600.o
    0x08001064   0x00000024   Code   RO         3438    i.GetAngle_NoTrack  as5600.o
    0x08001088   0x00000004   Code   RO         3775    i.HardFault_Handler  stm32f10x_it.o
    0x0800108c   0x00000018   Code   RO         3499    i.I2C_R_SDA         myi2c.o
    0x080010a4   0x0000001e   Code   RO         3500    i.I2C_RecviveAck    myi2c.o
    0x080010c2   0x00000034   Code   RO         3501    i.I2C_RecviveData   myi2c.o
    0x080010f6   0x00000018   Code   RO         3502    i.I2C_SendAck       myi2c.o
    0x0800110e   0x0000002a   Code   RO         3503    i.I2C_SendByte      myi2c.o
    0x08001138   0x0000001c   Code   RO         3504    i.I2C_Start         myi2c.o
    0x08001154   0x00000016   Code   RO         3505    i.I2C_Stop          myi2c.o
    0x0800116a   0x00000002   PAD
    0x0800116c   0x00000018   Code   RO         3506    i.I2C_W_SCL         myi2c.o
    0x08001184   0x00000018   Code   RO         3507    i.I2C_W_SDA         myi2c.o
    0x0800119c   0x00000060   Code   RO         3664    i.LPE_VELOCITY      bsp_tim.o
    0x080011fc   0x00000004   Code   RO         3776    i.MemManage_Handler  stm32f10x_it.o
    0x08001200   0x00000038   Code   RO         3508    i.MyI2C_Init        myi2c.o
    0x08001238   0x00000002   Code   RO         3777    i.NMI_Handler       stm32f10x_it.o
    0x0800123a   0x00000002   PAD
    0x0800123c   0x00000070   Code   RO          137    i.NVIC_Init         misc.o
    0x080012ac   0x00000014   Code   RO          138    i.NVIC_PriorityGroupConfig  misc.o
    0x080012c0   0x0000002a   Code   RO         3289    i.OLED_Clear        oled.o
    0x080012ea   0x00000002   PAD
    0x080012ec   0x00000050   Code   RO         3290    i.OLED_I2C_Init     oled.o
    0x0800133c   0x0000005c   Code   RO         3291    i.OLED_I2C_SendByte  oled.o
    0x08001398   0x00000034   Code   RO         3292    i.OLED_I2C_Start    oled.o
    0x080013cc   0x00000028   Code   RO         3293    i.OLED_I2C_Stop     oled.o
    0x080013f4   0x000000ae   Code   RO         3294    i.OLED_Init         oled.o
    0x080014a2   0x00000022   Code   RO         3296    i.OLED_SetCursor    oled.o
    0x080014c4   0x00000020   Code   RO         3303    i.OLED_WriteCommand  oled.o
    0x080014e4   0x00000020   Code   RO         3304    i.OLED_WriteData    oled.o
    0x08001504   0x000000d0   Code   RO         3398    i.PWM_Init          bsp_foc.o
    0x080015d4   0x00000002   Code   RO         3778    i.PendSV_Handler    stm32f10x_it.o
    0x080015d6   0x00000002   PAD
    0x080015d8   0x00000020   Code   RO         1775    i.RCC_APB1PeriphClockCmd  stm32f10x_rcc.o
    0x080015f8   0x00000020   Code   RO         1777    i.RCC_APB2PeriphClockCmd  stm32f10x_rcc.o
    0x08001618   0x000000d4   Code   RO         1785    i.RCC_GetClocksFreq  stm32f10x_rcc.o
    0x080016ec   0x00000002   Code   RO         3779    i.SVC_Handler       stm32f10x_it.o
    0x080016ee   0x00000002   PAD
    0x080016f0   0x000000c4   Code   RO         3567    i.Serial_Init       serial.o
    0x080017b4   0x00000020   Code   RO         3571    i.Serial_SendByte   serial.o
    0x080017d4   0x00000508   Code   RO         3399    i.SetSVPWM_FOC      bsp_foc.o
    0x08001cdc   0x00000008   Code   RO           24    i.SetSysClock       system_stm32f10x.o
    0x08001ce4   0x000000e0   Code   RO           25    i.SetSysClockTo72   system_stm32f10x.o
    0x08001dc4   0x000000a8   Code   RO         3647    i.Speed_PID         bsp_pid.o
    0x08001e6c   0x00000002   Code   RO         3780    i.SysTick_Handler   stm32f10x_it.o
    0x08001e6e   0x00000002   PAD
    0x08001e70   0x00000060   Code   RO           27    i.SystemInit        system_stm32f10x.o
    0x08001ed0   0x00000080   Code   RO         2405    i.TI1_Config        stm32f10x_tim.o
    0x08001f50   0x00000098   Code   RO         2406    i.TI2_Config        stm32f10x_tim.o
    0x08001fe8   0x00000090   Code   RO         2407    i.TI3_Config        stm32f10x_tim.o
    0x08002078   0x00000098   Code   RO         2408    i.TI4_Config        stm32f10x_tim.o
    0x08002110   0x00000120   Code   RO         3665    i.TIM2_IRQHandler   bsp_tim.o
    0x08002230   0x00000018   Code   RO         2409    i.TIM_ARRPreloadConfig  stm32f10x_tim.o
    0x08002248   0x00000006   Code   RO         2415    i.TIM_ClearFlag     stm32f10x_tim.o
    0x0800224e   0x00000006   Code   RO         2416    i.TIM_ClearITPendingBit  stm32f10x_tim.o
    0x08002254   0x00000018   Code   RO         2421    i.TIM_Cmd           stm32f10x_tim.o
    0x0800226c   0x0000001e   Code   RO         2423    i.TIM_CtrlPWMOutputs  stm32f10x_tim.o
    0x0800228a   0x00000042   Code   RO         2430    i.TIM_EncoderInterfaceConfig  stm32f10x_tim.o
    0x080022cc   0x00000006   Code   RO         2440    i.TIM_GetCounter    stm32f10x_tim.o
    0x080022d2   0x00000022   Code   RO         2442    i.TIM_GetITStatus   stm32f10x_tim.o
    0x080022f4   0x000000ac   Code   RO         2444    i.TIM_ICInit        stm32f10x_tim.o
    0x080023a0   0x00000012   Code   RO         2445    i.TIM_ICStructInit  stm32f10x_tim.o
    0x080023b2   0x00000012   Code   RO         2446    i.TIM_ITConfig      stm32f10x_tim.o
    0x080023c4   0x0000000c   Code   RO         2448    i.TIM_InternalClockConfig  stm32f10x_tim.o
    0x080023d0   0x00000098   Code   RO         2450    i.TIM_OC1Init       stm32f10x_tim.o
    0x08002468   0x00000012   Code   RO         2453    i.TIM_OC1PreloadConfig  stm32f10x_tim.o
    0x0800247a   0x00000002   PAD
    0x0800247c   0x000000a4   Code   RO         2455    i.TIM_OC2Init       stm32f10x_tim.o
    0x08002520   0x0000001a   Code   RO         2458    i.TIM_OC2PreloadConfig  stm32f10x_tim.o
    0x0800253a   0x00000002   PAD
    0x0800253c   0x000000a0   Code   RO         2460    i.TIM_OC3Init       stm32f10x_tim.o
    0x080025dc   0x00000012   Code   RO         2463    i.TIM_OC3PreloadConfig  stm32f10x_tim.o
    0x080025ee   0x00000004   Code   RO         2482    i.TIM_SetCompare1   stm32f10x_tim.o
    0x080025f2   0x00000004   Code   RO         2483    i.TIM_SetCompare2   stm32f10x_tim.o
    0x080025f6   0x00000004   Code   RO         2484    i.TIM_SetCompare3   stm32f10x_tim.o
    0x080025fa   0x00000012   Code   RO         2487    i.TIM_SetIC1Prescaler  stm32f10x_tim.o
    0x0800260c   0x0000001a   Code   RO         2488    i.TIM_SetIC2Prescaler  stm32f10x_tim.o
    0x08002626   0x00000012   Code   RO         2489    i.TIM_SetIC3Prescaler  stm32f10x_tim.o
    0x08002638   0x0000001a   Code   RO         2490    i.TIM_SetIC4Prescaler  stm32f10x_tim.o
    0x08002652   0x00000002   PAD
    0x08002654   0x000000a4   Code   RO         2492    i.TIM_TimeBaseInit  stm32f10x_tim.o
    0x080026f8   0x00000038   Code   RO         3574    i.USART1_IRQHandler  serial.o
    0x08002730   0x0000001e   Code   RO         2957    i.USART_ClearITPendingBit  stm32f10x_usart.o
    0x0800274e   0x00000018   Code   RO         2960    i.USART_Cmd         stm32f10x_usart.o
    0x08002766   0x0000001a   Code   RO         2963    i.USART_GetFlagStatus  stm32f10x_usart.o
    0x08002780   0x00000054   Code   RO         2964    i.USART_GetITStatus  stm32f10x_usart.o
    0x080027d4   0x0000004a   Code   RO         2966    i.USART_ITConfig    stm32f10x_usart.o
    0x0800281e   0x00000002   PAD
    0x08002820   0x000000d8   Code   RO         2967    i.USART_Init        stm32f10x_usart.o
    0x080028f8   0x0000000a   Code   RO         2974    i.USART_ReceiveData  stm32f10x_usart.o
    0x08002902   0x00000008   Code   RO         2977    i.USART_SendData    stm32f10x_usart.o
    0x0800290a   0x00000004   Code   RO         3781    i.UsageFault_Handler  stm32f10x_it.o
    0x0800290e   0x00000002   PAD
    0x08002910   0x000000a4   Code   RO         3724    i.Zero_Get          main.o
    0x080029b4   0x00000020   Code   RO         4104    i.__0printf         mc_w.l(printfa.o)
    0x080029d4   0x00000028   Code   RO         4237    i.__ARM_fpclassify  m_ws.l(fpclassify.o)
    0x080029fc   0x00000388   Code   RO         4183    i.__ieee754_rem_pio2  m_ws.l(rred.o)
    0x08002d84   0x000000fc   Code   RO         4166    i.__kernel_cos      m_ws.l(cos_i.o)
    0x08002e80   0x000000aa   Code   RO         4239    i.__kernel_poly     m_ws.l(poly.o)
    0x08002f2a   0x00000002   PAD
    0x08002f2c   0x000000ec   Code   RO         4188    i.__kernel_sin      m_ws.l(sin_i.o)
    0x08003018   0x00000006   Code   RO         4170    i.__mathlib_dbl_infnan  m_ws.l(dunder.o)
    0x0800301e   0x0000000c   Code   RO         4172    i.__mathlib_dbl_invalid  m_ws.l(dunder.o)
    0x0800302a   0x00000002   PAD
    0x0800302c   0x00000010   Code   RO         4175    i.__mathlib_dbl_underflow  m_ws.l(dunder.o)
    0x0800303c   0x0000000e   Code   RO         4251    i.__scatterload_copy  mc_w.l(handlers.o)
    0x0800304a   0x00000002   Code   RO         4252    i.__scatterload_null  mc_w.l(handlers.o)
    0x0800304c   0x0000000e   Code   RO         4253    i.__scatterload_zeroinit  mc_w.l(handlers.o)
    0x0800305a   0x00000002   PAD
    0x0800305c   0x0000000c   Code   RO         4221    i.__set_errno       mc_w.l(errno.o)
    0x08003068   0x00000164   Code   RO         4111    i._fp_digits        mc_w.l(printfa.o)
    0x080031cc   0x000006dc   Code   RO         4112    i._printf_core      mc_w.l(printfa.o)
    0x080038a8   0x00000024   Code   RO         4113    i._printf_post_padding  mc_w.l(printfa.o)
    0x080038cc   0x0000002e   Code   RO         4114    i._printf_pre_padding  mc_w.l(printfa.o)
    0x080038fa   0x00000002   PAD
    0x080038fc   0x0000009c   Code   RO         3837    i.cos               m_ws.l(cos.o)
    0x08003998   0x00000094   Code   RO         3845    i.fmod              m_ws.l(fmod.o)
    0x08003a2c   0x00000010   Code   RO         3575    i.fputc             serial.o
    0x08003a3c   0x00000088   Code   RO         3725    i.main              main.o
    0x08003ac4   0x00000014   Code   RO         3400    i.setPhaseVoltage_FOC2  bsp_foc.o
    0x08003ad8   0x000000a0   Code   RO         3853    i.sin               m_ws.l(sin.o)
    0x08003b78   0x0000004c   Code   RO         3861    i.sqrt              m_ws.l(sqrt.o)
    0x08003bc4   0x00000004   PAD
    0x08003bc8   0x00000030   Data   RO         4167    .constdata          m_ws.l(cos_i.o)
    0x08003bf8   0x000000c8   Data   RO         4185    .constdata          m_ws.l(rred.o)
    0x08003cc0   0x00000028   Data   RO         4189    .constdata          m_ws.l(sin_i.o)
    0x08003ce8   0x00000020   Data   RO         4249    Region$$Table       anon$$obj.o


    Execution Region RW_IRAM1 (Base: 0x20000000, Size: 0x00000470, Max: 0x00005000, ABSOLUTE)

    Base Addr    Size         Type   Attr      Idx    E Section Name        Object

    0x20000000   0x00000014   Data   RW         1805    .data               stm32f10x_rcc.o
    0x20000014   0x00000018   Data   RW         3440    .data               as5600.o
    0x2000002c   0x00000002   Data   RW         3576    .data               serial.o
    0x2000002e   0x00000002   PAD
    0x20000030   0x00000004   Data   RW         3648    .data               bsp_pid.o
    0x20000034   0x00000018   Data   RW         3666    .data               bsp_tim.o
    0x2000004c   0x0000001a   Data   RW         3726    .data               main.o
    0x20000066   0x00000002   PAD
    0x20000068   0x00000004   Data   RW         4208    .data               mc_w.l(stdout.o)
    0x2000006c   0x00000004   Data   RW         4222    .data               mc_w.l(errno.o)
    0x20000070   0x00000400   Zero   RW            1    STACK               startup_stm32f10x_md.o


==============================================================================

Image component sizes


      Code (inc. data)   RO Data    RW Data    ZI Data      Debug   Object Name

       284         20          0         24          0       2554   as5600.o
      1600        102          0          0          0       2793   bsp_foc.o
       168         16          0          4          0       1032   bsp_pid.o
       610         94          0         24          0       2785   bsp_tim.o
         0          0          0          0          0       4496   core_cm3.o
        70          0          0          0          0        954   delay.o
       176         12          0          0          0       1145   encoder.o
       328         52          0         26          0       1938   main.o
       132         22          0          0          0     204831   misc.o
       326         24          0          0          0       4956   myi2c.o
       578         16          0          0          0       4688   oled.o
       300         28          0          2          0       4274   serial.o
        36          8        236          0       1024        820   startup_stm32f10x_md.o
         0          0          0          0          0       1672   stm32f10x_adc.o
       454          6          0          0          0      12741   stm32f10x_gpio.o
        26          0          0          0          0       3882   stm32f10x_it.o
       276         32          0         20          0      13070   stm32f10x_rcc.o
      1794        190          0          0          0      38815   stm32f10x_tim.o
       472          6          0          0          0      12631   stm32f10x_usart.o
       328         28          0          0          0      45341   system_stm32f10x.o

    ----------------------------------------------------------------------
      7986        656        268        104       1024     365418   Object Totals
         0          0         32          0          0          0   (incl. Generated)
        28          0          0          4          0          0   (incl. Padding)

    ----------------------------------------------------------------------

      Code (inc. data)   RO Data    RW Data    ZI Data      Debug   Library Member Name

       156          8          0          0          0        104   cos.o
       252         22         48          0          0        124   cos_i.o
        34          6          0          0          0        204   dunder.o
       148          4          0          0          0         88   fmod.o
        40          0          0          0          0         68   fpclassify.o
       170          0          0          0          0         96   poly.o
       904         76        200          0          0        140   rred.o
       160         10          0          0          0        108   sin.o
       236         12         40          0          0        128   sin_i.o
        76          0          0          0          0         84   sqrt.o
         0          0          0          0          0          0   entry.o
         0          0          0          0          0          0   entry10a.o
         0          0          0          0          0          0   entry11a.o
         8          4          0          0          0          0   entry2.o
         4          0          0          0          0          0   entry5.o
         0          0          0          0          0          0   entry7b.o
         0          0          0          0          0          0   entry8b.o
         8          4          0          0          0          0   entry9a.o
        12          6          0          4          0         68   errno.o
        30          0          0          0          0          0   handlers.o
        36          8          0          0          0         68   init.o
         0          0          0          0          0          0   iusefp.o
        30          0          0          0          0         68   llshl.o
        36          0          0          0          0         68   llsshr.o
        32          0          0          0          0         68   llushr.o
      2226         90          0          0          0        444   printfa.o
         0          0          0          4          0          0   stdout.o
        44          0          0          0          0         80   uidiv.o
        98          0          0          0          0         92   uldiv.o
        48          0          0          0          0         68   cdcmple.o
        48          0          0          0          0         68   cdrcmple.o
        20          0          0          0          0         68   cfcmple.o
        20          0          0          0          0         68   cfrcmple.o
        56          0          0          0          0         88   d2f.o
       334          0          0          0          0        148   dadd.o
       222          0          0          0          0        100   ddiv.o
       186          0          0          0          0        176   depilogue.o
        62          0          0          0          0         80   dfixi.o
        50          0          0          0          0         76   dfixui.o
        48          0          0          0          0         68   dfixul.o
        34          0          0          0          0         76   dflti.o
        26          0          0          0          0         76   dfltui.o
       228          0          0          0          0         96   dmul.o
       134          0          0          0          0         96   drem.o
        46          0          0          0          0         80   dscalb.o
       162          0          0          0          0        100   dsqrt.o
        38          0          0          0          0         68   f2d.o
       176          0          0          0          0        140   fadd.o
       124          0          0          0          0         88   fdiv.o
       110          0          0          0          0        168   fepilogue.o
        40          0          0          0          0         68   ffixui.o
        18          0          0          0          0         68   fflti.o
       100          0          0          0          0         76   fmul.o

    ----------------------------------------------------------------------
      7082        250        288          8          0       4308   Library Totals
        12          0          0          0          0          0   (incl. Padding)

    ----------------------------------------------------------------------

      Code (inc. data)   RO Data    RW Data    ZI Data      Debug   Library Name

      2176        138        288          0          0       1144   m_ws.l
      2564        112          0          8          0        956   mc_w.l
      2330          0          0          0          0       2208   mf_w.l

    ----------------------------------------------------------------------
      7082        250        288          8          0       4308   Library Totals

    ----------------------------------------------------------------------

==============================================================================


      Code (inc. data)   RO Data    RW Data    ZI Data      Debug   

     15068        906        556        112       1024     362338   Grand Totals
     15068        906        556        112       1024     362338   ELF Image Totals
     15068        906        556        112          0          0   ROM Totals

==============================================================================

    Total RO  Size (Code + RO Data)                15624 (  15.26kB)
    Total RW  Size (RW Data + ZI Data)              1136 (   1.11kB)
    Total ROM Size (Code + RO Data + RW Data)      15736 (  15.37kB)

==============================================================================

