<html>
<body>
<pre>
<h1>礦ision Build Log</h1>
<h2>Tool Versions:</h2>
IDE-Version: μVision V5.18.0.0
Copyright (C) 2016 ARM Ltd and ARM Germany GmbH. All rights reserved.
License Information: 111 111, 111, LIC=RK1BF-6L7R5-LHA8A-1FSXM-PX1R3-YRUMN
 
Tool Versions:
Toolchain:       C-ARM Compiler/Assembler Kit  Version: 5.18
Toolchain Path:  E:\keil5\ARM\ARMCC\Bin
C Compiler:      Armcc.exe V5.06 update 1 (build 61)
Assembler:       Armasm.exe V5.06 update 1 (build 61)
Linker/Locator:  ArmLink.exe V5.06 update 1 (build 61)
Library Manager: ArmAr.exe V5.06 update 1 (build 61)
Hex Converter:   FromElf.exe V5.06 update 1 (build 61)
CPU DLL:         SARMCM3.DLL V5.18
Dialog DLL:      DCM.DLL V1.13.6.0
Target DLL:      STLink\ST-LINKIII-KEIL_SWO.dll V2.0.18.0
Dialog DLL:      TCM.DLL V1.14.8.0
 
<h2>Project:</h2>
C:\Users\hp\Desktop\FOC开发\FOC代码_AS5600\FOC单电机控制_AS5600\FOC单电机控制_AS5600\6_电流环\6_电流环\Project.uvprojx
Project File Date:  02/08/2026

<h2>Output:</h2>
*** Using Compiler 'V5.06 update 1 (build 61)', folder: 'E:\keil5\ARM\ARMCC\Bin'
Build target 'Target 1'
assembling startup_stm32f10x_md.s...
compiling core_cm3.c...
compiling stm32f10x_bkp.c...
compiling stm32f10x_dma.c...
compiling stm32f10x_dbgmcu.c...
compiling stm32f10x_crc.c...
compiling stm32f10x_dac.c...
compiling misc.c...
compiling stm32f10x_fsmc.c...
compiling system_stm32f10x.c...
compiling stm32f10x_flash.c...
compiling stm32f10x_cec.c...
compiling stm32f10x_adc.c...
compiling stm32f10x_exti.c...
compiling stm32f10x_can.c...
compiling stm32f10x_gpio.c...
compiling stm32f10x_i2c.c...
compiling stm32f10x_iwdg.c...
compiling stm32f10x_pwr.c...
compiling stm32f10x_rtc.c...
compiling stm32f10x_spi.c...
compiling stm32f10x_rcc.c...
compiling stm32f10x_sdio.c...
compiling stm32f10x_usart.c...
compiling Delay.c...
compiling stm32f10x_tim.c...
compiling stm32f10x_wwdg.c...
compiling Key.c...
compiling LED.c...
compiling OLED.c...
compiling Serial.c...
Hardware\Serial.c(272): warning:  #1-D: last line of file ends without a newline
  }
Hardware\Serial.c: 1 warning, 0 errors
compiling bsp_pid.c...
compiling MyI2C.c...
compiling AS5600.c...
compiling main.c...
compiling bsp_foc.c...
compiling bsp_adc.c...
Hardware\ADC\bsp_adc.c(160): warning:  #177-D: variable "Angle_data" was declared but never referenced
          float Angle,Angle_el,Error_Iq,Error_Id,Angle_data,Angle_ele;
Hardware\ADC\bsp_adc.c: 1 warning, 0 errors
compiling stm32f10x_it.c...
linking...
Program Size: Code=18636 RO-data=700 RW-data=124 ZI-data=1084  
".\Objects\Project.axf" - 0 Error(s), 2 Warning(s).

<h2>Collection of Component include folders:</h2>
  C:\Users\hp\Desktop\FOC开发\FOC代码_AS5600\FOC单电机控制_AS5600\FOC单电机控制_AS5600\6_电流环\6_电流环\RTE
  E:\keil5\ARM\PACK\Keil\STM32F1xx_DFP\2.2.0\Device\Include

<h2>Collection of Component Files used:</h2>
Build Time Elapsed:  00:00:03
</pre>
</body>
</html>
