<html>
<body>
<pre>
<h1>礦ision Build Log</h1>
<h2>Tool Versions:</h2>
IDE-Version: μVision V5.18.0.0
Copyright (C) 2016 ARM Ltd and ARM Germany GmbH. All rights reserved.
License Information: 111 111, 111, LIC=RK1BF-6L7R5-LHA8A-1FSXM-PX1R3-YRUMN
 
Tool Versions:
Toolchain:       C-ARM Compiler/Assembler Kit  Version: 5.18
Toolchain Path:  E:\keil5\ARM\ARMCC\Bin
C Compiler:      Armcc.exe V5.06 update 1 (build 61)
Assembler:       Armasm.exe V5.06 update 1 (build 61)
Linker/Locator:  ArmLink.exe V5.06 update 1 (build 61)
Library Manager: ArmAr.exe V5.06 update 1 (build 61)
Hex Converter:   FromElf.exe V5.06 update 1 (build 61)
CPU DLL:         SARMCM3.DLL V5.18
Dialog DLL:      DCM.DLL V1.13.6.0
Target DLL:      Segger\JL2CM3.dll V2.99.18.0
Dialog DLL:      TCM.DLL V1.14.8.0
 
<h2>Project:</h2>
C:\Users\hp\Desktop\FOC开发\FOC代码_AS5600\FOC单电机控制_AS5600\FOC单电机控制_AS5600\7_速度环+电流环_RCR\速度环+电流环_RCR\Project.uvprojx
Project File Date:  03/31/2026

<h2>Output:</h2>
*** Using Compiler 'V5.06 update 1 (build 61)', folder: 'E:\keil5\ARM\ARMCC\Bin'
Build target 'Target 1'
assembling startup_stm32f10x_md.s...
compiling core_cm3.c...
compiling stm32f10x_exti.c...
compiling stm32f10x_bkp.c...
compiling stm32f10x_flash.c...
compiling misc.c...
compiling stm32f10x_cec.c...
compiling stm32f10x_crc.c...
compiling stm32f10x_dma.c...
compiling stm32f10x_adc.c...
compiling stm32f10x_dbgmcu.c...
compiling system_stm32f10x.c...
compiling stm32f10x_dac.c...
compiling stm32f10x_fsmc.c...
compiling stm32f10x_can.c...
compiling stm32f10x_gpio.c...
compiling stm32f10x_i2c.c...
compiling IQ_math.c...
System\IQ_math.c(28): warning:  #68-D: integer conversion resulted in a change of sign
      t1 = -(int32_t)sine_array[-128 + i]; t2 = -(int32_t)sine_array[-127 + i];
System\IQ_math.c(28): warning:  #68-D: integer conversion resulted in a change of sign
      t1 = -(int32_t)sine_array[-128 + i]; t2 = -(int32_t)sine_array[-127 + i];
System\IQ_math.c: 2 warnings, 0 errors
compiling stm32f10x_iwdg.c...
compiling stm32f10x_rcc.c...
compiling stm32f10x_pwr.c...
compiling stm32f10x_spi.c...
compiling Delay.c...
compiling stm32f10x_wwdg.c...
compiling stm32f10x_usart.c...
compiling stm32f10x_rtc.c...
compiling LED.c...
compiling stm32f10x_sdio.c...
compiling stm32f10x_tim.c...
compiling Key.c...
compiling OLED.c...
compiling Serial.c...
compiling bsp_pid.c...
compiling MyI2C.c...
compiling AS5600.c...
compiling stm32f10x_it.c...
compiling main.c...
compiling bsp_foc.c...
compiling bsp_adc.c...
Hardware\ADC\bsp_adc.c(240): warning:  #188-D: enumerated type mixed with another type
          GPIO_WriteBit(
PIOA, 
PIO_Pin_4, !GPIO_ReadOutputDataBit(
PIOA, 
PIO_Pin_4));
Hardware\ADC\bsp_adc.c: 1 warning, 0 errors
linking...
Program Size: Code=17628 RO-data=708 RW-data=216 ZI-data=1432  
".\Objects\Project.axf" - 0 Error(s), 3 Warning(s).

<h2>Collection of Component include folders:</h2>
  C:\Users\hp\Desktop\FOC开发\FOC代码_AS5600\FOC单电机控制_AS5600\FOC单电机控制_AS5600\7_速度环+电流环_RCR\速度环+电流环_RCR\RTE
  E:\keil5\ARM\PACK\Keil\STM32F1xx_DFP\2.2.0\Device\Include

<h2>Collection of Component Files used:</h2>
Build Time Elapsed:  00:00:02
</pre>
</body>
</html>
