<html>
<body>
<pre>
<h1>礦ision Build Log</h1>
<h2>Tool Versions:</h2>
IDE-Version: μVision V5.18.0.0
Copyright (C) 2016 ARM Ltd and ARM Germany GmbH. All rights reserved.
License Information: 111 111, 111, LIC=RK1BF-6L7R5-LHA8A-1FSXM-PX1R3-YRUMN
 
Tool Versions:
Toolchain:       C-ARM Compiler/Assembler Kit  Version: 5.18
Toolchain Path:  E:\keil5\ARM\ARMCC\Bin
C Compiler:      Armcc.exe V5.06 update 1 (build 61)
Assembler:       Armasm.exe V5.06 update 1 (build 61)
Linker/Locator:  ArmLink.exe V5.06 update 1 (build 61)
Library Manager: ArmAr.exe V5.06 update 1 (build 61)
Hex Converter:   FromElf.exe V5.06 update 1 (build 61)
CPU DLL:         SARMCM3.DLL V5.18
Dialog DLL:      DCM.DLL V1.13.6.0
Target DLL:      Segger\JL2CM3.dll V2.99.18.0
Dialog DLL:      TCM.DLL V1.14.8.0
 
<h2>Project:</h2>
C:\Users\hp\Desktop\FOC开发\FOC代码_AS5600\FOC单电机控制_AS5600\FOC单电机控制_AS5600\7_速度环+电流环_CCR4\7_速度环+电流环\Project.uvprojx
Project File Date:  04/07/2026

<h2>Output:</h2>
*** Using Compiler 'V5.06 update 1 (build 61)', folder: 'E:\keil5\ARM\ARMCC\Bin'
Build target 'Target 1'
compiling main.c...
compiling bsp_adc.c...
Hardware\ADC\bsp_adc.c(178): warning:  #188-D: enumerated type mixed with another type
          GPIO_WriteBit(
PIOA, 
PIO_Pin_4, !GPIO_ReadOutputDataBit(
PIOA, 
PIO_Pin_4));
Hardware\ADC\bsp_adc.c: 1 warning, 0 errors
linking...
Program Size: Code=16352 RO-data=416 RW-data=284 ZI-data=1372  
".\Objects\Project.axf" - 0 Error(s), 1 Warning(s).

<h2>Collection of Component include folders:</h2>
  C:\Users\hp\Desktop\FOC开发\FOC代码_AS5600\FOC单电机控制_AS5600\FOC单电机控制_AS5600\7_速度环+电流环_CCR4\7_速度环+电流环\RTE
  E:\keil5\ARM\PACK\Keil\STM32F1xx_DFP\2.2.0\Device\Include

<h2>Collection of Component Files used:</h2>
Build Time Elapsed:  00:00:00
</pre>
</body>
</html>
