<html>
<body>
<pre>
<h1>µVision Build Log</h1>
<h2>Tool Versions:</h2>
IDE-Version: ¦ÌVision V5.18.0.0
Copyright (C) 2016 ARM Ltd and ARM Germany GmbH. All rights reserved.
License Information: 111 111, 111, LIC=76F5U-S78CP-SBKEJ-UVACC-SF485-8MITB
 
Tool Versions:
Toolchain:       MDK-ARM Standard  Version: 5.18
Toolchain Path:  E:\keil5\ARM\ARMCC\Bin
C Compiler:      Armcc.exe V5.06 update 1 (build 61)
Assembler:       Armasm.exe V5.06 update 1 (build 61)
Linker/Locator:  ArmLink.exe V5.06 update 1 (build 61)
Library Manager: ArmAr.exe V5.06 update 1 (build 61)
Hex Converter:   FromElf.exe V5.06 update 1 (build 61)
CPU DLL:         SARMCM3.DLL V5.18
Dialog DLL:      DCM.DLL V1.13.6.0
Target DLL:      STLink\ST-LINKIII-KEIL_SWO.dll V2.0.18.0
Dialog DLL:      TCM.DLL V1.14.8.0
 
<h2>Project:</h2>
C:\Users\hp\Desktop\stm32_learning\HAL¿â\FOC_HAL\SVPWM\MDK-ARM\SVPWM.uvprojx
Project File Date:  03/09/2026

<h2>Output:</h2>
*** Using Compiler 'V5.06 update 1 (build 61)', folder: 'E:\keil5\ARM\ARMCC\Bin'
Build target 'SVPWM'
compiling bsp_tim.c...
..\Hardware\bsp_tim.c(108): warning:  #186-D: pointless comparison of unsigned integer with zero
      if (current_gear < 0) current_gear += GEAR_NUM;
..\Hardware\bsp_tim.c(324): warning:  #127-D: expected a statement
      }
..\Hardware\bsp_tim.c: 2 warnings, 0 errors
linking...
Program Size: Code=14732 RO-data=668 RW-data=116 ZI-data=1244  
FromELF: creating hex file...
"SVPWM\SVPWM.axf" - 0 Error(s), 2 Warning(s).

<h2>Software Packages used:</h2>

Package Vendor: ARM
                http://www.keil.com/pack/ARM.CMSIS.4.5.0.pack
                ARM::CMSIS:CORE:4.3.0
                CMSIS (Cortex Microcontroller Software Interface Standard)
   * Component: CORE Version: 4.3.0

<h2>Collection of Component include folders:</h2>
  C:\Users\hp\Desktop\stm32_learning\HAL¿â\FOC_HAL\SVPWM\MDK-ARM\RTE
  E:\keil5\ARM\PACK\ARM\CMSIS\4.5.0\CMSIS\Include
  E:\keil5\ARM\PACK\Keil\STM32F1xx_DFP\2.2.0\Device\Include

<h2>Collection of Component Files used:</h2>

   * Component: ARM::CMSIS:CORE:4.3.0
Build Time Elapsed:  00:00:02
</pre>
</body>
</html>
