Component: ARM Compiler 5.06 update 1 (build 61) Tool: armlink [4d35a8]

==============================================================================

Section Cross References

    startup_stm32f103xe.o(RESET) refers to startup_stm32f103xe.o(STACK) for __initial_sp
    startup_stm32f103xe.o(RESET) refers to startup_stm32f103xe.o(.text) for Reset_Handler
    startup_stm32f103xe.o(RESET) refers to stm32f1xx_it.o(i.NMI_Handler) for NMI_Handler
    startup_stm32f103xe.o(RESET) refers to stm32f1xx_it.o(i.HardFault_Handler) for HardFault_Handler
    startup_stm32f103xe.o(RESET) refers to stm32f1xx_it.o(i.MemManage_Handler) for MemManage_Handler
    startup_stm32f103xe.o(RESET) refers to stm32f1xx_it.o(i.BusFault_Handler) for BusFault_Handler
    startup_stm32f103xe.o(RESET) refers to stm32f1xx_it.o(i.UsageFault_Handler) for UsageFault_Handler
    startup_stm32f103xe.o(RESET) refers to stm32f1xx_it.o(i.SVC_Handler) for SVC_Handler
    startup_stm32f103xe.o(RESET) refers to stm32f1xx_it.o(i.DebugMon_Handler) for DebugMon_Handler
    startup_stm32f103xe.o(RESET) refers to stm32f1xx_it.o(i.PendSV_Handler) for PendSV_Handler
    startup_stm32f103xe.o(RESET) refers to stm32f1xx_it.o(i.SysTick_Handler) for SysTick_Handler
    startup_stm32f103xe.o(RESET) refers to stm32f1xx_it.o(i.TIM1_BRK_IRQHandler) for TIM1_BRK_IRQHandler
    startup_stm32f103xe.o(RESET) refers to stm32f1xx_it.o(i.TIM1_UP_IRQHandler) for TIM1_UP_IRQHandler
    startup_stm32f103xe.o(RESET) refers to stm32f1xx_it.o(i.TIM1_TRG_COM_IRQHandler) for TIM1_TRG_COM_IRQHandler
    startup_stm32f103xe.o(RESET) refers to stm32f1xx_it.o(i.TIM1_CC_IRQHandler) for TIM1_CC_IRQHandler
    startup_stm32f103xe.o(RESET) refers to stm32f1xx_it.o(i.TIM2_IRQHandler) for TIM2_IRQHandler
    startup_stm32f103xe.o(RESET) refers to stm32f1xx_it.o(i.USART1_IRQHandler) for USART1_IRQHandler
    startup_stm32f103xe.o(.text) refers to system_stm32f1xx.o(i.SystemInit) for SystemInit
    startup_stm32f103xe.o(.text) refers to entry.o(.ARM.Collect$$$$00000000) for __main
    main.o(i.SystemClock_Config) refers to memseta.o(.text) for __aeabi_memclr4
    main.o(i.SystemClock_Config) refers to stm32f1xx_hal_rcc.o(i.HAL_RCC_OscConfig) for HAL_RCC_OscConfig
    main.o(i.SystemClock_Config) refers to stm32f1xx_hal_rcc.o(i.HAL_RCC_ClockConfig) for HAL_RCC_ClockConfig
    main.o(i.Zero_Get) refers to fflti.o(.text) for __aeabi_i2f
    main.o(i.Zero_Get) refers to fmul.o(.text) for __aeabi_fmul
    main.o(i.Zero_Get) refers to fdiv.o(.text) for __aeabi_fdiv
    main.o(i.Zero_Get) refers to fadd.o(.text) for __aeabi_fadd
    main.o(i.Zero_Get) refers to bsp_foc.o(i.setPhaseVoltage_FOC2) for setPhaseVoltage_FOC2
    main.o(i.Zero_Get) refers to tim.o(i.nop_delay_us) for nop_delay_us
    main.o(i.Zero_Get) refers to as5600.o(i.GetAngle) for GetAngle
    main.o(i.Zero_Get) refers to main.o(.data) for .data
    main.o(i.main) refers to stm32f1xx_hal.o(i.HAL_Init) for HAL_Init
    main.o(i.main) refers to main.o(i.SystemClock_Config) for SystemClock_Config
    main.o(i.main) refers to gpio.o(i.MX_GPIO_Init) for MX_GPIO_Init
    main.o(i.main) refers to tim.o(i.MX_TIM1_Init) for MX_TIM1_Init
    main.o(i.main) refers to tim.o(i.MX_TIM2_Init) for MX_TIM2_Init
    main.o(i.main) refers to usart.o(i.MX_USART1_UART_Init) for MX_USART1_UART_Init
    main.o(i.main) refers to as5600.o(i.AS5600_Init) for AS5600_Init
    main.o(i.main) refers to bsp_foc.o(i.FOC_PWM_Start) for FOC_PWM_Start
    main.o(i.main) refers to main.o(i.Zero_Get) for Zero_Get
    main.o(i.main) refers to bsp_tim.o(i.Knob_Init) for Knob_Init
    main.o(i.main) refers to as5600.o(i.GetAngle) for GetAngle
    main.o(i.main) refers to bsp_tim.o(i.Calculate_Target_Detent) for Calculate_Target_Detent
    main.o(i.main) refers to fdiv.o(.text) for __aeabi_fdiv
    main.o(i.main) refers to ffixui.o(.text) for __aeabi_f2uiz
    main.o(i.main) refers to main.o(.data) for .data
    tim.o(i.HAL_TIM_Base_MspDeInit) refers to stm32f1xx_hal_cortex.o(i.HAL_NVIC_DisableIRQ) for HAL_NVIC_DisableIRQ
    tim.o(i.HAL_TIM_Base_MspInit) refers to stm32f1xx_hal_cortex.o(i.HAL_NVIC_SetPriority) for HAL_NVIC_SetPriority
    tim.o(i.HAL_TIM_Base_MspInit) refers to stm32f1xx_hal_cortex.o(i.HAL_NVIC_EnableIRQ) for HAL_NVIC_EnableIRQ
    tim.o(i.HAL_TIM_MspPostInit) refers to stm32f1xx_hal_gpio.o(i.HAL_GPIO_Init) for HAL_GPIO_Init
    tim.o(i.MX_TIM1_Init) refers to memseta.o(.text) for __aeabi_memclr4
    tim.o(i.MX_TIM1_Init) refers to stm32f1xx_hal_tim.o(i.HAL_TIM_Base_Init) for HAL_TIM_Base_Init
    tim.o(i.MX_TIM1_Init) refers to main.o(i.Error_Handler) for Error_Handler
    tim.o(i.MX_TIM1_Init) refers to stm32f1xx_hal_tim.o(i.HAL_TIM_ConfigClockSource) for HAL_TIM_ConfigClockSource
    tim.o(i.MX_TIM1_Init) refers to stm32f1xx_hal_tim.o(i.HAL_TIM_PWM_Init) for HAL_TIM_PWM_Init
    tim.o(i.MX_TIM1_Init) refers to stm32f1xx_hal_tim_ex.o(i.HAL_TIMEx_MasterConfigSynchronization) for HAL_TIMEx_MasterConfigSynchronization
[...]
    Removing stm32f1xx_hal_uart.o(i.HAL_UART_GetError), (4 bytes).
    Removing stm32f1xx_hal_uart.o(i.HAL_UART_GetState), (10 bytes).
    Removing stm32f1xx_hal_uart.o(i.HAL_UART_MspDeInit), (2 bytes).
    Removing stm32f1xx_hal_uart.o(i.HAL_UART_MspInit), (2 bytes).
    Removing stm32f1xx_hal_uart.o(i.HAL_UART_Receive), (176 bytes).
    Removing stm32f1xx_hal_uart.o(i.HAL_UART_Receive_DMA), (28 bytes).
    Removing stm32f1xx_hal_uart.o(i.HAL_UART_RxCpltCallback), (2 bytes).
    Removing stm32f1xx_hal_uart.o(i.HAL_UART_RxHalfCpltCallback), (2 bytes).
    Removing stm32f1xx_hal_uart.o(i.HAL_UART_Transmit), (160 bytes).
    Removing stm32f1xx_hal_uart.o(i.HAL_UART_Transmit_DMA), (120 bytes).
    Removing stm32f1xx_hal_uart.o(i.HAL_UART_Transmit_IT), (50 bytes).
    Removing stm32f1xx_hal_uart.o(i.HAL_UART_TxHalfCpltCallback), (2 bytes).
    Removing stm32f1xx_hal_uart.o(i.UART_DMAError), (74 bytes).
    Removing stm32f1xx_hal_uart.o(i.UART_DMAReceiveCplt), (134 bytes).
    Removing stm32f1xx_hal_uart.o(i.UART_DMARxAbortCallback), (44 bytes).
    Removing stm32f1xx_hal_uart.o(i.UART_DMARxHalfCplt), (30 bytes).
    Removing stm32f1xx_hal_uart.o(i.UART_DMARxOnlyAbortCallback), (22 bytes).
    Removing stm32f1xx_hal_uart.o(i.UART_DMATransmitCplt), (66 bytes).
    Removing stm32f1xx_hal_uart.o(i.UART_DMATxAbortCallback), (44 bytes).
    Removing stm32f1xx_hal_uart.o(i.UART_DMATxHalfCplt), (10 bytes).
    Removing stm32f1xx_hal_uart.o(i.UART_DMATxOnlyAbortCallback), (20 bytes).
    Removing stm32f1xx_hal_uart.o(i.UART_EndTxTransfer), (28 bytes).
    Removing stm32f1xx_hal_uart.o(i.UART_Start_Receive_DMA), (144 bytes).
    Removing stm32f1xx_hal_uart.o(i.UART_WaitOnFlagUntilTimeout), (114 bytes).
    Removing system_stm32f1xx.o(.rev16_text), (4 bytes).
    Removing system_stm32f1xx.o(.revsh_text), (4 bytes).
    Removing system_stm32f1xx.o(.rrx_text), (6 bytes).
    Removing system_stm32f1xx.o(i.SystemCoreClockUpdate), (104 bytes).
    Removing myi2c.o(.rev16_text), (4 bytes).
    Removing myi2c.o(.revsh_text), (4 bytes).
    Removing myi2c.o(.rrx_text), (6 bytes).
    Removing as5600.o(.rev16_text), (4 bytes).
    Removing as5600.o(.revsh_text), (4 bytes).
    Removing as5600.o(.rrx_text), (6 bytes).
    Removing as5600.o(i.AS5600_ReadNowReg), (36 bytes).
    Removing as5600.o(i.AS5600_ReadReg), (62 bytes).
    Removing as5600.o(i.AS5600_WriteReg), (48 bytes).
    Removing as5600.o(i.GetVelocity), (228 bytes).
    Removing as5600.o(.data), (4 bytes).
    Removing as5600.o(.data), (4 bytes).
    Removing bsp_foc.o(.rev16_text), (4 bytes).
    Removing bsp_foc.o(.revsh_text), (4 bytes).
    Removing bsp_foc.o(.rrx_text), (6 bytes).
    Removing bsp_tim.o(.rev16_text), (4 bytes).
    Removing bsp_tim.o(.revsh_text), (4 bytes).
    Removing bsp_tim.o(.rrx_text), (6 bytes).
    Removing bsp_tim.o(i.Set_Knob_Mode), (96 bytes).
    Removing dfixul.o(.text), (48 bytes).

399 unused section(s) (total 27282 bytes) removed from the image.

==============================================================================

Image Symbol Table

    Local Symbols

    Symbol Name                              Value     Ov Type        Size  Object(Section)

    ../Core/Src/gpio.c                       0x00000000   Number         0  gpio.o ABSOLUTE
    ../Core/Src/main.c                       0x00000000   Number         0  main.o ABSOLUTE
    ../Core/Src/stm32f1xx_hal_msp.c          0x00000000   Number         0  stm32f1xx_hal_msp.o ABSOLUTE
    ../Core/Src/stm32f1xx_it.c               0x00000000   Number         0  stm32f1xx_it.o ABSOLUTE
    ../Core/Src/system_stm32f1xx.c           0x00000000   Number         0  system_stm32f1xx.o ABSOLUTE
    ../Core/Src/tim.c                        0x00000000   Number         0  tim.o ABSOLUTE
    ../Core/Src/usart.c                      0x00000000   Number         0  usart.o ABSOLUTE
    ../Drivers/STM32F1xx_HAL_Driver/Src/stm32f1xx_hal.c 0x00000000   Number         0  stm32f1xx_hal.o ABSOLUTE
    ../Drivers/STM32F1xx_HAL_Driver/Src/stm32f1xx_hal_cortex.c 0x00000000   Number         0  stm32f1xx_hal_cortex.o ABSOLUTE
    ../Drivers/STM32F1xx_HAL_Driver/Src/stm32f1xx_hal_dma.c 0x00000000   Number         0  stm32f1xx_hal_dma.o ABSOLUTE
    ../Drivers/STM32F1xx_HAL_Driver/Src/stm32f1xx_hal_exti.c 0x00000000   Number         0  stm32f1xx_hal_exti.o ABSOLUTE
    ../Drivers/STM32F1xx_HAL_Driver/Src/stm32f1xx_hal_flash.c 0x00000000   Number         0  stm32f1xx_hal_flash.o ABSOLUTE
    ../Drivers/STM32F1xx_HAL_Driver/Src/stm32f1xx_hal_flash_ex.c 0x00000000   Number         0  stm32f1xx_hal_flash_ex.o ABSOLUTE
    ../Drivers/STM32F1xx_HAL_Driver/Src/stm32f1xx_hal_gpio.c 0x00000000   Number         0  stm32f1xx_hal_gpio.o ABSOLUTE
    ../Drivers/STM32F1xx_HAL_Driver/Src/stm32f1xx_hal_gpio_ex.c 0x00000000   Number         0  stm32f1xx_hal_gpio_ex.o ABSOLUTE
    ../Drivers/STM32F1xx_HAL_Driver/Src/stm32f1xx_hal_pwr.c 0x00000000   Number         0  stm32f1xx_hal_pwr.o ABSOLUTE
    ../Drivers/STM32F1xx_HAL_Driver/Src/stm32f1xx_hal_rcc.c 0x00000000   Number         0  stm32f1xx_hal_rcc.o ABSOLUTE
    ../Drivers/STM32F1xx_HAL_Driver/Src/stm32f1xx_hal_rcc_ex.c 0x00000000   Number         0  stm32f1xx_hal_rcc_ex.o ABSOLUTE
    ../Drivers/STM32F1xx_HAL_Driver/Src/stm32f1xx_hal_tim.c 0x00000000   Number         0  stm32f1xx_hal_tim.o ABSOLUTE
    ../Drivers/STM32F1xx_HAL_Driver/Src/stm32f1xx_hal_tim_ex.c 0x00000000   Number         0  stm32f1xx_hal_tim_ex.o ABSOLUTE
    ../Drivers/STM32F1xx_HAL_Driver/Src/stm32f1xx_hal_uart.c 0x00000000   Number         0  stm32f1xx_hal_uart.o ABSOLUTE
    ../clib/microlib/division.c              0x00000000   Number         0  uidiv.o ABSOLUTE
    ../clib/microlib/division.c              0x00000000   Number         0  uldiv.o ABSOLUTE
    ../clib/microlib/errno.c                 0x00000000   Number         0  errno.o ABSOLUTE
    ../clib/microlib/init/entry.s            0x00000000   Number         0  entry7a.o ABSOLUTE
    ../clib/microlib/init/entry.s            0x00000000   Number         0  entry.o ABSOLUTE
    ../clib/microlib/init/entry.s            0x00000000   Number         0  entry5.o ABSOLUTE
    ../clib/microlib/init/entry.s            0x00000000   Number         0  entry8a.o ABSOLUTE
    ../clib/microlib/init/entry.s            0x00000000   Number         0  entry11a.o ABSOLUTE
    ../clib/microlib/init/entry.s            0x00000000   Number         0  entry10b.o ABSOLUTE
    ../clib/microlib/init/entry.s            0x00000000   Number         0  entry10a.o ABSOLUTE
    ../clib/microlib/init/entry.s            0x00000000   Number         0  entry9b.o ABSOLUTE
    ../clib/microlib/init/entry.s            0x00000000   Number         0  entry9a.o ABSOLUTE
    ../clib/microlib/init/entry.s            0x00000000   Number         0  entry11b.o ABSOLUTE
    ../clib/microlib/init/entry.s            0x00000000   Number         0  entry8b.o ABSOLUTE
    ../clib/microlib/init/entry.s            0x00000000   Number         0  entry2.o ABSOLUTE
    ../clib/microlib/init/entry.s            0x00000000   Number         0  entry7b.o ABSOLUTE
    ../clib/microlib/longlong.c              0x00000000   Number         0  llshl.o ABSOLUTE
    ../clib/microlib/longlong.c              0x00000000   Number         0  llushr.o ABSOLUTE
    ../clib/microlib/longlong.c              0x00000000   Number         0  llsshr.o ABSOLUTE
    ../clib/microlib/printf/printf.c         0x00000000   Number         0  printfa.o ABSOLUTE
    ../clib/microlib/stdio/streams.c         0x00000000   Number         0  stdout.o ABSOLUTE
    ../clib/microlib/string/memset.c         0x00000000   Number         0  memseta.o ABSOLUTE
    ../clib/microlib/stubs.s                 0x00000000   Number         0  iusefp.o ABSOLUTE
    ../fplib/microlib/d2f.c                  0x00000000   Number         0  d2f.o ABSOLUTE
    ../fplib/microlib/f2d.c                  0x00000000   Number         0  f2d.o ABSOLUTE
    ../fplib/microlib/fpadd.c                0x00000000   Number         0  dadd.o ABSOLUTE
    ../fplib/microlib/fpadd.c                0x00000000   Number         0  fadd.o ABSOLUTE
    ../fplib/microlib/fpdiv.c                0x00000000   Number         0  ddiv.o ABSOLUTE
    ../fplib/microlib/fpdiv.c                0x00000000   Number         0  fdiv.o ABSOLUTE
    ../fplib/microlib/fpepilogue.c           0x00000000   Number         0  fepilogue.o ABSOLUTE
    ../fplib/microlib/fpepilogue.c           0x00000000   Number         0  depilogue.o ABSOLUTE
    ../fplib/microlib/fpfix.c                0x00000000   Number         0  ffixui.o ABSOLUTE
    ../fplib/microlib/fpfix.c                0x00000000   Number         0  dfixi.o ABSOLUTE
    ../fplib/microlib/fpfix.c                0x00000000   Number         0  dfixul.o ABSOLUTE
    ../fplib/microlib/fpflt.c                0x00000000   Number         0  dflti.o ABSOLUTE
    ../fplib/microlib/fpflt.c                0x00000000   Number         0  dfltui.o ABSOLUTE
    ../fplib/microlib/fpflt.c                0x00000000   Number         0  ffltui.o ABSOLUTE
    ../fplib/microlib/fpflt.c                0x00000000   Number         0  fflti.o ABSOLUTE
    ../fplib/microlib/fpmul.c                0x00000000   Number         0  fmul.o ABSOLUTE
    ../fplib/microlib/fpmul.c                0x00000000   Number         0  dmul.o ABSOLUTE
    ../fplib/microlib/fprem.c                0x00000000   Number         0  frem.o ABSOLUTE
    ../fplib/microlib/fprnd.c                0x00000000   Number         0  drnd.o ABSOLUTE
    ../fplib/microlib/fpscalb.c              0x00000000   Number         0  dscalb.o ABSOLUTE
    ../fplib/microlib/fpscalb.c              0x00000000   Number         0  fscalb.o ABSOLUTE
    ../fplib/microlib/fpsqrt.c               0x00000000   Number         0  fsqrt.o ABSOLUTE
    ../mathlib/cos.c                         0x00000000   Number         0  cos.o ABSOLUTE
    ../mathlib/cos.c                         0x00000000   Number         0  cos_x.o ABSOLUTE
    ../mathlib/cos_i.c                       0x00000000   Number         0  cos_i.o ABSOLUTE
    ../mathlib/dunder.c                      0x00000000   Number         0  dunder.o ABSOLUTE
    ../mathlib/fmodf.c                       0x00000000   Number         0  fmodf.o ABSOLUTE
    ../mathlib/fmodf.c                       0x00000000   Number         0  fmodf_x.o ABSOLUTE
    ../mathlib/fpclassify.c                  0x00000000   Number         0  fpclassify.o ABSOLUTE
    ../mathlib/funder.c                      0x00000000   Number         0  funder.o ABSOLUTE
    ../mathlib/poly.c                        0x00000000   Number         0  poly.o ABSOLUTE
    ../mathlib/round.c                       0x00000000   Number         0  round.o ABSOLUTE
    ../mathlib/rred.c                        0x00000000   Number         0  rred.o ABSOLUTE
    ../mathlib/sin.c                         0x00000000   Number         0  sin.o ABSOLUTE
    ../mathlib/sin.c                         0x00000000   Number         0  sin_x.o ABSOLUTE
    ../mathlib/sin_i.c                       0x00000000   Number         0  sin_i_x.o ABSOLUTE
    ../mathlib/sin_i.c                       0x00000000   Number         0  sin_i.o ABSOLUTE
    ../mathlib/sqrtf.c                       0x00000000   Number         0  sqrtf_x.o ABSOLUTE
    ../mathlib/sqrtf.c                       0x00000000   Number         0  sqrtf.o ABSOLUTE
    ..\Core\Src\gpio.c                       0x00000000   Number         0  gpio.o ABSOLUTE
    ..\Core\Src\main.c                       0x00000000   Number         0  main.o ABSOLUTE
    ..\Core\Src\stm32f1xx_hal_msp.c          0x00000000   Number         0  stm32f1xx_hal_msp.o ABSOLUTE
    ..\Core\Src\stm32f1xx_it.c               0x00000000   Number         0  stm32f1xx_it.o ABSOLUTE
    ..\Core\Src\system_stm32f1xx.c           0x00000000   Number         0  system_stm32f1xx.o ABSOLUTE
    ..\Core\Src\tim.c                        0x00000000   Number         0  tim.o ABSOLUTE
    ..\Core\Src\usart.c                      0x00000000   Number         0  usart.o ABSOLUTE
    ..\Drivers\STM32F1xx_HAL_Driver\Src\stm32f1xx_hal.c 0x00000000   Number         0  stm32f1xx_hal.o ABSOLUTE
    ..\Drivers\STM32F1xx_HAL_Driver\Src\stm32f1xx_hal_cortex.c 0x00000000   Number         0  stm32f1xx_hal_cortex.o ABSOLUTE
    ..\Drivers\STM32F1xx_HAL_Driver\Src\stm32f1xx_hal_dma.c 0x00000000   Number         0  stm32f1xx_hal_dma.o ABSOLUTE
    ..\Drivers\STM32F1xx_HAL_Driver\Src\stm32f1xx_hal_exti.c 0x00000000   Number         0  stm32f1xx_hal_exti.o ABSOLUTE
    ..\Drivers\STM32F1xx_HAL_Driver\Src\stm32f1xx_hal_flash.c 0x00000000   Number         0  stm32f1xx_hal_flash.o ABSOLUTE
    ..\Drivers\STM32F1xx_HAL_Driver\Src\stm32f1xx_hal_flash_ex.c 0x00000000   Number         0  stm32f1xx_hal_flash_ex.o ABSOLUTE
    ..\Drivers\STM32F1xx_HAL_Driver\Src\stm32f1xx_hal_gpio.c 0x00000000   Number         0  stm32f1xx_hal_gpio.o ABSOLUTE
    ..\Drivers\STM32F1xx_HAL_Driver\Src\stm32f1xx_hal_gpio_ex.c 0x00000000   Number         0  stm32f1xx_hal_gpio_ex.o ABSOLUTE
    ..\Drivers\STM32F1xx_HAL_Driver\Src\stm32f1xx_hal_pwr.c 0x00000000   Number         0  stm32f1xx_hal_pwr.o ABSOLUTE
    ..\Drivers\STM32F1xx_HAL_Driver\Src\stm32f1xx_hal_rcc.c 0x00000000   Number         0  stm32f1xx_hal_rcc.o ABSOLUTE
    ..\Drivers\STM32F1xx_HAL_Driver\Src\stm32f1xx_hal_rcc_ex.c 0x00000000   Number         0  stm32f1xx_hal_rcc_ex.o ABSOLUTE
    ..\Drivers\STM32F1xx_HAL_Driver\Src\stm32f1xx_hal_tim.c 0x00000000   Number         0  stm32f1xx_hal_tim.o ABSOLUTE
    ..\Drivers\STM32F1xx_HAL_Driver\Src\stm32f1xx_hal_tim_ex.c 0x00000000   Number         0  stm32f1xx_hal_tim_ex.o ABSOLUTE
    ..\Drivers\STM32F1xx_HAL_Driver\Src\stm32f1xx_hal_uart.c 0x00000000   Number         0  stm32f1xx_hal_uart.o ABSOLUTE
    ..\Hardware\AS5600.c                     0x00000000   Number         0  as5600.o ABSOLUTE
    ..\Hardware\MyI2C.c                      0x00000000   Number         0  myi2c.o ABSOLUTE
    ..\Hardware\bsp_foc.c                    0x00000000   Number         0  bsp_foc.o ABSOLUTE
    ..\Hardware\bsp_pid.c                    0x00000000   Number         0  bsp_pid.o ABSOLUTE
    ..\Hardware\bsp_tim.c                    0x00000000   Number         0  bsp_tim.o ABSOLUTE
    ..\\Hardware\\AS5600.c                   0x00000000   Number         0  as5600.o ABSOLUTE
    ..\\Hardware\\MyI2C.c                    0x00000000   Number         0  myi2c.o ABSOLUTE
    ..\\Hardware\\bsp_foc.c                  0x00000000   Number         0  bsp_foc.o ABSOLUTE
    ..\\Hardware\\bsp_tim.c                  0x00000000   Number         0  bsp_tim.o ABSOLUTE
    cdcmple.s                                0x00000000   Number         0  cdcmple.o ABSOLUTE
    cdrcmple.s                               0x00000000   Number         0  cdrcmple.o ABSOLUTE
    cfcmple.s                                0x00000000   Number         0  cfcmple.o ABSOLUTE
    cfrcmple.s                               0x00000000   Number         0  cfrcmple.o ABSOLUTE
    dc.s                                     0x00000000   Number         0  dc.o ABSOLUTE
    handlers.s                               0x00000000   Number         0  handlers.o ABSOLUTE
    init.s                                   0x00000000   Number         0  init.o ABSOLUTE
    startup_stm32f103xe.s                    0x00000000   Number         0  startup_stm32f103xe.o ABSOLUTE
    RESET                                    0x08000000   Section      304  startup_stm32f103xe.o(RESET)
    .ARM.Collect$$$$00000000                 0x08000130   Section        0  entry.o(.ARM.Collect$$$$00000000)
    .ARM.Collect$$$$00000001                 0x08000130   Section        4  entry2.o(.ARM.Collect$$$$00000001)
    .ARM.Collect$$$$00000004                 0x08000134   Section        4  entry5.o(.ARM.Collect$$$$00000004)
    .ARM.Collect$$$$00000008                 0x08000138   Section        0  entry7b.o(.ARM.Collect$$$$00000008)
    .ARM.Collect$$$$0000000A                 0x08000138   Section        0  entry8b.o(.ARM.Collect$$$$0000000A)
    .ARM.Collect$$$$0000000B                 0x08000138   Section        8  entry9a.o(.ARM.Collect$$$$0000000B)
    .ARM.Collect$$$$0000000D                 0x08000140   Section        0  entry10a.o(.ARM.Collect$$$$0000000D)
    .ARM.Collect$$$$0000000F                 0x08000140   Section        0  entry11a.o(.ARM.Collect$$$$0000000F)
    .ARM.Collect$$$$00002712                 0x08000140   Section        4  entry2.o(.ARM.Collect$$$$00002712)
    __lit__00000000                          0x08000140   Data           4  entry2.o(.ARM.Collect$$$$00002712)
    .text                                    0x08000144   Section       36  startup_stm32f103xe.o(.text)
    .text                                    0x08000168   Section        0  llushr.o(.text)
    .text                                    0x08000188   Section        0  memseta.o(.text)
    .text                                    0x080001ac   Section        0  fadd.o(.text)
    .text                                    0x0800025c   Section        0  fmul.o(.text)
    .text                                    0x080002c0   Section        0  fdiv.o(.text)
    .text                                    0x0800033c   Section        0  fscalb.o(.text)
    .text                                    0x08000354   Section        0  dadd.o(.text)
    .text                                    0x080004a2   Section        0  dmul.o(.text)
    .text                                    0x08000586   Section        0  ddiv.o(.text)
    .text                                    0x08000664   Section        0  fflti.o(.text)
    .text                                    0x08000676   Section        0  ffltui.o(.text)
    .text                                    0x08000680   Section        0  dfltui.o(.text)
    .text                                    0x0800069a   Section        0  ffixui.o(.text)
    .text                                    0x080006c2   Section        0  dfixi.o(.text)
    .text                                    0x08000700   Section        0  f2d.o(.text)
    .text                                    0x08000726   Section        0  d2f.o(.text)
    .text                                    0x08000760   Section       20  cfcmple.o(.text)
    .text                                    0x08000774   Section       20  cfrcmple.o(.text)
    .text                                    0x08000788   Section        0  llshl.o(.text)
    .text                                    0x080007a6   Section        0  llsshr.o(.text)
    .text                                    0x080007ca   Section        0  iusefp.o(.text)
    .text                                    0x080007ca   Section        0  fepilogue.o(.text)
    .text                                    0x08000838   Section        0  fsqrt.o(.text)
    .text                                    0x08000896   Section        0  frem.o(.text)
    .text                                    0x080008e8   Section        0  depilogue.o(.text)
    .text                                    0x080009a4   Section        0  drnd.o(.text)
    .text                                    0x08000a2c   Section       48  cdcmple.o(.text)
    .text                                    0x08000a5c   Section       48  cdrcmple.o(.text)
    .text                                    0x08000a8c   Section       36  init.o(.text)
    .text                                    0x08000ab0   Section        0  dscalb.o(.text)
    .text                                    0x08000ade   Section        0  dflti.o(.text)
    i.AS5600_GetRawData                      0x08000b00   Section        0  as5600.o(i.AS5600_GetRawData)
    i.AS5600_Init                            0x08000b5c   Section        0  as5600.o(i.AS5600_Init)
    i.Angle_FOC                              0x08000b60   Section        0  bsp_foc.o(i.Angle_FOC)
    Angle_FOC                                0x08000b61   Thumb Code    28  bsp_foc.o(i.Angle_FOC)
    i.Angle_PID                              0x08000b80   Section        0  bsp_pid.o(i.Angle_PID)
    i.Angle_difference                       0x08000c04   Section        0  bsp_tim.o(i.Angle_difference)
    i.BSP_TIM2_Init                          0x08000c38   Section        0  bsp_tim.o(i.BSP_TIM2_Init)
    i.Boundary_Mode_Handler                  0x08000c58   Section        0  bsp_tim.o(i.Boundary_Mode_Handler)
    Boundary_Mode_Handler                    0x08000c59   Thumb Code   168  bsp_tim.o(i.Boundary_Mode_Handler)
    i.BusFault_Handler                       0x08000d18   Section        0  stm32f1xx_it.o(i.BusFault_Handler)
    i.Calculate_Target_Detent                0x08000d1c   Section        0  bsp_tim.o(i.Calculate_Target_Detent)
    i.Damp_LPF_VELOCITY                      0x08000d60   Section        0  bsp_tim.o(i.Damp_LPF_VELOCITY)
    Damp_LPF_VELOCITY                        0x08000d61   Thumb Code    30  bsp_tim.o(i.Damp_LPF_VELOCITY)
    i.Damp_Mode_Handler                      0x08000d8c   Section        0  bsp_tim.o(i.Damp_Mode_Handler)
    Damp_Mode_Handler                        0x08000d8d   Thumb Code   124  bsp_tim.o(i.Damp_Mode_Handler)
    i.DebugMon_Handler                       0x08000e30   Section        0  stm32f1xx_it.o(i.DebugMon_Handler)
    i.Error_Handler                          0x08000e32   Section        0  main.o(i.Error_Handler)
    i.FOC_PWM_Start                          0x08000e38   Section        0  bsp_foc.o(i.FOC_PWM_Start)
    i.GetAngle                               0x08000e84   Section        0  as5600.o(i.GetAngle)
    i.GetAngle_NoTrack                       0x08000ee0   Section        0  as5600.o(i.GetAngle_NoTrack)
    i.HAL_DMA_Abort                          0x08000efc   Section        0  stm32f1xx_hal_dma.o(i.HAL_DMA_Abort)
    i.HAL_DMA_Abort_IT                       0x08000f44   Section        0  stm32f1xx_hal_dma.o(i.HAL_DMA_Abort_IT)
    i.HAL_GPIO_Init                          0x08001074   Section        0  stm32f1xx_hal_gpio.o(i.HAL_GPIO_Init)
    i.HAL_GPIO_ReadPin                       0x0800126c   Section        0  stm32f1xx_hal_gpio.o(i.HAL_GPIO_ReadPin)
    i.HAL_GPIO_WritePin                      0x08001276   Section        0  stm32f1xx_hal_gpio.o(i.HAL_GPIO_WritePin)
    i.HAL_GetTick                            0x08001280   Section        0  stm32f1xx_hal.o(i.HAL_GetTick)
    i.HAL_IncTick                            0x0800128c   Section        0  stm32f1xx_hal.o(i.HAL_IncTick)
    i.HAL_Init                               0x0800129c   Section        0  stm32f1xx_hal.o(i.HAL_Init)
    i.HAL_InitTick                           0x080012c0   Section        0  stm32f1xx_hal.o(i.HAL_InitTick)
    i.HAL_MspInit                            0x08001300   Section        0  stm32f1xx_hal_msp.o(i.HAL_MspInit)
    i.HAL_NVIC_EnableIRQ                     0x0800133c   Section        0  stm32f1xx_hal_cortex.o(i.HAL_NVIC_EnableIRQ)
    i.HAL_NVIC_SetPriority                   0x08001358   Section        0  stm32f1xx_hal_cortex.o(i.HAL_NVIC_SetPriority)
    i.HAL_NVIC_SetPriorityGrouping           0x08001398   Section        0  stm32f1xx_hal_cortex.o(i.HAL_NVIC_SetPriorityGrouping)
    i.HAL_RCC_ClockConfig                    0x080013bc   Section        0  stm32f1xx_hal_rcc.o(i.HAL_RCC_ClockConfig)
    i.HAL_RCC_GetPCLK1Freq                   0x080014e8   Section        0  stm32f1xx_hal_rcc.o(i.HAL_RCC_GetPCLK1Freq)
    i.HAL_RCC_GetPCLK2Freq                   0x08001508   Section        0  stm32f1xx_hal_rcc.o(i.HAL_RCC_GetPCLK2Freq)
    i.HAL_RCC_GetSysClockFreq                0x08001528   Section        0  stm32f1xx_hal_rcc.o(i.HAL_RCC_GetSysClockFreq)
    i.HAL_RCC_OscConfig                      0x08001574   Section        0  stm32f1xx_hal_rcc.o(i.HAL_RCC_OscConfig)
    i.HAL_SYSTICK_Config                     0x08001894   Section        0  stm32f1xx_hal_cortex.o(i.HAL_SYSTICK_Config)
    i.HAL_TIMEx_BreakCallback                0x080018bc   Section        0  stm32f1xx_hal_tim_ex.o(i.HAL_TIMEx_BreakCallback)
    i.HAL_TIMEx_CommutCallback               0x080018be   Section        0  stm32f1xx_hal_tim_ex.o(i.HAL_TIMEx_CommutCallback)
    i.HAL_TIMEx_ConfigBreakDeadTime          0x080018c0   Section        0  stm32f1xx_hal_tim_ex.o(i.HAL_TIMEx_ConfigBreakDeadTime)
    i.HAL_TIMEx_MasterConfigSynchronization  0x08001914   Section        0  stm32f1xx_hal_tim_ex.o(i.HAL_TIMEx_MasterConfigSynchronization)
    i.HAL_TIM_Base_Init                      0x08001990   Section        0  stm32f1xx_hal_tim.o(i.HAL_TIM_Base_Init)
    i.HAL_TIM_Base_MspInit                   0x080019ec   Section        0  tim.o(i.HAL_TIM_Base_MspInit)
    i.HAL_TIM_Base_Start_IT                  0x08001a7c   Section        0  stm32f1xx_hal_tim.o(i.HAL_TIM_Base_Start_IT)
    i.HAL_TIM_ConfigClockSource              0x08001ae8   Section        0  stm32f1xx_hal_tim.o(i.HAL_TIM_ConfigClockSource)
    i.HAL_TIM_IC_CaptureCallback             0x08001bc4   Section        0  stm32f1xx_hal_tim.o(i.HAL_TIM_IC_CaptureCallback)
    i.HAL_TIM_IRQHandler                     0x08001bc6   Section        0  stm32f1xx_hal_tim.o(i.HAL_TIM_IRQHandler)
    i.HAL_TIM_MspPostInit                    0x08001cf8   Section        0  tim.o(i.HAL_TIM_MspPostInit)
    i.HAL_TIM_OC_DelayElapsedCallback        0x08001d80   Section        0  stm32f1xx_hal_tim.o(i.HAL_TIM_OC_DelayElapsedCallback)
    i.HAL_TIM_PWM_ConfigChannel              0x08001d82   Section        0  stm32f1xx_hal_tim.o(i.HAL_TIM_PWM_ConfigChannel)
    i.HAL_TIM_PWM_Init                       0x08001e4e   Section        0  stm32f1xx_hal_tim.o(i.HAL_TIM_PWM_Init)
    i.HAL_TIM_PWM_MspInit                    0x08001ea8   Section        0  stm32f1xx_hal_tim.o(i.HAL_TIM_PWM_MspInit)
    i.HAL_TIM_PWM_PulseFinishedCallback      0x08001eaa   Section        0  stm32f1xx_hal_tim.o(i.HAL_TIM_PWM_PulseFinishedCallback)
    i.HAL_TIM_PeriodElapsedCallback          0x08001eac   Section        0  bsp_tim.o(i.HAL_TIM_PeriodElapsedCallback)
    i.HAL_TIM_TriggerCallback                0x08001fc4   Section        0  stm32f1xx_hal_tim.o(i.HAL_TIM_TriggerCallback)
    i.HAL_UARTEx_RxEventCallback             0x08001fc6   Section        0  stm32f1xx_hal_uart.o(i.HAL_UARTEx_RxEventCallback)
    i.HAL_UART_ErrorCallback                 0x08001fc8   Section        0  stm32f1xx_hal_uart.o(i.HAL_UART_ErrorCallback)
    i.HAL_UART_IRQHandler                    0x08001fcc   Section        0  stm32f1xx_hal_uart.o(i.HAL_UART_IRQHandler)
    i.HAL_UART_Init                          0x08002238   Section        0  stm32f1xx_hal_uart.o(i.HAL_UART_Init)
    i.HAL_UART_MspInit                       0x0800229c   Section        0  usart.o(i.HAL_UART_MspInit)
    i.HAL_UART_Receive_IT                    0x0800232c   Section        0  stm32f1xx_hal_uart.o(i.HAL_UART_Receive_IT)
    i.HAL_UART_RxCpltCallback                0x08002348   Section        0  usart.o(i.HAL_UART_RxCpltCallback)
    i.HAL_UART_TxCpltCallback                0x0800236c   Section        0  stm32f1xx_hal_uart.o(i.HAL_UART_TxCpltCallback)
    i.HardFault_Handler                      0x0800236e   Section        0  stm32f1xx_it.o(i.HardFault_Handler)
    i.I2C_R_SDA                              0x08002370   Section        0  myi2c.o(i.I2C_R_SDA)
    i.I2C_RecviveAck                         0x0800237c   Section        0  myi2c.o(i.I2C_RecviveAck)
    i.I2C_RecviveData                        0x0800239a   Section        0  myi2c.o(i.I2C_RecviveData)
    i.I2C_SendAck                            0x080023ce   Section        0  myi2c.o(i.I2C_SendAck)
    i.I2C_SendByte                           0x080023e4   Section        0  myi2c.o(i.I2C_SendByte)
    i.I2C_Start                              0x0800240c   Section        0  myi2c.o(i.I2C_Start)
    i.I2C_Stop                               0x0800242a   Section        0  myi2c.o(i.I2C_Stop)
    i.I2C_W_SCL                              0x08002444   Section        0  myi2c.o(i.I2C_W_SCL)
    i.I2C_W_SDA                              0x08002454   Section        0  myi2c.o(i.I2C_W_SDA)
    i.Knob_Init                              0x08002464   Section        0  bsp_tim.o(i.Knob_Init)
    i.MX_GPIO_Init                           0x080024b8   Section        0  gpio.o(i.MX_GPIO_Init)
    i.MX_TIM1_Init                           0x08002504   Section        0  tim.o(i.MX_TIM1_Init)
    i.MX_TIM2_Init                           0x080025ec   Section        0  tim.o(i.MX_TIM2_Init)
    i.MX_USART1_UART_Init                    0x08002650   Section        0  usart.o(i.MX_USART1_UART_Init)
    i.MemManage_Handler                      0x08002688   Section        0  stm32f1xx_it.o(i.MemManage_Handler)
    i.MyI2C_Init                             0x0800268c   Section        0  myi2c.o(i.MyI2C_Init)
    i.NMI_Handler                            0x080026d0   Section        0  stm32f1xx_it.o(i.NMI_Handler)
    i.PendSV_Handler                         0x080026d2   Section        0  stm32f1xx_it.o(i.PendSV_Handler)
    i.Ratchet_LPF_VELOCITY                   0x080026d4   Section        0  bsp_tim.o(i.Ratchet_LPF_VELOCITY)
    Ratchet_LPF_VELOCITY                     0x080026d5   Thumb Code    30  bsp_tim.o(i.Ratchet_LPF_VELOCITY)
    i.SVC_Handler                            0x08002700   Section        0  stm32f1xx_it.o(i.SVC_Handler)
    i.Smooth_Mode_Handler                    0x08002704   Section        0  bsp_tim.o(i.Smooth_Mode_Handler)
    Smooth_Mode_Handler                      0x08002705   Thumb Code   124  bsp_tim.o(i.Smooth_Mode_Handler)
    i.Speed_PID                              0x080027a8   Section        0  bsp_pid.o(i.Speed_PID)
    i.SysTick_Handler                        0x08002828   Section        0  stm32f1xx_it.o(i.SysTick_Handler)
    i.SystemClock_Config                     0x0800282c   Section        0  main.o(i.SystemClock_Config)
    i.SystemInit                             0x0800288a   Section        0  system_stm32f1xx.o(i.SystemInit)
    i.TIM1_BRK_IRQHandler                    0x0800288c   Section        0  stm32f1xx_it.o(i.TIM1_BRK_IRQHandler)
    i.TIM1_CC_IRQHandler                     0x08002898   Section        0  stm32f1xx_it.o(i.TIM1_CC_IRQHandler)
    i.TIM1_TRG_COM_IRQHandler                0x080028a4   Section        0  stm32f1xx_it.o(i.TIM1_TRG_COM_IRQHandler)
    i.TIM1_UP_IRQHandler                     0x080028b0   Section        0  stm32f1xx_it.o(i.TIM1_UP_IRQHandler)
    i.TIM2_IRQHandler                        0x080028bc   Section        0  stm32f1xx_it.o(i.TIM2_IRQHandler)
    i.TIM_Base_SetConfig                     0x080028c8   Section        0  stm32f1xx_hal_tim.o(i.TIM_Base_SetConfig)
    i.TIM_ETR_SetConfig                      0x08002964   Section        0  stm32f1xx_hal_tim.o(i.TIM_ETR_SetConfig)
    i.TIM_ITRx_SetConfig                     0x08002978   Section        0  stm32f1xx_hal_tim.o(i.TIM_ITRx_SetConfig)
    TIM_ITRx_SetConfig                       0x08002979   Thumb Code    16  stm32f1xx_hal_tim.o(i.TIM_ITRx_SetConfig)
    i.TIM_OC1_SetConfig                      0x08002988   Section        0  stm32f1xx_hal_tim.o(i.TIM_OC1_SetConfig)
    TIM_OC1_SetConfig                        0x08002989   Thumb Code    88  stm32f1xx_hal_tim.o(i.TIM_OC1_SetConfig)
    i.TIM_OC2_SetConfig                      0x080029e8   Section        0  stm32f1xx_hal_tim.o(i.TIM_OC2_SetConfig)
    i.TIM_OC3_SetConfig                      0x08002a54   Section        0  stm32f1xx_hal_tim.o(i.TIM_OC3_SetConfig)
    TIM_OC3_SetConfig                        0x08002a55   Thumb Code    96  stm32f1xx_hal_tim.o(i.TIM_OC3_SetConfig)
    i.TIM_OC4_SetConfig                      0x08002abc   Section        0  stm32f1xx_hal_tim.o(i.TIM_OC4_SetConfig)
    TIM_OC4_SetConfig                        0x08002abd   Thumb Code    70  stm32f1xx_hal_tim.o(i.TIM_OC4_SetConfig)
    i.TIM_TI1_ConfigInputStage               0x08002b0c   Section        0  stm32f1xx_hal_tim.o(i.TIM_TI1_ConfigInputStage)
    TIM_TI1_ConfigInputStage                 0x08002b0d   Thumb Code    34  stm32f1xx_hal_tim.o(i.TIM_TI1_ConfigInputStage)
    i.TIM_TI2_ConfigInputStage               0x08002b2e   Section        0  stm32f1xx_hal_tim.o(i.TIM_TI2_ConfigInputStage)
    TIM_TI2_ConfigInputStage                 0x08002b2f   Thumb Code    36  stm32f1xx_hal_tim.o(i.TIM_TI2_ConfigInputStage)
    i.UART_DMAAbortOnError                   0x08002b52   Section        0  stm32f1xx_hal_uart.o(i.UART_DMAAbortOnError)
    UART_DMAAbortOnError                     0x08002b53   Thumb Code    16  stm32f1xx_hal_uart.o(i.UART_DMAAbortOnError)
    i.UART_EndRxTransfer                     0x08002b62   Section        0  stm32f1xx_hal_uart.o(i.UART_EndRxTransfer)
    UART_EndRxTransfer                       0x08002b63   Thumb Code    78  stm32f1xx_hal_uart.o(i.UART_EndRxTransfer)
    i.UART_Receive_IT                        0x08002bb0   Section        0  stm32f1xx_hal_uart.o(i.UART_Receive_IT)
    UART_Receive_IT                          0x08002bb1   Thumb Code   194  stm32f1xx_hal_uart.o(i.UART_Receive_IT)
    i.UART_SetConfig                         0x08002c74   Section        0  stm32f1xx_hal_uart.o(i.UART_SetConfig)
    UART_SetConfig                           0x08002c75   Thumb Code   178  stm32f1xx_hal_uart.o(i.UART_SetConfig)
    i.UART_Start_Receive_IT                  0x08002d2c   Section        0  stm32f1xx_hal_uart.o(i.UART_Start_Receive_IT)
    i.USART1_IRQHandler                      0x08002d64   Section        0  stm32f1xx_it.o(i.USART1_IRQHandler)
    i.UsageFault_Handler                     0x08002d70   Section        0  stm32f1xx_it.o(i.UsageFault_Handler)
    i.Zero_Get                               0x08002d74   Section        0  main.o(i.Zero_Get)
    i.__ARM_fpclassify                       0x08002e1c   Section        0  fpclassify.o(i.__ARM_fpclassify)
    i.__NVIC_SetPriority                     0x08002e44   Section        0  stm32f1xx_hal_cortex.o(i.__NVIC_SetPriority)
    __NVIC_SetPriority                       0x08002e45   Thumb Code    32  stm32f1xx_hal_cortex.o(i.__NVIC_SetPriority)
    i.__ieee754_rem_pio2                     0x08002e64   Section        0  rred.o(i.__ieee754_rem_pio2)
    i.__kernel_cos                           0x080031ec   Section        0  cos_i.o(i.__kernel_cos)
    i.__kernel_poly                          0x080032e8   Section        0  poly.o(i.__kernel_poly)
    i.__kernel_sin                           0x08003394   Section        0  sin_i.o(i.__kernel_sin)
    i.__mathlib_dbl_infnan                   0x08003480   Section        0  dunder.o(i.__mathlib_dbl_infnan)
    i.__mathlib_dbl_invalid                  0x08003486   Section        0  dunder.o(i.__mathlib_dbl_invalid)
    i.__mathlib_dbl_underflow                0x08003494   Section        0  dunder.o(i.__mathlib_dbl_underflow)
    i.__mathlib_flt_invalid                  0x080034a4   Section        0  funder.o(i.__mathlib_flt_invalid)
    i.__scatterload_copy                     0x080034ac   Section       14  handlers.o(i.__scatterload_copy)
    i.__scatterload_null                     0x080034ba   Section        2  handlers.o(i.__scatterload_null)
    i.__scatterload_zeroinit                 0x080034bc   Section       14  handlers.o(i.__scatterload_zeroinit)
    i.__set_errno                            0x080034cc   Section        0  errno.o(i.__set_errno)
    i.cos                                    0x080034d8   Section        0  cos.o(i.cos)
    i.fmodf                                  0x08003574   Section        0  fmodf.o(i.fmodf)
    i.main                                   0x080035e0   Section        0  main.o(i.main)
    i.nop_delay_us                           0x0800362c   Section        0  tim.o(i.nop_delay_us)
    i.normalize_angle_0_2pi                  0x08003660   Section        0  bsp_tim.o(i.normalize_angle_0_2pi)
    i.round                                  0x08003680   Section        0  round.o(i.round)
    i.setPhaseVoltage_FOC2                   0x08003714   Section        0  bsp_foc.o(i.setPhaseVoltage_FOC2)
    i.sin                                    0x080039f0   Section        0  sin.o(i.sin)
    i.sqrtf                                  0x08003a90   Section        0  sqrtf.o(i.sqrtf)
    .constdata                               0x08003abc   Section       18  stm32f1xx_hal_rcc.o(.constdata)
    aPredivFactorTable                       0x08003abc   Data           2  stm32f1xx_hal_rcc.o(.constdata)
    aPLLMULFactorTable                       0x08003abe   Data          16  stm32f1xx_hal_rcc.o(.constdata)
    .constdata                               0x08003ace   Section       16  system_stm32f1xx.o(.constdata)
    .constdata                               0x08003ade   Section        8  system_stm32f1xx.o(.constdata)
    .constdata                               0x08003ae8   Section       48  cos_i.o(.constdata)
    C                                        0x08003ae8   Data          48  cos_i.o(.constdata)
    .constdata                               0x08003b18   Section      200  rred.o(.constdata)
    pio2s                                    0x08003b18   Data          48  rred.o(.constdata)
    twooverpi                                0x08003b48   Data         152  rred.o(.constdata)
    .constdata                               0x08003be0   Section       40  sin_i.o(.constdata)
    S                                        0x08003be0   Data          40  sin_i.o(.constdata)
    .data                                    0x20000000   Section       12  main.o(.data)
    .data                                    0x2000000c   Section        4  main.o(.data)
    .data                                    0x20000010   Section        2  usart.o(.data)
    .data                                    0x20000014   Section       12  stm32f1xx_hal.o(.data)
    .data                                    0x20000020   Section        4  system_stm32f1xx.o(.data)
    .data                                    0x20000024   Section       20  as5600.o(.data)
    Vel_Filtered                             0x20000034   Data           4  as5600.o(.data)
    .data                                    0x20000038   Section       12  bsp_foc.o(.data)
    .data                                    0x20000044   Section        8  bsp_pid.o(.data)
    .data                                    0x2000004c   Section       36  bsp_tim.o(.data)
    .data                                    0x20000070   Section        4  errno.o(.data)
    _errno                                   0x20000070   Data           4  errno.o(.data)
    .bss                                     0x20000074   Section      144  tim.o(.bss)
    .bss                                     0x20000104   Section       72  usart.o(.bss)
    STACK                                    0x20000150   Section     1024  startup_stm32f103xe.o(STACK)

    Global Symbols

    Symbol Name                              Value     Ov Type        Size  Object(Section)

    BuildAttributes$$THM_ISAv4$P$D$K$B$S$PE$A:L22UL41UL21$X:L11$S22US41US21$IEEE1$IW$USESV6$~STKCKD$USESV7$~SHL$OTIME$ROPI$IEEEX$EBA8$MICROLIB$REQ8$PRES8$EABIv2 0x00000000   Number         0  anon$$obj.o ABSOLUTE
    __ARM_use_no_argv                        0x00000000   Number         0  main.o ABSOLUTE
    __cpp_initialize__aeabi_                  - Undefined Weak Reference
    __cxa_finalize                            - Undefined Weak Reference
    __decompress                              - Undefined Weak Reference
    _clock_init                               - Undefined Weak Reference
    _microlib_exit                            - Undefined Weak Reference
    __Vectors_Size                           0x00000130   Number         0  startup_stm32f103xe.o ABSOLUTE
    __Vectors                                0x08000000   Data           4  startup_stm32f103xe.o(RESET)
    __Vectors_End                            0x08000130   Data           0  startup_stm32f103xe.o(RESET)
    __main                                   0x08000131   Thumb Code     0  entry.o(.ARM.Collect$$$$00000000)
    _main_stk                                0x08000131   Thumb Code     0  entry2.o(.ARM.Collect$$$$00000001)
    _main_scatterload                        0x08000135   Thumb Code     0  entry5.o(.ARM.Collect$$$$00000004)
    __main_after_scatterload                 0x08000139   Thumb Code     0  entry5.o(.ARM.Collect$$$$00000004)
    _main_clock                              0x08000139   Thumb Code     0  entry7b.o(.ARM.Collect$$$$00000008)
    _main_cpp_init                           0x08000139   Thumb Code     0  entry8b.o(.ARM.Collect$$$$0000000A)
    _main_init                               0x08000139   Thumb Code     0  entry9a.o(.ARM.Collect$$$$0000000B)
    __rt_final_cpp                           0x08000141   Thumb Code     0  entry10a.o(.ARM.Collect$$$$0000000D)
    __rt_final_exit                          0x08000141   Thumb Code     0  entry11a.o(.ARM.Collect$$$$0000000F)
    Reset_Handler                            0x08000145   Thumb Code     8  startup_stm32f103xe.o(.text)
    ADC1_2_IRQHandler                        0x0800015f   Thumb Code     0  startup_stm32f103xe.o(.text)
    ADC3_IRQHandler                          0x0800015f   Thumb Code     0  startup_stm32f103xe.o(.text)
    CAN1_RX1_IRQHandler                      0x0800015f   Thumb Code     0  startup_stm32f103xe.o(.text)
    CAN1_SCE_IRQHandler                      0x0800015f   Thumb Code     0  startup_stm32f103xe.o(.text)
    DMA1_Channel1_IRQHandler                 0x0800015f   Thumb Code     0  startup_stm32f103xe.o(.text)
    DMA1_Channel2_IRQHandler                 0x0800015f   Thumb Code     0  startup_stm32f103xe.o(.text)
    DMA1_Channel3_IRQHandler                 0x0800015f   Thumb Code     0  startup_stm32f103xe.o(.text)
    DMA1_Channel4_IRQHandler                 0x0800015f   Thumb Code     0  startup_stm32f103xe.o(.text)
    DMA1_Channel5_IRQHandler                 0x0800015f   Thumb Code     0  startup_stm32f103xe.o(.text)
    DMA1_Channel6_IRQHandler                 0x0800015f   Thumb Code     0  startup_stm32f103xe.o(.text)
    DMA1_Channel7_IRQHandler                 0x0800015f   Thumb Code     0  startup_stm32f103xe.o(.text)
    DMA2_Channel1_IRQHandler                 0x0800015f   Thumb Code     0  startup_stm32f103xe.o(.text)
    DMA2_Channel2_IRQHandler                 0x0800015f   Thumb Code     0  startup_stm32f103xe.o(.text)
    DMA2_Channel3_IRQHandler                 0x0800015f   Thumb Code     0  startup_stm32f103xe.o(.text)
    DMA2_Channel4_5_IRQHandler               0x0800015f   Thumb Code     0  startup_stm32f103xe.o(.text)
    EXTI0_IRQHandler                         0x0800015f   Thumb Code     0  startup_stm32f103xe.o(.text)
    EXTI15_10_IRQHandler                     0x0800015f   Thumb Code     0  startup_stm32f103xe.o(.text)
    EXTI1_IRQHandler                         0x0800015f   Thumb Code     0  startup_stm32f103xe.o(.text)
    EXTI2_IRQHandler                         0x0800015f   Thumb Code     0  startup_stm32f103xe.o(.text)
    EXTI3_IRQHandler                         0x0800015f   Thumb Code     0  startup_stm32f103xe.o(.text)
    EXTI4_IRQHandler                         0x0800015f   Thumb Code     0  startup_stm32f103xe.o(.text)
    EXTI9_5_IRQHandler                       0x0800015f   Thumb Code     0  startup_stm32f103xe.o(.text)
    FLASH_IRQHandler                         0x0800015f   Thumb Code     0  startup_stm32f103xe.o(.text)
    FSMC_IRQHandler                          0x0800015f   Thumb Code     0  startup_stm32f103xe.o(.text)
    I2C1_ER_IRQHandler                       0x0800015f   Thumb Code     0  startup_stm32f103xe.o(.text)
    I2C1_EV_IRQHandler                       0x0800015f   Thumb Code     0  startup_stm32f103xe.o(.text)
    I2C2_ER_IRQHandler                       0x0800015f   Thumb Code     0  startup_stm32f103xe.o(.text)
    I2C2_EV_IRQHandler                       0x0800015f   Thumb Code     0  startup_stm32f103xe.o(.text)
    PVD_IRQHandler                           0x0800015f   Thumb Code     0  startup_stm32f103xe.o(.text)
    RCC_IRQHandler                           0x0800015f   Thumb Code     0  startup_stm32f103xe.o(.text)
    RTC_Alarm_IRQHandler                     0x0800015f   Thumb Code     0  startup_stm32f103xe.o(.text)
    RTC_IRQHandler                           0x0800015f   Thumb Code     0  startup_stm32f103xe.o(.text)
    SDIO_IRQHandler                          0x0800015f   Thumb Code     0  startup_stm32f103xe.o(.text)
    SPI1_IRQHandler                          0x0800015f   Thumb Code     0  startup_stm32f103xe.o(.text)
    SPI2_IRQHandler                          0x0800015f   Thumb Code     0  startup_stm32f103xe.o(.text)
    SPI3_IRQHandler                          0x0800015f   Thumb Code     0  startup_stm32f103xe.o(.text)
    TAMPER_IRQHandler                        0x0800015f   Thumb Code     0  startup_stm32f103xe.o(.text)
    TIM3_IRQHandler                          0x0800015f   Thumb Code     0  startup_stm32f103xe.o(.text)
    TIM4_IRQHandler                          0x0800015f   Thumb Code     0  startup_stm32f103xe.o(.text)
    TIM5_IRQHandler                          0x0800015f   Thumb Code     0  startup_stm32f103xe.o(.text)
    TIM6_IRQHandler                          0x0800015f   Thumb Code     0  startup_stm32f103xe.o(.text)
    TIM7_IRQHandler                          0x0800015f   Thumb Code     0  startup_stm32f103xe.o(.text)
    TIM8_BRK_IRQHandler                      0x0800015f   Thumb Code     0  startup_stm32f103xe.o(.text)
    TIM8_CC_IRQHandler                       0x0800015f   Thumb Code     0  startup_stm32f103xe.o(.text)
    TIM8_TRG_COM_IRQHandler                  0x0800015f   Thumb Code     0  startup_stm32f103xe.o(.text)
    TIM8_UP_IRQHandler                       0x0800015f   Thumb Code     0  startup_stm32f103xe.o(.text)
    UART4_IRQHandler                         0x0800015f   Thumb Code     0  startup_stm32f103xe.o(.text)
    UART5_IRQHandler                         0x0800015f   Thumb Code     0  startup_stm32f103xe.o(.text)
    USART2_IRQHandler                        0x0800015f   Thumb Code     0  startup_stm32f103xe.o(.text)
    USART3_IRQHandler                        0x0800015f   Thumb Code     0  startup_stm32f103xe.o(.text)
    USBWakeUp_IRQHandler                     0x0800015f   Thumb Code     0  startup_stm32f103xe.o(.text)
    USB_HP_CAN1_TX_IRQHandler                0x0800015f   Thumb Code     0  startup_stm32f103xe.o(.text)
    USB_LP_CAN1_RX0_IRQHandler               0x0800015f   Thumb Code     0  startup_stm32f103xe.o(.text)
    WWDG_IRQHandler                          0x0800015f   Thumb Code     0  startup_stm32f103xe.o(.text)
    __aeabi_llsr                             0x08000169   Thumb Code    32  llushr.o(.text)
    _ll_ushift_r                             0x08000169   Thumb Code     0  llushr.o(.text)
    __aeabi_memset                           0x08000189   Thumb Code    14  memseta.o(.text)
    __aeabi_memset4                          0x08000189   Thumb Code     0  memseta.o(.text)
    __aeabi_memset8                          0x08000189   Thumb Code     0  memseta.o(.text)
    __aeabi_memclr                           0x08000197   Thumb Code     4  memseta.o(.text)
    __aeabi_memclr4                          0x08000197   Thumb Code     0  memseta.o(.text)
    __aeabi_memclr8                          0x08000197   Thumb Code     0  memseta.o(.text)
    _memset$wrapper                          0x0800019b   Thumb Code    18  memseta.o(.text)
    __aeabi_fadd                             0x080001ad   Thumb Code   164  fadd.o(.text)
    __aeabi_fsub                             0x08000251   Thumb Code     6  fadd.o(.text)
    __aeabi_frsub                            0x08000257   Thumb Code     6  fadd.o(.text)
    __aeabi_fmul                             0x0800025d   Thumb Code   100  fmul.o(.text)
    __aeabi_fdiv                             0x080002c1   Thumb Code   124  fdiv.o(.text)
    __ARM_scalbnf                            0x0800033d   Thumb Code    24  fscalb.o(.text)
    scalbnf                                  0x0800033d   Thumb Code     0  fscalb.o(.text)
    __aeabi_dadd                             0x08000355   Thumb Code   322  dadd.o(.text)
    __aeabi_dsub                             0x08000497   Thumb Code     6  dadd.o(.text)
    __aeabi_drsub                            0x0800049d   Thumb Code     6  dadd.o(.text)
    __aeabi_dmul                             0x080004a3   Thumb Code   228  dmul.o(.text)
    __aeabi_ddiv                             0x08000587   Thumb Code   222  ddiv.o(.text)
    __aeabi_i2f                              0x08000665   Thumb Code    18  fflti.o(.text)
    __aeabi_ui2f                             0x08000677   Thumb Code    10  ffltui.o(.text)
    __aeabi_ui2d                             0x08000681   Thumb Code    26  dfltui.o(.text)
    __aeabi_f2uiz                            0x0800069b   Thumb Code    40  ffixui.o(.text)
    __aeabi_d2iz                             0x080006c3   Thumb Code    62  dfixi.o(.text)
    __aeabi_f2d                              0x08000701   Thumb Code    38  f2d.o(.text)
    __aeabi_d2f                              0x08000727   Thumb Code    56  d2f.o(.text)
    __aeabi_cfcmpeq                          0x08000761   Thumb Code     0  cfcmple.o(.text)
    __aeabi_cfcmple                          0x08000761   Thumb Code    20  cfcmple.o(.text)
    __aeabi_cfrcmple                         0x08000775   Thumb Code    20  cfrcmple.o(.text)
    __aeabi_llsl                             0x08000789   Thumb Code    30  llshl.o(.text)
    _ll_shift_l                              0x08000789   Thumb Code     0  llshl.o(.text)
    __aeabi_lasr                             0x080007a7   Thumb Code    36  llsshr.o(.text)
    _ll_sshift_r                             0x080007a7   Thumb Code     0  llsshr.o(.text)
    __I$use$fp                               0x080007cb   Thumb Code     0  iusefp.o(.text)
    _float_round                             0x080007cb   Thumb Code    18  fepilogue.o(.text)
    _float_epilogue                          0x080007dd   Thumb Code    92  fepilogue.o(.text)
    _fsqrt                                   0x08000839   Thumb Code    94  fsqrt.o(.text)
    _frem                                    0x08000897   Thumb Code    82  frem.o(.text)
    _double_round                            0x080008e9   Thumb Code    30  depilogue.o(.text)
    _double_epilogue                         0x08000907   Thumb Code   156  depilogue.o(.text)
    _drnd                                    0x080009a5   Thumb Code   132  drnd.o(.text)
    __aeabi_cdcmpeq                          0x08000a2d   Thumb Code     0  cdcmple.o(.text)
    __aeabi_cdcmple                          0x08000a2d   Thumb Code    48  cdcmple.o(.text)
    __aeabi_cdrcmple                         0x08000a5d   Thumb Code    48  cdrcmple.o(.text)
    __scatterload                            0x08000a8d   Thumb Code    28  init.o(.text)
    __scatterload_rt2                        0x08000a8d   Thumb Code     0  init.o(.text)
    __ARM_scalbn                             0x08000ab1   Thumb Code    46  dscalb.o(.text)
    scalbn                                   0x08000ab1   Thumb Code     0  dscalb.o(.text)
    __aeabi_i2d                              0x08000adf   Thumb Code    34  dflti.o(.text)
    AS5600_GetRawData                        0x08000b01   Thumb Code    92  as5600.o(i.AS5600_GetRawData)
    AS5600_Init                              0x08000b5d   Thumb Code     4  as5600.o(i.AS5600_Init)
    Angle_PID                                0x08000b81   Thumb Code    98  bsp_pid.o(i.Angle_PID)
    Angle_difference                         0x08000c05   Thumb Code    38  bsp_tim.o(i.Angle_difference)
    BSP_TIM2_Init                            0x08000c39   Thumb Code    28  bsp_tim.o(i.BSP_TIM2_Init)
    BusFault_Handler                         0x08000d19   Thumb Code     2  stm32f1xx_it.o(i.BusFault_Handler)
    Calculate_Target_Detent                  0x08000d1d   Thumb Code    58  bsp_tim.o(i.Calculate_Target_Detent)
    DebugMon_Handler                         0x08000e31   Thumb Code     2  stm32f1xx_it.o(i.DebugMon_Handler)
    Error_Handler                            0x08000e33   Thumb Code     4  main.o(i.Error_Handler)
    FOC_PWM_Start                            0x08000e39   Thumb Code    70  bsp_foc.o(i.FOC_PWM_Start)
    GetAngle                                 0x08000e85   Thumb Code    78  as5600.o(i.GetAngle)
    GetAngle_NoTrack                         0x08000ee1   Thumb Code    24  as5600.o(i.GetAngle_NoTrack)
    HAL_DMA_Abort                            0x08000efd   Thumb Code    70  stm32f1xx_hal_dma.o(i.HAL_DMA_Abort)
    HAL_DMA_Abort_IT                         0x08000f45   Thumb Code   296  stm32f1xx_hal_dma.o(i.HAL_DMA_Abort_IT)
    HAL_GPIO_Init                            0x08001075   Thumb Code   462  stm32f1xx_hal_gpio.o(i.HAL_GPIO_Init)
    HAL_GPIO_ReadPin                         0x0800126d   Thumb Code    10  stm32f1xx_hal_gpio.o(i.HAL_GPIO_ReadPin)
    HAL_GPIO_WritePin                        0x08001277   Thumb Code    10  stm32f1xx_hal_gpio.o(i.HAL_GPIO_WritePin)
    HAL_GetTick                              0x08001281   Thumb Code     6  stm32f1xx_hal.o(i.HAL_GetTick)
    HAL_IncTick                              0x0800128d   Thumb Code    12  stm32f1xx_hal.o(i.HAL_IncTick)
    HAL_Init                                 0x0800129d   Thumb Code    32  stm32f1xx_hal.o(i.HAL_Init)
    HAL_InitTick                             0x080012c1   Thumb Code    54  stm32f1xx_hal.o(i.HAL_InitTick)
    HAL_MspInit                              0x08001301   Thumb Code    52  stm32f1xx_hal_msp.o(i.HAL_MspInit)
    HAL_NVIC_EnableIRQ                       0x0800133d   Thumb Code    26  stm32f1xx_hal_cortex.o(i.HAL_NVIC_EnableIRQ)
    HAL_NVIC_SetPriority                     0x08001359   Thumb Code    60  stm32f1xx_hal_cortex.o(i.HAL_NVIC_SetPriority)
    HAL_NVIC_SetPriorityGrouping             0x08001399   Thumb Code    26  stm32f1xx_hal_cortex.o(i.HAL_NVIC_SetPriorityGrouping)
    HAL_RCC_ClockConfig                      0x080013bd   Thumb Code   280  stm32f1xx_hal_rcc.o(i.HAL_RCC_ClockConfig)
    HAL_RCC_GetPCLK1Freq                     0x080014e9   Thumb Code    20  stm32f1xx_hal_rcc.o(i.HAL_RCC_GetPCLK1Freq)
    HAL_RCC_GetPCLK2Freq                     0x08001509   Thumb Code    20  stm32f1xx_hal_rcc.o(i.HAL_RCC_GetPCLK2Freq)
    HAL_RCC_GetSysClockFreq                  0x08001529   Thumb Code    58  stm32f1xx_hal_rcc.o(i.HAL_RCC_GetSysClockFreq)
    HAL_RCC_OscConfig                        0x08001575   Thumb Code   778  stm32f1xx_hal_rcc.o(i.HAL_RCC_OscConfig)
    HAL_SYSTICK_Config                       0x08001895   Thumb Code    40  stm32f1xx_hal_cortex.o(i.HAL_SYSTICK_Config)
    HAL_TIMEx_BreakCallback                  0x080018bd   Thumb Code     2  stm32f1xx_hal_tim_ex.o(i.HAL_TIMEx_BreakCallback)
    HAL_TIMEx_CommutCallback                 0x080018bf   Thumb Code     2  stm32f1xx_hal_tim_ex.o(i.HAL_TIMEx_CommutCallback)
    HAL_TIMEx_ConfigBreakDeadTime            0x080018c1   Thumb Code    84  stm32f1xx_hal_tim_ex.o(i.HAL_TIMEx_ConfigBreakDeadTime)
    HAL_TIMEx_MasterConfigSynchronization    0x08001915   Thumb Code   104  stm32f1xx_hal_tim_ex.o(i.HAL_TIMEx_MasterConfigSynchronization)
    HAL_TIM_Base_Init                        0x08001991   Thumb Code    90  stm32f1xx_hal_tim.o(i.HAL_TIM_Base_Init)
    HAL_TIM_Base_MspInit                     0x080019ed   Thumb Code   134  tim.o(i.HAL_TIM_Base_MspInit)
    HAL_TIM_Base_Start_IT                    0x08001a7d   Thumb Code    88  stm32f1xx_hal_tim.o(i.HAL_TIM_Base_Start_IT)
    HAL_TIM_ConfigClockSource                0x08001ae9   Thumb Code   220  stm32f1xx_hal_tim.o(i.HAL_TIM_ConfigClockSource)
    HAL_TIM_IC_CaptureCallback               0x08001bc5   Thumb Code     2  stm32f1xx_hal_tim.o(i.HAL_TIM_IC_CaptureCallback)
    HAL_TIM_IRQHandler                       0x08001bc7   Thumb Code   304  stm32f1xx_hal_tim.o(i.HAL_TIM_IRQHandler)
    HAL_TIM_MspPostInit                      0x08001cf9   Thumb Code   114  tim.o(i.HAL_TIM_MspPostInit)
    HAL_TIM_OC_DelayElapsedCallback          0x08001d81   Thumb Code     2  stm32f1xx_hal_tim.o(i.HAL_TIM_OC_DelayElapsedCallback)
    HAL_TIM_PWM_ConfigChannel                0x08001d83   Thumb Code   204  stm32f1xx_hal_tim.o(i.HAL_TIM_PWM_ConfigChannel)
    HAL_TIM_PWM_Init                         0x08001e4f   Thumb Code    90  stm32f1xx_hal_tim.o(i.HAL_TIM_PWM_Init)
    HAL_TIM_PWM_MspInit                      0x08001ea9   Thumb Code     2  stm32f1xx_hal_tim.o(i.HAL_TIM_PWM_MspInit)
    HAL_TIM_PWM_PulseFinishedCallback        0x08001eab   Thumb Code     2  stm32f1xx_hal_tim.o(i.HAL_TIM_PWM_PulseFinishedCallback)
    HAL_TIM_PeriodElapsedCallback            0x08001ead   Thumb Code   230  bsp_tim.o(i.HAL_TIM_PeriodElapsedCallback)
    HAL_TIM_TriggerCallback                  0x08001fc5   Thumb Code     2  stm32f1xx_hal_tim.o(i.HAL_TIM_TriggerCallback)
    HAL_UARTEx_RxEventCallback               0x08001fc7   Thumb Code     2  stm32f1xx_hal_uart.o(i.HAL_UARTEx_RxEventCallback)
    HAL_UART_ErrorCallback                   0x08001fc9   Thumb Code     2  stm32f1xx_hal_uart.o(i.HAL_UART_ErrorCallback)
    HAL_UART_IRQHandler                      0x08001fcd   Thumb Code   616  stm32f1xx_hal_uart.o(i.HAL_UART_IRQHandler)
    HAL_UART_Init                            0x08002239   Thumb Code   100  stm32f1xx_hal_uart.o(i.HAL_UART_Init)
    HAL_UART_MspInit                         0x0800229d   Thumb Code   128  usart.o(i.HAL_UART_MspInit)
    HAL_UART_Receive_IT                      0x0800232d   Thumb Code    28  stm32f1xx_hal_uart.o(i.HAL_UART_Receive_IT)
    HAL_UART_RxCpltCallback                  0x08002349   Thumb Code    24  usart.o(i.HAL_UART_RxCpltCallback)
    HAL_UART_TxCpltCallback                  0x0800236d   Thumb Code     2  stm32f1xx_hal_uart.o(i.HAL_UART_TxCpltCallback)
    HardFault_Handler                        0x0800236f   Thumb Code     2  stm32f1xx_it.o(i.HardFault_Handler)
    I2C_R_SDA                                0x08002371   Thumb Code     8  myi2c.o(i.I2C_R_SDA)
    I2C_RecviveAck                           0x0800237d   Thumb Code    30  myi2c.o(i.I2C_RecviveAck)
    I2C_RecviveData                          0x0800239b   Thumb Code    52  myi2c.o(i.I2C_RecviveData)
    I2C_SendAck                              0x080023cf   Thumb Code    22  myi2c.o(i.I2C_SendAck)
    I2C_SendByte                             0x080023e5   Thumb Code    40  myi2c.o(i.I2C_SendByte)
    I2C_Start                                0x0800240d   Thumb Code    30  myi2c.o(i.I2C_Start)
    I2C_Stop                                 0x0800242b   Thumb Code    24  myi2c.o(i.I2C_Stop)
    I2C_W_SCL                                0x08002445   Thumb Code    10  myi2c.o(i.I2C_W_SCL)
    I2C_W_SDA                                0x08002455   Thumb Code    10  myi2c.o(i.I2C_W_SDA)
    Knob_Init                                0x08002465   Thumb Code    66  bsp_tim.o(i.Knob_Init)
    MX_GPIO_Init                             0x080024b9   Thumb Code    70  gpio.o(i.MX_GPIO_Init)
    MX_TIM1_Init                             0x08002505   Thumb Code   224  tim.o(i.MX_TIM1_Init)
    MX_TIM2_Init                             0x080025ed   Thumb Code    96  tim.o(i.MX_TIM2_Init)
    MX_USART1_UART_Init                      0x08002651   Thumb Code    48  usart.o(i.MX_USART1_UART_Init)
    MemManage_Handler                        0x08002689   Thumb Code     2  stm32f1xx_it.o(i.MemManage_Handler)
    MyI2C_Init                               0x0800268d   Thumb Code    60  myi2c.o(i.MyI2C_Init)
    NMI_Handler                              0x080026d1   Thumb Code     2  stm32f1xx_it.o(i.NMI_Handler)
    PendSV_Handler                           0x080026d3   Thumb Code     2  stm32f1xx_it.o(i.PendSV_Handler)
    SVC_Handler                              0x08002701   Thumb Code     2  stm32f1xx_it.o(i.SVC_Handler)
    Speed_PID                                0x080027a9   Thumb Code    94  bsp_pid.o(i.Speed_PID)
    SysTick_Handler                          0x08002829   Thumb Code     4  stm32f1xx_it.o(i.SysTick_Handler)
    SystemClock_Config                       0x0800282d   Thumb Code    94  main.o(i.SystemClock_Config)
    SystemInit                               0x0800288b   Thumb Code     2  system_stm32f1xx.o(i.SystemInit)
    TIM1_BRK_IRQHandler                      0x0800288d   Thumb Code     6  stm32f1xx_it.o(i.TIM1_BRK_IRQHandler)
    TIM1_CC_IRQHandler                       0x08002899   Thumb Code     6  stm32f1xx_it.o(i.TIM1_CC_IRQHandler)
    TIM1_TRG_COM_IRQHandler                  0x080028a5   Thumb Code     6  stm32f1xx_it.o(i.TIM1_TRG_COM_IRQHandler)
    TIM1_UP_IRQHandler                       0x080028b1   Thumb Code     6  stm32f1xx_it.o(i.TIM1_UP_IRQHandler)
    TIM2_IRQHandler                          0x080028bd   Thumb Code     6  stm32f1xx_it.o(i.TIM2_IRQHandler)
    TIM_Base_SetConfig                       0x080028c9   Thumb Code   134  stm32f1xx_hal_tim.o(i.TIM_Base_SetConfig)
    TIM_ETR_SetConfig                        0x08002965   Thumb Code    20  stm32f1xx_hal_tim.o(i.TIM_ETR_SetConfig)
    TIM_OC2_SetConfig                        0x080029e9   Thumb Code    98  stm32f1xx_hal_tim.o(i.TIM_OC2_SetConfig)
    UART_Start_Receive_IT                    0x08002d2d   Thumb Code    54  stm32f1xx_hal_uart.o(i.UART_Start_Receive_IT)
    USART1_IRQHandler                        0x08002d65   Thumb Code     6  stm32f1xx_it.o(i.USART1_IRQHandler)
    UsageFault_Handler                       0x08002d71   Thumb Code     2  stm32f1xx_it.o(i.UsageFault_Handler)
    Zero_Get                                 0x08002d75   Thumb Code   142  main.o(i.Zero_Get)
    __ARM_fpclassify                         0x08002e1d   Thumb Code    40  fpclassify.o(i.__ARM_fpclassify)
    __ieee754_rem_pio2                       0x08002e65   Thumb Code   828  rred.o(i.__ieee754_rem_pio2)
    __kernel_cos                             0x080031ed   Thumb Code   230  cos_i.o(i.__kernel_cos)
    __kernel_poly                            0x080032e9   Thumb Code   170  poly.o(i.__kernel_poly)
    __kernel_sin                             0x08003395   Thumb Code   224  sin_i.o(i.__kernel_sin)
    __mathlib_dbl_infnan                     0x08003481   Thumb Code     6  dunder.o(i.__mathlib_dbl_infnan)
    __mathlib_dbl_invalid                    0x08003487   Thumb Code    12  dunder.o(i.__mathlib_dbl_invalid)
    __mathlib_dbl_underflow                  0x08003495   Thumb Code    10  dunder.o(i.__mathlib_dbl_underflow)
    __mathlib_flt_invalid                    0x080034a5   Thumb Code     8  funder.o(i.__mathlib_flt_invalid)
    __scatterload_copy                       0x080034ad   Thumb Code    14  handlers.o(i.__scatterload_copy)
    __scatterload_null                       0x080034bb   Thumb Code     2  handlers.o(i.__scatterload_null)
    __scatterload_zeroinit                   0x080034bd   Thumb Code    14  handlers.o(i.__scatterload_zeroinit)
    __set_errno                              0x080034cd   Thumb Code     6  errno.o(i.__set_errno)
    cos                                      0x080034d9   Thumb Code   148  cos.o(i.cos)
    fmodf                                    0x08003575   Thumb Code   108  fmodf.o(i.fmodf)
    main                                     0x080035e1   Thumb Code    68  main.o(i.main)
    nop_delay_us                             0x0800362d   Thumb Code    52  tim.o(i.nop_delay_us)
    normalize_angle_0_2pi                    0x08003661   Thumb Code    28  bsp_tim.o(i.normalize_angle_0_2pi)
    round                                    0x08003681   Thumb Code   136  round.o(i.round)
    setPhaseVoltage_FOC2                     0x08003715   Thumb Code   686  bsp_foc.o(i.setPhaseVoltage_FOC2)
    sin                                      0x080039f1   Thumb Code   150  sin.o(i.sin)
    sqrtf                                    0x08003a91   Thumb Code    44  sqrtf.o(i.sqrtf)
    AHBPrescTable                            0x08003ace   Data          16  system_stm32f1xx.o(.constdata)
    APBPrescTable                            0x08003ade   Data           8  system_stm32f1xx.o(.constdata)
    Region$$Table$$Base                      0x08003c08   Number         0  anon$$obj.o(Region$$Table)
    Region$$Table$$Limit                     0x08003c28   Number         0  anon$$obj.o(Region$$Table)
    current_gear                             0x20000000   Data           1  main.o(.data)
    Zero_Angle                               0x20000004   Data           4  main.o(.data)
    Angle                                    0x20000008   Data           4  main.o(.data)
    Angle_ele                                0x2000000c   Data           4  main.o(.data)
    Serial_RxData                            0x20000010   Data           1  usart.o(.data)
    Serial_RxFlag                            0x20000011   Data           1  usart.o(.data)
    uwTickFreq                               0x20000014   Data           1  stm32f1xx_hal.o(.data)
    uwTickPrio                               0x20000018   Data           4  stm32f1xx_hal.o(.data)
    uwTick                                   0x2000001c   Data           4  stm32f1xx_hal.o(.data)
    SystemCoreClock                          0x20000020   Data           4  system_stm32f1xx.o(.data)
    full_rotations                           0x20000024   Data           4  as5600.o(.data)
    Last_Angle                               0x20000028   Data           4  as5600.o(.data)
    Last_Vel_ts                              0x2000002c   Data           4  as5600.o(.data)
    Vel_Last_Angle                           0x20000030   Data           4  as5600.o(.data)
    Ta                                       0x20000038   Data           4  bsp_foc.o(.data)
    Tb                                       0x2000003c   Data           4  bsp_foc.o(.data)
    Tc                                       0x20000040   Data           4  bsp_foc.o(.data)
    integral_vel_prev                        0x20000044   Data           4  bsp_pid.o(.data)
    integral_agl_prev                        0x20000048   Data           4  bsp_pid.o(.data)
    g_knob_mode                              0x2000004c   Data           1  bsp_tim.o(.data)
    Ratchet_Angle_pre                        0x20000050   Data           4  bsp_tim.o(.data)
    Ratchet_Speed_pre                        0x20000054   Data           4  bsp_tim.o(.data)
    Ratchet_target_detent                    0x20000058   Data           4  bsp_tim.o(.data)
    Damp_Angle_pre                           0x2000005c   Data           4  bsp_tim.o(.data)
    Damp_Speed_pre                           0x20000060   Data           4  bsp_tim.o(.data)
    Damp_Last_Torque                         0x20000064   Data           4  bsp_tim.o(.data)
    Speed                                    0x20000068   Data           4  bsp_tim.o(.data)
    Uq                                       0x2000006c   Data           4  bsp_tim.o(.data)
    htim1                                    0x20000074   Data          72  tim.o(.bss)
    htim2                                    0x200000bc   Data          72  tim.o(.bss)
    huart1                                   0x20000104   Data          72  usart.o(.bss)
    __initial_sp                             0x20000550   Data           0  startup_stm32f103xe.o(STACK)



==============================================================================

Memory Map of the image

  Image Entry point : 0x08000131

  Load Region LR_IROM1 (Base: 0x08000000, Size: 0x00003c9c, Max: 0x00010000, ABSOLUTE)

    Execution Region ER_IROM1 (Base: 0x08000000, Size: 0x00003c28, Max: 0x00010000, ABSOLUTE)

    Base Addr    Size         Type   Attr      Idx    E Section Name        Object

    0x08000000   0x00000130   Data   RO            3    RESET               startup_stm32f103xe.o
    0x08000130   0x00000000   Code   RO         3222  * .ARM.Collect$$$$00000000  mc_w.l(entry.o)
    0x08000130   0x00000004   Code   RO         3331    .ARM.Collect$$$$00000001  mc_w.l(entry2.o)
    0x08000134   0x00000004   Code   RO         3334    .ARM.Collect$$$$00000004  mc_w.l(entry5.o)
    0x08000138   0x00000000   Code   RO         3336    .ARM.Collect$$$$00000008  mc_w.l(entry7b.o)
    0x08000138   0x00000000   Code   RO         3338    .ARM.Collect$$$$0000000A  mc_w.l(entry8b.o)
    0x08000138   0x00000008   Code   RO         3339    .ARM.Collect$$$$0000000B  mc_w.l(entry9a.o)
    0x08000140   0x00000000   Code   RO         3341    .ARM.Collect$$$$0000000D  mc_w.l(entry10a.o)
    0x08000140   0x00000000   Code   RO         3343    .ARM.Collect$$$$0000000F  mc_w.l(entry11a.o)
    0x08000140   0x00000004   Code   RO         3332    .ARM.Collect$$$$00002712  mc_w.l(entry2.o)
    0x08000144   0x00000024   Code   RO            4    .text               startup_stm32f103xe.o
    0x08000168   0x00000020   Code   RO         3225    .text               mc_w.l(llushr.o)
    0x08000188   0x00000024   Code   RO         3227    .text               mc_w.l(memseta.o)
    0x080001ac   0x000000b0   Code   RO         3257    .text               mf_w.l(fadd.o)
    0x0800025c   0x00000064   Code   RO         3259    .text               mf_w.l(fmul.o)
    0x080002c0   0x0000007c   Code   RO         3261    .text               mf_w.l(fdiv.o)
    0x0800033c   0x00000018   Code   RO         3263    .text               mf_w.l(fscalb.o)
    0x08000354   0x0000014e   Code   RO         3265    .text               mf_w.l(dadd.o)
    0x080004a2   0x000000e4   Code   RO         3267    .text               mf_w.l(dmul.o)
    0x08000586   0x000000de   Code   RO         3269    .text               mf_w.l(ddiv.o)
    0x08000664   0x00000012   Code   RO         3271    .text               mf_w.l(fflti.o)
    0x08000676   0x0000000a   Code   RO         3273    .text               mf_w.l(ffltui.o)
    0x08000680   0x0000001a   Code   RO         3275    .text               mf_w.l(dfltui.o)
    0x0800069a   0x00000028   Code   RO         3277    .text               mf_w.l(ffixui.o)
    0x080006c2   0x0000003e   Code   RO         3279    .text               mf_w.l(dfixi.o)
    0x08000700   0x00000026   Code   RO         3281    .text               mf_w.l(f2d.o)
    0x08000726   0x00000038   Code   RO         3283    .text               mf_w.l(d2f.o)
    0x0800075e   0x00000002   PAD
    0x08000760   0x00000014   Code   RO         3285    .text               mf_w.l(cfcmple.o)
    0x08000774   0x00000014   Code   RO         3287    .text               mf_w.l(cfrcmple.o)
    0x08000788   0x0000001e   Code   RO         3350    .text               mc_w.l(llshl.o)
    0x080007a6   0x00000024   Code   RO         3352    .text               mc_w.l(llsshr.o)
    0x080007ca   0x00000000   Code   RO         3361    .text               mc_w.l(iusefp.o)
    0x080007ca   0x0000006e   Code   RO         3362    .text               mf_w.l(fepilogue.o)
    0x08000838   0x0000005e   Code   RO         3364    .text               mf_w.l(fsqrt.o)
    0x08000896   0x00000052   Code   RO         3366    .text               mf_w.l(frem.o)
    0x080008e8   0x000000ba   Code   RO         3368    .text               mf_w.l(depilogue.o)
    0x080009a2   0x00000002   PAD
    0x080009a4   0x00000088   Code   RO         3370    .text               mf_w.l(drnd.o)
    0x08000a2c   0x00000030   Code   RO         3374    .text               mf_w.l(cdcmple.o)
    0x08000a5c   0x00000030   Code   RO         3376    .text               mf_w.l(cdrcmple.o)
    0x08000a8c   0x00000024   Code   RO         3382    .text               mc_w.l(init.o)
    0x08000ab0   0x0000002e   Code   RO         3384    .text               mf_w.l(dscalb.o)
    0x08000ade   0x00000022   Code   RO         3386    .text               mf_w.l(dflti.o)
    0x08000b00   0x0000005c   Code   RO         2964    i.AS5600_GetRawData  as5600.o
    0x08000b5c   0x00000004   Code   RO         2965    i.AS5600_Init       as5600.o
    0x08000b60   0x00000020   Code   RO         3042    i.Angle_FOC         bsp_foc.o
    0x08000b80   0x00000084   Code   RO         3077    i.Angle_PID         bsp_pid.o
    0x08000c04   0x00000034   Code   RO         3104    i.Angle_difference  bsp_tim.o
    0x08000c38   0x00000020   Code   RO         3105    i.BSP_TIM2_Init     bsp_tim.o
    0x08000c58   0x000000c0   Code   RO         3106    i.Boundary_Mode_Handler  bsp_tim.o
    0x08000d18   0x00000002   Code   RO          365    i.BusFault_Handler  stm32f1xx_it.o
    0x08000d1a   0x00000002   PAD
    0x08000d1c   0x00000044   Code   RO         3107    i.Calculate_Target_Detent  bsp_tim.o
    0x08000d60   0x0000002c   Code   RO         3108    i.Damp_LPF_VELOCITY  bsp_tim.o
    0x08000d8c   0x000000a4   Code   RO         3109    i.Damp_Mode_Handler  bsp_tim.o
    0x08000e30   0x00000002   Code   RO          366    i.DebugMon_Handler  stm32f1xx_it.o
    0x08000e32   0x00000004   Code   RO           13    i.Error_Handler     main.o
    0x08000e36   0x00000002   PAD
    0x08000e38   0x0000004c   Code   RO         3043    i.FOC_PWM_Start     bsp_foc.o
    0x08000e84   0x0000005c   Code   RO         2969    i.GetAngle          as5600.o
    0x08000ee0   0x0000001c   Code   RO         2970    i.GetAngle_NoTrack  as5600.o
    0x08000efc   0x00000046   Code   RO         1891    i.HAL_DMA_Abort     stm32f1xx_hal_dma.o
    0x08000f42   0x00000002   PAD
    0x08000f44   0x00000130   Code   RO         1892    i.HAL_DMA_Abort_IT  stm32f1xx_hal_dma.o
    0x08001074   0x000001f8   Code   RO         1827    i.HAL_GPIO_Init     stm32f1xx_hal_gpio.o
    0x0800126c   0x0000000a   Code   RO         1829    i.HAL_GPIO_ReadPin  stm32f1xx_hal_gpio.o
    0x08001276   0x0000000a   Code   RO         1831    i.HAL_GPIO_WritePin  stm32f1xx_hal_gpio.o
    0x08001280   0x0000000c   Code   RO         1521    i.HAL_GetTick       stm32f1xx_hal.o
    0x0800128c   0x00000010   Code   RO         1527    i.HAL_IncTick       stm32f1xx_hal.o
    0x0800129c   0x00000024   Code   RO         1528    i.HAL_Init          stm32f1xx_hal.o
    0x080012c0   0x00000040   Code   RO         1529    i.HAL_InitTick      stm32f1xx_hal.o
    0x08001300   0x0000003c   Code   RO          477    i.HAL_MspInit       stm32f1xx_hal_msp.o
    0x0800133c   0x0000001a   Code   RO         1987    i.HAL_NVIC_EnableIRQ  stm32f1xx_hal_cortex.o
    0x08001356   0x00000002   PAD
    0x08001358   0x00000040   Code   RO         1993    i.HAL_NVIC_SetPriority  stm32f1xx_hal_cortex.o
    0x08001398   0x00000024   Code   RO         1994    i.HAL_NVIC_SetPriorityGrouping  stm32f1xx_hal_cortex.o
    0x080013bc   0x0000012c   Code   RO         1685    i.HAL_RCC_ClockConfig  stm32f1xx_hal_rcc.o
    0x080014e8   0x00000020   Code   RO         1692    i.HAL_RCC_GetPCLK1Freq  stm32f1xx_hal_rcc.o
    0x08001508   0x00000020   Code   RO         1693    i.HAL_RCC_GetPCLK2Freq  stm32f1xx_hal_rcc.o
    0x08001528   0x0000004c   Code   RO         1694    i.HAL_RCC_GetSysClockFreq  stm32f1xx_hal_rcc.o
    0x08001574   0x00000320   Code   RO         1697    i.HAL_RCC_OscConfig  stm32f1xx_hal_rcc.o
    0x08001894   0x00000028   Code   RO         1998    i.HAL_SYSTICK_Config  stm32f1xx_hal_cortex.o
    0x080018bc   0x00000002   Code   RO         1243    i.HAL_TIMEx_BreakCallback  stm32f1xx_hal_tim_ex.o
    0x080018be   0x00000002   Code   RO         1244    i.HAL_TIMEx_CommutCallback  stm32f1xx_hal_tim_ex.o
    0x080018c0   0x00000054   Code   RO         1246    i.HAL_TIMEx_ConfigBreakDeadTime  stm32f1xx_hal_tim_ex.o
    0x08001914   0x0000007c   Code   RO         1262    i.HAL_TIMEx_MasterConfigSynchronization  stm32f1xx_hal_tim_ex.o
    0x08001990   0x0000005a   Code   RO          539    i.HAL_TIM_Base_Init  stm32f1xx_hal_tim.o
    0x080019ea   0x00000002   PAD
    0x080019ec   0x00000090   Code   RO          197    i.HAL_TIM_Base_MspInit  tim.o
    0x08001a7c   0x0000006c   Code   RO          544    i.HAL_TIM_Base_Start_IT  stm32f1xx_hal_tim.o
    0x08001ae8   0x000000dc   Code   RO          548    i.HAL_TIM_ConfigClockSource  stm32f1xx_hal_tim.o
    0x08001bc4   0x00000002   Code   RO          573    i.HAL_TIM_IC_CaptureCallback  stm32f1xx_hal_tim.o
    0x08001bc6   0x00000130   Code   RO          587    i.HAL_TIM_IRQHandler  stm32f1xx_hal_tim.o
    0x08001cf6   0x00000002   PAD
    0x08001cf8   0x00000088   Code   RO          198    i.HAL_TIM_MspPostInit  tim.o
    0x08001d80   0x00000002   Code   RO          590    i.HAL_TIM_OC_DelayElapsedCallback  stm32f1xx_hal_tim.o
    0x08001d82   0x000000cc   Code   RO          611    i.HAL_TIM_PWM_ConfigChannel  stm32f1xx_hal_tim.o
    0x08001e4e   0x0000005a   Code   RO          614    i.HAL_TIM_PWM_Init  stm32f1xx_hal_tim.o
    0x08001ea8   0x00000002   Code   RO          616    i.HAL_TIM_PWM_MspInit  stm32f1xx_hal_tim.o
    0x08001eaa   0x00000002   Code   RO          617    i.HAL_TIM_PWM_PulseFinishedCallback  stm32f1xx_hal_tim.o
    0x08001eac   0x00000118   Code   RO         3110    i.HAL_TIM_PeriodElapsedCallback  bsp_tim.o
    0x08001fc4   0x00000002   Code   RO          630    i.HAL_TIM_TriggerCallback  stm32f1xx_hal_tim.o
    0x08001fc6   0x00000002   Code   RO         2499    i.HAL_UARTEx_RxEventCallback  stm32f1xx_hal_uart.o
    0x08001fc8   0x00000002   Code   RO         2513    i.HAL_UART_ErrorCallback  stm32f1xx_hal_uart.o
    0x08001fca   0x00000002   PAD
    0x08001fcc   0x0000026c   Code   RO         2516    i.HAL_UART_IRQHandler  stm32f1xx_hal_uart.o
    0x08002238   0x00000064   Code   RO         2517    i.HAL_UART_Init     stm32f1xx_hal_uart.o
    0x0800229c   0x00000090   Code   RO          263    i.HAL_UART_MspInit  usart.o
    0x0800232c   0x0000001c   Code   RO         2522    i.HAL_UART_Receive_IT  stm32f1xx_hal_uart.o
    0x08002348   0x00000024   Code   RO          264    i.HAL_UART_RxCpltCallback  usart.o
    0x0800236c   0x00000002   Code   RO         2528    i.HAL_UART_TxCpltCallback  stm32f1xx_hal_uart.o
    0x0800236e   0x00000002   Code   RO          367    i.HardFault_Handler  stm32f1xx_it.o
    0x08002370   0x0000000c   Code   RO         2888    i.I2C_R_SDA         myi2c.o
    0x0800237c   0x0000001e   Code   RO         2889    i.I2C_RecviveAck    myi2c.o
    0x0800239a   0x00000034   Code   RO         2890    i.I2C_RecviveData   myi2c.o
    0x080023ce   0x00000016   Code   RO         2891    i.I2C_SendAck       myi2c.o
    0x080023e4   0x00000028   Code   RO         2892    i.I2C_SendByte      myi2c.o
    0x0800240c   0x0000001e   Code   RO         2893    i.I2C_Start         myi2c.o
    0x0800242a   0x00000018   Code   RO         2894    i.I2C_Stop          myi2c.o
    0x08002442   0x00000002   PAD
    0x08002444   0x00000010   Code   RO         2895    i.I2C_W_SCL         myi2c.o
    0x08002454   0x00000010   Code   RO         2896    i.I2C_W_SDA         myi2c.o
    0x08002464   0x00000054   Code   RO         3111    i.Knob_Init         bsp_tim.o
    0x080024b8   0x0000004c   Code   RO          172    i.MX_GPIO_Init      gpio.o
    0x08002504   0x000000e8   Code   RO          199    i.MX_TIM1_Init      tim.o
    0x080025ec   0x00000064   Code   RO          200    i.MX_TIM2_Init      tim.o
    0x08002650   0x00000038   Code   RO          265    i.MX_USART1_UART_Init  usart.o
    0x08002688   0x00000002   Code   RO          368    i.MemManage_Handler  stm32f1xx_it.o
    0x0800268a   0x00000002   PAD
    0x0800268c   0x00000044   Code   RO         2897    i.MyI2C_Init        myi2c.o
    0x080026d0   0x00000002   Code   RO          369    i.NMI_Handler       stm32f1xx_it.o
    0x080026d2   0x00000002   Code   RO          370    i.PendSV_Handler    stm32f1xx_it.o
    0x080026d4   0x0000002c   Code   RO         3112    i.Ratchet_LPF_VELOCITY  bsp_tim.o
    0x08002700   0x00000002   Code   RO          371    i.SVC_Handler       stm32f1xx_it.o
    0x08002702   0x00000002   PAD
    0x08002704   0x000000a4   Code   RO         3114    i.Smooth_Mode_Handler  bsp_tim.o
    0x080027a8   0x00000080   Code   RO         3078    i.Speed_PID         bsp_pid.o
    0x08002828   0x00000004   Code   RO          372    i.SysTick_Handler   stm32f1xx_it.o
    0x0800282c   0x0000005e   Code   RO           14    i.SystemClock_Config  main.o
    0x0800288a   0x00000002   Code   RO         2851    i.SystemInit        system_stm32f1xx.o
    0x0800288c   0x0000000c   Code   RO          373    i.TIM1_BRK_IRQHandler  stm32f1xx_it.o
    0x08002898   0x0000000c   Code   RO          374    i.TIM1_CC_IRQHandler  stm32f1xx_it.o
    0x080028a4   0x0000000c   Code   RO          375    i.TIM1_TRG_COM_IRQHandler  stm32f1xx_it.o
    0x080028b0   0x0000000c   Code   RO          376    i.TIM1_UP_IRQHandler  stm32f1xx_it.o
    0x080028bc   0x0000000c   Code   RO          377    i.TIM2_IRQHandler   stm32f1xx_it.o
    0x080028c8   0x0000009c   Code   RO          632    i.TIM_Base_SetConfig  stm32f1xx_hal_tim.o
    0x08002964   0x00000014   Code   RO          643    i.TIM_ETR_SetConfig  stm32f1xx_hal_tim.o
    0x08002978   0x00000010   Code   RO          644    i.TIM_ITRx_SetConfig  stm32f1xx_hal_tim.o
    0x08002988   0x00000060   Code   RO          645    i.TIM_OC1_SetConfig  stm32f1xx_hal_tim.o
    0x080029e8   0x0000006c   Code   RO          646    i.TIM_OC2_SetConfig  stm32f1xx_hal_tim.o
    0x08002a54   0x00000068   Code   RO          647    i.TIM_OC3_SetConfig  stm32f1xx_hal_tim.o
    0x08002abc   0x00000050   Code   RO          648    i.TIM_OC4_SetConfig  stm32f1xx_hal_tim.o
    0x08002b0c   0x00000022   Code   RO          650    i.TIM_TI1_ConfigInputStage  stm32f1xx_hal_tim.o
    0x08002b2e   0x00000024   Code   RO          652    i.TIM_TI2_ConfigInputStage  stm32f1xx_hal_tim.o
    0x08002b52   0x00000010   Code   RO         2530    i.UART_DMAAbortOnError  stm32f1xx_hal_uart.o
    0x08002b62   0x0000004e   Code   RO         2540    i.UART_EndRxTransfer  stm32f1xx_hal_uart.o
    0x08002bb0   0x000000c2   Code   RO         2542    i.UART_Receive_IT   stm32f1xx_hal_uart.o
    0x08002c72   0x00000002   PAD
    0x08002c74   0x000000b8   Code   RO         2543    i.UART_SetConfig    stm32f1xx_hal_uart.o
    0x08002d2c   0x00000036   Code   RO         2545    i.UART_Start_Receive_IT  stm32f1xx_hal_uart.o
    0x08002d62   0x00000002   PAD
    0x08002d64   0x0000000c   Code   RO          378    i.USART1_IRQHandler  stm32f1xx_it.o
    0x08002d70   0x00000002   Code   RO          379    i.UsageFault_Handler  stm32f1xx_it.o
    0x08002d72   0x00000002   PAD
    0x08002d74   0x000000a8   Code   RO           15    i.Zero_Get          main.o
    0x08002e1c   0x00000028   Code   RO         3378    i.__ARM_fpclassify  m_ws.l(fpclassify.o)
    0x08002e44   0x00000020   Code   RO         2000    i.__NVIC_SetPriority  stm32f1xx_hal_cortex.o
    0x08002e64   0x00000388   Code   RO         3320    i.__ieee754_rem_pio2  m_ws.l(rred.o)
    0x080031ec   0x000000fc   Code   RO         3289    i.__kernel_cos      m_ws.l(cos_i.o)
    0x080032e8   0x000000aa   Code   RO         3380    i.__kernel_poly     m_ws.l(poly.o)
    0x08003392   0x00000002   PAD
    0x08003394   0x000000ec   Code   RO         3325    i.__kernel_sin      m_ws.l(sin_i.o)
    0x08003480   0x00000006   Code   RO         3293    i.__mathlib_dbl_infnan  m_ws.l(dunder.o)
    0x08003486   0x0000000c   Code   RO         3295    i.__mathlib_dbl_invalid  m_ws.l(dunder.o)
    0x08003492   0x00000002   PAD
    0x08003494   0x00000010   Code   RO         3298    i.__mathlib_dbl_underflow  m_ws.l(dunder.o)
    0x080034a4   0x00000008   Code   RO         3309    i.__mathlib_flt_invalid  m_ws.l(funder.o)
    0x080034ac   0x0000000e   Code   RO         3390    i.__scatterload_copy  mc_w.l(handlers.o)
    0x080034ba   0x00000002   Code   RO         3391    i.__scatterload_null  mc_w.l(handlers.o)
    0x080034bc   0x0000000e   Code   RO         3392    i.__scatterload_zeroinit  mc_w.l(handlers.o)
    0x080034ca   0x00000002   PAD
    0x080034cc   0x0000000c   Code   RO         3356    i.__set_errno       mc_w.l(errno.o)
    0x080034d8   0x0000009c   Code   RO         3189    i.cos               m_ws.l(cos.o)
    0x08003574   0x0000006c   Code   RO         3197    i.fmodf             m_ws.l(fmodf.o)
    0x080035e0   0x0000004c   Code   RO           16    i.main              main.o
    0x0800362c   0x00000034   Code   RO          202    i.nop_delay_us      tim.o
    0x08003660   0x00000020   Code   RO         3115    i.normalize_angle_0_2pi  bsp_tim.o
    0x08003680   0x00000094   Code   RO         3204    i.round             m_ws.l(round.o)
    0x08003714   0x000002dc   Code   RO         3044    i.setPhaseVoltage_FOC2  bsp_foc.o
    0x080039f0   0x000000a0   Code   RO         3207    i.sin               m_ws.l(sin.o)
    0x08003a90   0x0000002c   Code   RO         3215    i.sqrtf             m_ws.l(sqrtf.o)
    0x08003abc   0x00000012   Data   RO         1698    .constdata          stm32f1xx_hal_rcc.o
    0x08003ace   0x00000010   Data   RO         2852    .constdata          system_stm32f1xx.o
    0x08003ade   0x00000008   Data   RO         2853    .constdata          system_stm32f1xx.o
    0x08003ae6   0x00000002   PAD
    0x08003ae8   0x00000030   Data   RO         3290    .constdata          m_ws.l(cos_i.o)
    0x08003b18   0x000000c8   Data   RO         3322    .constdata          m_ws.l(rred.o)
    0x08003be0   0x00000028   Data   RO         3326    .constdata          m_ws.l(sin_i.o)
    0x08003c08   0x00000020   Data   RO         3388    Region$$Table       anon$$obj.o


    Execution Region RW_IRAM1 (Base: 0x20000000, Size: 0x00000550, Max: 0x00005000, ABSOLUTE)

    Base Addr    Size         Type   Attr      Idx    E Section Name        Object

    0x20000000   0x0000000c   Data   RW           18    .data               main.o
    0x2000000c   0x00000004   Data   RW           19    .data               main.o
    0x20000010   0x00000002   Data   RW          275    .data               usart.o
    0x20000012   0x00000002   PAD
    0x20000014   0x0000000c   Data   RW         1535    .data               stm32f1xx_hal.o
    0x20000020   0x00000004   Data   RW         2854    .data               system_stm32f1xx.o
    0x20000024   0x00000014   Data   RW         2974    .data               as5600.o
    0x20000038   0x0000000c   Data   RW         3045    .data               bsp_foc.o
    0x20000044   0x00000008   Data   RW         3079    .data               bsp_pid.o
    0x2000004c   0x00000024   Data   RW         3116    .data               bsp_tim.o
    0x20000070   0x00000004   Data   RW         3357    .data               mc_w.l(errno.o)
    0x20000074   0x00000090   Zero   RW          203    .bss                tim.o
    0x20000104   0x00000048   Zero   RW          274    .bss                usart.o
    0x2000014c   0x00000004   PAD
    0x20000150   0x00000400   Zero   RW            1    STACK               startup_stm32f103xe.o


==============================================================================

Image component sizes


      Code (inc. data)   RO Data    RW Data    ZI Data      Debug   Object Name

       216         18          0         20          0       3804   as5600.o
       840         64          0         12          0       2794   bsp_foc.o
       260         68          0          8          0       1726   bsp_pid.o
      1156        232          0         36          0       7711   bsp_tim.o
        76          6          0          0          0        859   gpio.o
       342         34          0         16          0     488969   main.o
       310         24          0          0          0       5280   myi2c.o
        36          8        304          0       1024        804   startup_stm32f103xe.o
       128         24          0         12          0       5921   stm32f1xx_hal.o
       198         14          0          0          0      28959   stm32f1xx_hal_cortex.o
       374          8          0          0          0       1843   stm32f1xx_hal_dma.o
       524         42          0          0          0       3543   stm32f1xx_hal_gpio.o
        60          8          0          0          0        878   stm32f1xx_hal_msp.o
      1240         84         18          0          0       5140   stm32f1xx_hal_rcc.o
      1676         78          0          0          0      14970   stm32f1xx_hal_tim.o
       212         20          0          0          0       3209   stm32f1xx_hal_tim_ex.o
      1280         10          0          0          0       8876   stm32f1xx_hal_uart.o
        92         36          0          0          0       6546   stm32f1xx_it.o
         2          0         24          4          0       1127   system_stm32f1xx.o
       664         44          0          0        144       3760   tim.o
       236         36          0          2         72       2628   usart.o

    ----------------------------------------------------------------------
      9948        858        380        112       1244     599347   Object Totals
         0          0         32          0          0          0   (incl. Generated)
        26          0          2          2          4          0   (incl. Padding)

    ----------------------------------------------------------------------

      Code (inc. data)   RO Data    RW Data    ZI Data      Debug   Library Member Name

       156          8          0          0          0        104   cos.o
       252         22         48          0          0        124   cos_i.o
        34          6          0          0          0        204   dunder.o
       108          0          0          0          0         96   fmodf.o
        40          0          0          0          0         68   fpclassify.o
         8          0          0          0          0         68   funder.o
       170          0          0          0          0         96   poly.o
       148         12          0          0          0         88   round.o
       904         76        200          0          0        140   rred.o
       160         10          0          0          0        108   sin.o
       236         12         40          0          0        128   sin_i.o
        44          0          0          0          0         80   sqrtf.o
         0          0          0          0          0          0   entry.o
         0          0          0          0          0          0   entry10a.o
         0          0          0          0          0          0   entry11a.o
         8          4          0          0          0          0   entry2.o
         4          0          0          0          0          0   entry5.o
         0          0          0          0          0          0   entry7b.o
         0          0          0          0          0          0   entry8b.o
         8          4          0          0          0          0   entry9a.o
        12          6          0          4          0         68   errno.o
        30          0          0          0          0          0   handlers.o
        36          8          0          0          0         68   init.o
         0          0          0          0          0          0   iusefp.o
        30          0          0          0          0         68   llshl.o
        36          0          0          0          0         68   llsshr.o
        32          0          0          0          0         68   llushr.o
        36          0          0          0          0        108   memseta.o
        48          0          0          0          0         68   cdcmple.o
        48          0          0          0          0         68   cdrcmple.o
        20          0          0          0          0         68   cfcmple.o
        20          0          0          0          0         68   cfrcmple.o
        56          0          0          0          0         88   d2f.o
       334          0          0          0          0        148   dadd.o
       222          0          0          0          0        100   ddiv.o
       186          0          0          0          0        176   depilogue.o
        62          0          0          0          0         80   dfixi.o
        34          0          0          0          0         76   dflti.o
        26          0          0          0          0         76   dfltui.o
       228          0          0          0          0         96   dmul.o
       136          4          0          0          0         92   drnd.o
        46          0          0          0          0         80   dscalb.o
        38          0          0          0          0         68   f2d.o
       176          0          0          0          0        140   fadd.o
       124          0          0          0          0         88   fdiv.o
       110          0          0          0          0        168   fepilogue.o
        40          0          0          0          0         68   ffixui.o
        18          0          0          0          0         68   fflti.o
        10          0          0          0          0         68   ffltui.o
       100          0          0          0          0         76   fmul.o
        82          0          0          0          0         96   frem.o
        24          0          0          0          0         68   fscalb.o
        94          0          0          0          0         96   fsqrt.o

    ----------------------------------------------------------------------
      4784        172        288          4          0       4040   Library Totals
        10          0          0          0          0          0   (incl. Padding)

    ----------------------------------------------------------------------

      Code (inc. data)   RO Data    RW Data    ZI Data      Debug   Library Name

      2260        146        288          0          0       1304   m_ws.l
       232         22          0          4          0        448   mc_w.l
      2282          4          0          0          0       2288   mf_w.l

    ----------------------------------------------------------------------
      4784        172        288          4          0       4040   Library Totals

    ----------------------------------------------------------------------

==============================================================================


      Code (inc. data)   RO Data    RW Data    ZI Data      Debug   

     14732       1030        668        116       1244     595531   Grand Totals
     14732       1030        668        116       1244     595531   ELF Image Totals
     14732       1030        668        116          0          0   ROM Totals

==============================================================================

    Total RO  Size (Code + RO Data)                15400 (  15.04kB)
    Total RW  Size (RW Data + ZI Data)              1360 (   1.33kB)
    Total ROM Size (Code + RO Data + RW Data)      15516 (  15.15kB)

==============================================================================

